ARM Linker, 4.1 [Build 894] [Standard]

==============================================================================

Section Cross References

    startup_stm32f207xx.o(RESET) refers to startup_stm32f207xx.o(STACK) for __initial_sp
    startup_stm32f207xx.o(RESET) refers to startup_stm32f207xx.o(.text) for Reset_Handler
    startup_stm32f207xx.o(RESET) refers to stm32f2xx_it.o(i.NMI_Handler) for NMI_Handler
    startup_stm32f207xx.o(RESET) refers to stm32f2xx_it.o(i.HardFault_Handler) for HardFault_Handler
    startup_stm32f207xx.o(RESET) refers to stm32f2xx_it.o(i.MemManage_Handler) for MemManage_Handler
    startup_stm32f207xx.o(RESET) refers to stm32f2xx_it.o(i.BusFault_Handler) for BusFault_Handler
    startup_stm32f207xx.o(RESET) refers to stm32f2xx_it.o(i.UsageFault_Handler) for UsageFault_Handler
    startup_stm32f207xx.o(RESET) refers to stm32f2xx_it.o(i.SVC_Handler) for SVC_Handler
    startup_stm32f207xx.o(RESET) refers to stm32f2xx_it.o(i.DebugMon_Handler) for DebugMon_Handler
    startup_stm32f207xx.o(RESET) refers to os_cpu_a.o(.text) for PendSV_Handler
    startup_stm32f207xx.o(RESET) refers to os_cpu_c.o(i.SysTick_Handler) for SysTick_Handler
    startup_stm32f207xx.o(RESET) refers to stm32f2xx_it.o(i.CAN1_RX0_IRQHandler) for CAN1_RX0_IRQHandler
    startup_stm32f207xx.o(RESET) refers to stm32f2xx_it.o(i.TIM2_IRQHandler) for TIM2_IRQHandler
    startup_stm32f207xx.o(RESET) refers to stm32f2xx_it.o(i.TIM3_IRQHandler) for TIM3_IRQHandler
    startup_stm32f207xx.o(RESET) refers to stm32f2xx_it.o(i.TIM4_IRQHandler) for TIM4_IRQHandler
    startup_stm32f207xx.o(RESET) refers to stm32f2xx_it.o(i.USART1_IRQHandler) for USART1_IRQHandler
    startup_stm32f207xx.o(RESET) refers to stm32f2xx_it.o(i.USART3_IRQHandler) for USART3_IRQHandler
    startup_stm32f207xx.o(RESET) refers to stm32f2xx_it.o(i.EXTI15_10_IRQHandler) for EXTI15_10_IRQHandler
    startup_stm32f207xx.o(RESET) refers to stm32f2xx_it.o(i.TIM5_IRQHandler) for TIM5_IRQHandler
    startup_stm32f207xx.o(RESET) refers to stm32f2xx_it.o(i.UART4_IRQHandler) for UART4_IRQHandler
    startup_stm32f207xx.o(RESET) refers to stm32f2xx_it.o(i.UART5_IRQHandler) for UART5_IRQHandler
    startup_stm32f207xx.o(RESET) refers to stm32f2xx_it.o(i.CAN2_RX1_IRQHandler) for CAN2_RX1_IRQHandler
    startup_stm32f207xx.o(RESET) refers to stm32f2xx_it.o(i.USART6_IRQHandler) for USART6_IRQHandler
    startup_stm32f207xx.o(.text) refers to system_stm32f2xx.o(i.SystemInit) for SystemInit
    startup_stm32f207xx.o(.text) refers to entry.o(.ARM.Collect$$$$00000000) for __main
    system_stm32f2xx.o(i.SystemCoreClockUpdate) refers to system_stm32f2xx.o(.data) for .data
    stm32f2xx_hal.o(i.HAL_DeInit) refers to stm32f2xx_hal_msp.o(i.HAL_MspDeInit) for HAL_MspDeInit
    stm32f2xx_hal.o(i.HAL_Delay) refers to stm32f2xx_hal.o(.data) for .data
    stm32f2xx_hal.o(i.HAL_GetTick) refers to stm32f2xx_hal.o(.data) for .data
    stm32f2xx_hal.o(i.HAL_IncTick) refers to stm32f2xx_hal.o(.data) for .data
    stm32f2xx_hal.o(i.HAL_Init) refers to stm32f2xx_hal_cortex.o(i.HAL_SYSTICK_Config) for HAL_SYSTICK_Config
    stm32f2xx_hal.o(i.HAL_Init) refers to stm32f2xx_hal_cortex.o(i.HAL_NVIC_SetPriorityGrouping) for HAL_NVIC_SetPriorityGrouping
    stm32f2xx_hal.o(i.HAL_Init) refers to stm32f2xx_hal_msp.o(i.HAL_MspInit) for HAL_MspInit
    stm32f2xx_hal_cortex.o(i.HAL_NVIC_SetPriority) refers to stm32f2xx_hal_cortex.o(i.NVIC_SetPriority) for NVIC_SetPriority
    stm32f2xx_hal_cortex.o(i.HAL_SYSTICK_Config) refers to stm32f2xx_hal_cortex.o(i.NVIC_SetPriority) for NVIC_SetPriority
    stm32f2xx_hal_cortex.o(i.HAL_SYSTICK_IRQHandler) refers to stm32f2xx_hal_cortex.o(i.HAL_SYSTICK_Callback) for HAL_SYSTICK_Callback
    stm32f2xx_hal_crc.o(i.HAL_CRC_DeInit) refers to stm32f2xx_hal_crc.o(i.HAL_CRC_MspDeInit) for HAL_CRC_MspDeInit
    stm32f2xx_hal_crc.o(i.HAL_CRC_Init) refers to stm32f2xx_hal_crc.o(i.HAL_CRC_MspInit) for HAL_CRC_MspInit
    stm32f2xx_hal_dcmi.o(i.DCMI_DMAConvCplt) refers to stm32f2xx_hal_dma_ex.o(i.HAL_DMAEx_ChangeMemory) for HAL_DMAEx_ChangeMemory
    stm32f2xx_hal_dcmi.o(i.DCMI_DMAConvCplt) refers to stm32f2xx_hal_dcmi.o(i.HAL_DCMI_FrameEventCallback) for HAL_DCMI_FrameEventCallback
    stm32f2xx_hal_dcmi.o(i.DCMI_DMAError) refers to stm32f2xx_hal_dcmi.o(i.HAL_DCMI_ErrorCallback) for HAL_DCMI_ErrorCallback
    stm32f2xx_hal_dcmi.o(i.HAL_DCMI_DeInit) refers to stm32f2xx_hal_dcmi.o(i.HAL_DCMI_MspDeInit) for HAL_DCMI_MspDeInit
    stm32f2xx_hal_dcmi.o(i.HAL_DCMI_IRQHandler) refers to stm32f2xx_hal_dma.o(i.HAL_DMA_Abort) for HAL_DMA_Abort
    stm32f2xx_hal_dcmi.o(i.HAL_DCMI_IRQHandler) refers to stm32f2xx_hal_dcmi.o(i.HAL_DCMI_ErrorCallback) for HAL_DCMI_ErrorCallback
    stm32f2xx_hal_dcmi.o(i.HAL_DCMI_IRQHandler) refers to stm32f2xx_hal_dcmi.o(i.HAL_DCMI_LineEventCallback) for HAL_DCMI_LineEventCallback
    stm32f2xx_hal_dcmi.o(i.HAL_DCMI_IRQHandler) refers to stm32f2xx_hal_dcmi.o(i.HAL_DCMI_VsyncEventCallback) for HAL_DCMI_VsyncEventCallback
[...]
    i.USART6_IRQHandler                      0x08002d24   Section        0  stm32f2xx_it.o(i.USART6_IRQHandler)
    i.UsageFault_Handler                     0x08002d30   Section        0  stm32f2xx_it.o(i.UsageFault_Handler)
    i.__scatterload_copy                     0x08002d32   Section       14  handlers.o(i.__scatterload_copy)
    i.__scatterload_null                     0x08002d40   Section        2  handlers.o(i.__scatterload_null)
    i.__scatterload_zeroinit                 0x08002d42   Section       14  handlers.o(i.__scatterload_zeroinit)
    i.dhcp_create_msg                        0x08002d50   Section        0  dhcp.o(i.dhcp_create_msg)
    dhcp_create_msg                          0x08002d51   Thumb Code   282  dhcp.o(i.dhcp_create_msg)
    i.dhcp_delete_msg                        0x08002e74   Section        0  dhcp.o(i.dhcp_delete_msg)
    dhcp_delete_msg                          0x08002e75   Thumb Code    22  dhcp.o(i.dhcp_delete_msg)
    i.dhcp_discover                          0x08002e8c   Section        0  dhcp.o(i.dhcp_discover)
    dhcp_discover                            0x08002e8d   Thumb Code   176  dhcp.o(i.dhcp_discover)
    i.dhcp_network_changed                   0x08002f40   Section        0  dhcp.o(i.dhcp_network_changed)
    i.dhcp_option                            0x08002f86   Section        0  dhcp.o(i.dhcp_option)
    dhcp_option                              0x08002f87   Thumb Code    32  dhcp.o(i.dhcp_option)
    i.dhcp_option_byte                       0x08002fa6   Section        0  dhcp.o(i.dhcp_option_byte)
    dhcp_option_byte                         0x08002fa7   Thumb Code    16  dhcp.o(i.dhcp_option_byte)
    i.dhcp_option_long                       0x08002fb6   Section        0  dhcp.o(i.dhcp_option_long)
    dhcp_option_long                         0x08002fb7   Thumb Code    66  dhcp.o(i.dhcp_option_long)
    i.dhcp_option_short                      0x08002ff8   Section        0  dhcp.o(i.dhcp_option_short)
    dhcp_option_short                        0x08002ff9   Thumb Code    34  dhcp.o(i.dhcp_option_short)
    i.dhcp_option_trailer                    0x0800301a   Section        0  dhcp.o(i.dhcp_option_trailer)
    dhcp_option_trailer                      0x0800301b   Thumb Code    44  dhcp.o(i.dhcp_option_trailer)
    i.dhcp_reboot                            0x08003048   Section        0  dhcp.o(i.dhcp_reboot)
    dhcp_reboot                              0x08003049   Thumb Code   154  dhcp.o(i.dhcp_reboot)
    i.dhcp_set_state                         0x080030e8   Section        0  dhcp.o(i.dhcp_set_state)
    dhcp_set_state                           0x080030e9   Thumb Code    16  dhcp.o(i.dhcp_set_state)
    i.etharp_cleanup_netif                   0x080030f8   Section        0  etharp.o(i.etharp_cleanup_netif)
    i.etharp_free_entry                      0x08003128   Section        0  etharp.o(i.etharp_free_entry)
    etharp_free_entry                        0x08003129   Thumb Code    50  etharp.o(i.etharp_free_entry)
    i.etharp_raw                             0x08003164   Section        0  etharp.o(i.etharp_raw)
    etharp_raw                               0x08003165   Thumb Code   160  etharp.o(i.etharp_raw)
    i.etharp_request                         0x08003204   Section        0  etharp.o(i.etharp_request)
    i.ethernetif_set_link                    0x08003228   Section        0  ethernetif.o(i.ethernetif_set_link)
    i.inet_chksum                            0x08003264   Section        0  inet_chksum.o(i.inet_chksum)
    i.ip_frag                                0x08003270   Section        0  ip_frag.o(i.ip_frag)
    i.ip_frag_free_pbuf_custom_ref           0x080033d8   Section        0  ip_frag.o(i.ip_frag_free_pbuf_custom_ref)
    ip_frag_free_pbuf_custom_ref             0x080033d9   Thumb Code     8  ip_frag.o(i.ip_frag_free_pbuf_custom_ref)
    i.ip_output_if                           0x080033e0   Section        0  ip.o(i.ip_output_if)
    i.ipfrag_free_pbuf_custom                0x08003488   Section        0  ip_frag.o(i.ipfrag_free_pbuf_custom)
    ipfrag_free_pbuf_custom                  0x08003489   Thumb Code    22  ip_frag.o(i.ipfrag_free_pbuf_custom)
    i.lwip_htonl                             0x0800349e   Section        0  def.o(i.lwip_htonl)
    i.lwip_htons                             0x080034a2   Section        0  def.o(i.lwip_htons)
    i.lwip_ntohl                             0x080034a6   Section        0  def.o(i.lwip_ntohl)
    i.lwip_ntohs                             0x080034aa   Section        0  def.o(i.lwip_ntohs)
    i.lwip_standard_chksum                   0x080034b0   Section        0  inet_chksum.o(i.lwip_standard_chksum)
    lwip_standard_chksum                     0x080034b1   Thumb Code    88  inet_chksum.o(i.lwip_standard_chksum)
    i.main                                   0x08003508   Section        0  main.o(i.main)
    i.mem_free                               0x08003574   Section        0  mem.o(i.mem_free)
    i.mem_malloc                             0x080035a0   Section        0  mem.o(i.mem_malloc)
    i.mem_trim                               0x08003644   Section        0  mem.o(i.mem_trim)
    i.memp_free                              0x08003704   Section        0  memp.o(i.memp_free)
    i.memp_malloc                            0x0800371c   Section        0  memp.o(i.memp_malloc)
    i.netif_set_down                         0x0800373c   Section        0  netif.o(i.netif_set_down)
    i.netif_set_link_down                    0x08003756   Section        0  netif.o(i.netif_set_link_down)
    i.netif_set_link_up                      0x08003770   Section        0  netif.o(i.netif_set_link_up)
    i.pbuf_alloc                             0x080037b2   Section        0  pbuf.o(i.pbuf_alloc)
    i.pbuf_alloced_custom                    0x080038c6   Section        0  pbuf.o(i.pbuf_alloced_custom)
    i.pbuf_cat                               0x0800391c   Section        0  pbuf.o(i.pbuf_cat)
    i.pbuf_chain                             0x08003944   Section        0  pbuf.o(i.pbuf_chain)
    i.pbuf_free                              0x08003956   Section        0  pbuf.o(i.pbuf_free)
    i.pbuf_header                            0x080039a8   Section        0  pbuf.o(i.pbuf_header)
    i.pbuf_realloc                           0x08003a08   Section        0  pbuf.o(i.pbuf_realloc)
    i.pbuf_ref                               0x08003a58   Section        0  pbuf.o(i.pbuf_ref)
    i.plug_holes                             0x08003a64   Section        0  mem.o(i.plug_holes)
    plug_holes                               0x08003a65   Thumb Code    78  mem.o(i.plug_holes)
    i.queue_push                             0x08003ab8   Section        0  cmd_queue.o(i.queue_push)
    i.udp_bind                               0x08003ae0   Section        0  udp.o(i.udp_bind)
    i.udp_sendto_if                          0x08003b7c   Section        0  udp.o(i.udp_sendto_if)
    .constdata                               0x08003c32   Section       16  stm32f2xx_hal_rcc.o(.constdata)
    .constdata                               0x08003c44   Section        4  ip_addr.o(.constdata)
    .constdata                               0x08003c48   Section       12  etharp.o(.constdata)
    .constdata                               0x08003c54   Section      256  os_core.o(.constdata)
    .data                                    0x20000000   Section       20  system_stm32f2xx.o(.data)
    .data                                    0x20000014   Section        4  stm32f2xx_hal.o(.data)
    uwTick                                   0x20000014   Data           4  stm32f2xx_hal.o(.data)
    .data                                    0x20000018   Section        4  dhcp.o(.data)
    xid                                      0x20000018   Data           4  dhcp.o(.data)
    .data                                    0x2000001c   Section       12  mem.o(.data)
    ram                                      0x2000001c   Data           4  mem.o(.data)
    ram_end                                  0x20000020   Data           4  mem.o(.data)
    lfree                                    0x20000024   Data           4  mem.o(.data)
    .data                                    0x20000028   Section        8  udp.o(.data)
    udp_port                                 0x20000028   Data           2  udp.o(.data)
    .data                                    0x20000030   Section       20  ip.o(.data)
    ip_id                                    0x20000030   Data           2  ip.o(.data)
    .data                                    0x20000044   Section        8  os_cpu_c.o(.data)
    OSTmrCtr                                 0x20000044   Data           2  os_cpu_c.o(.data)
    .data                                    0x2000004c   Section       60  os_core.o(.data)
    .data                                    0x20000088   Section        4  os_core.o(.data)
    .data                                    0x2000008c   Section        4  os_core.o(.data)
    .data                                    0x20000090   Section        4  os_core.o(.data)
    .data                                    0x20000094   Section        2  os_core.o(.data)
    .data                                    0x20000096   Section        2  os_core.o(.data)
    .data                                    0x20000098   Section        4  os_core.o(.data)
    .data                                    0x2000009c   Section        4  os_core.o(.data)
    .data                                    0x200000a0   Section        4  os_core.o(.data)
    .data                                    0x200000a4   Section        4  os_core.o(.data)
    .data                                    0x200000a8   Section        1  main.o(.data)
    .data                                    0x200000a9   Section        4  stm32f2xx_hal_msp.o(.data)
    bTemp                                    0x200000aa   Data           1  stm32f2xx_hal_msp.o(.data)
    Piccflag                                 0x200000ab   Data           1  stm32f2xx_hal_msp.o(.data)
    .data                                    0x200000b0   Section      148  define.o(.data)
    .data                                    0x20000144   Section        1  define.o(.data)
    .data                                    0x20000145   Section        1  define.o(.data)
    .data                                    0x20000146   Section        1  define.o(.data)
    .data                                    0x20000147   Section        1  define.o(.data)
    .data                                    0x20000148   Section        1  define.o(.data)
    .data                                    0x20000149   Section        1  define.o(.data)
    .data                                    0x2000014a   Section        1  define.o(.data)
    .data                                    0x2000014b   Section        1  define.o(.data)
    .data                                    0x2000014c   Section        1  define.o(.data)
    .data                                    0x2000014d   Section        1  define.o(.data)
    .data                                    0x2000014e   Section        2  define.o(.data)
    .data                                    0x20000150   Section        2  define.o(.data)
    .data                                    0x20000152   Section        8  define.o(.data)
    .data                                    0x2000015c   Section        4  define.o(.data)
    .data                                    0x20000160   Section        1  define.o(.data)
    .data                                    0x20000161   Section        1  define.o(.data)
    .data                                    0x20000162   Section        1  define.o(.data)
    .data                                    0x20000163   Section        1  define.o(.data)
    .data                                    0x20000164   Section        1  define.o(.data)
    .data                                    0x20000168   Section      148  hmi.o(.data)
    .data                                    0x200001fc   Section        1  usart.o(.data)
    .bss                                     0x20000200   Section     9411  memp.o(.bss)
    memp_tab                                 0x20000200   Data          40  memp.o(.bss)
    memp_memory                              0x20000228   Data        9371  memp.o(.bss)
    .bss                                     0x200026c4   Section      200  etharp.o(.bss)
    arp_table                                0x200026c4   Data         200  etharp.o(.bss)
    .bss                                     0x2000278c   Section      512  os_cpu_c.o(.bss)
    .bss                                     0x2000298c   Section     5136  os_core.o(.bss)
    .bss                                     0x20003d9c   Section       80  os_core.o(.bss)
    .bss                                     0x20003dec   Section      120  os_core.o(.bss)
    .bss                                     0x20003e64   Section       96  os_core.o(.bss)
    .bss                                     0x20003ec4   Section      640  os_core.o(.bss)
    .bss                                     0x20004144   Section      512  os_core.o(.bss)
    .bss                                     0x20004344   Section       64  os_core.o(.bss)
    .bss                                     0x20004384   Section     2124  main.o(.bss)
    .bss                                     0x20004bd0   Section       60  main.o(.bss)
    .bss                                     0x20004c0c   Section       60  main.o(.bss)
    .bss                                     0x20004c48   Section       60  main.o(.bss)
    .bss                                     0x20004c84   Section       60  main.o(.bss)
    .bss                                     0x20004cc0   Section       60  main.o(.bss)
    .bss                                     0x20004cfc   Section       60  main.o(.bss)
    .bss                                     0x20004d38   Section       60  main.o(.bss)
    .bss                                     0x20004d74   Section       60  main.o(.bss)
    .bss                                     0x20004db0   Section       60  main.o(.bss)
    .bss                                     0x20004dec   Section       64  main.o(.bss)
    .bss                                     0x20004e2c   Section       64  main.o(.bss)
    .bss                                     0x20004e6c   Section       16  stm32f2xx_hal_msp.o(.bss)
    .bss                                     0x20004e7c   Section     3444  can.o(.bss)
    TxMessage1                               0x20004e7c   Data          52  can.o(.bss)
    RxMessage1                               0x20004eb0   Data          60  can.o(.bss)
    TxMessage                                0x20004eec   Data          52  can.o(.bss)
    RxMessage                                0x20004f20   Data          60  can.o(.bss)
    .bss                                     0x20005bf0   Section       24  define.o(.bss)
    .bss                                     0x20005c08   Section      108  ic_driver.o(.bss)
    .bss                                     0x20005c74   Section      504  cmd_queue.o(.bss)
    que                                      0x20005c74   Data         504  cmd_queue.o(.bss)
    .bss                                     0x20005e6c   Section    12520  ethernetif.o(.bss)
    STACK                                    0x20008f58   Section     3328  startup_stm32f207xx.o(STACK)

    Global Symbols

    Symbol Name                              Value     Ov Type        Size  Object(Section)

    BuildAttributes$$THM_ISAv4$P$D$K$B$S$PE$A:L22UL41UL21$X:L11$S22US41US21$IEEE1$IW$USESV6$~STKCKD$USESV7$~SHL$OSPACE$EBA8$MICROLIB$REQ8$PRES8$EABIv2 0x00000000   Number         0  anon$$obj.o ABSOLUTE
    __ARM_use_no_argv                        0x00000000   Number         0  main.o ABSOLUTE
    _clock_init                               - Undefined Weak Reference
    __Vectors_Size                           0x00000188   Number         0  startup_stm32f207xx.o ABSOLUTE
    __Vectors                                0x08000000   Data           4  startup_stm32f207xx.o(RESET)
    __Vectors_End                            0x08000188   Data           0  startup_stm32f207xx.o(RESET)
    __main                                   0x08000189   Thumb Code     0  entry.o(.ARM.Collect$$$$00000000)
    _main_stk                                0x08000189   Thumb Code     0  entry2.o(.ARM.Collect$$$$00000001)
    _main_scatterload                        0x0800018d   Thumb Code     0  entry5.o(.ARM.Collect$$$$00000004)
    __main_after_scatterload                 0x08000191   Thumb Code     0  entry5.o(.ARM.Collect$$$$00000004)
    _main_clock                              0x08000191   Thumb Code     0  entry7b.o(.ARM.Collect$$$$00000008)
    _main_init                               0x08000191   Thumb Code     0  entry8.o(.ARM.Collect$$$$00000009)
    Reset_Handler                            0x0800019d   Thumb Code     8  startup_stm32f207xx.o(.text)
    ADC_IRQHandler                           0x080001b7   Thumb Code     0  startup_stm32f207xx.o(.text)
    CAN1_RX1_IRQHandler                      0x080001b7   Thumb Code     0  startup_stm32f207xx.o(.text)
    CAN1_SCE_IRQHandler                      0x080001b7   Thumb Code     0  startup_stm32f207xx.o(.text)
    CAN1_TX_IRQHandler                       0x080001b7   Thumb Code     0  startup_stm32f207xx.o(.text)
    CAN2_RX0_IRQHandler                      0x080001b7   Thumb Code     0  startup_stm32f207xx.o(.text)
    CAN2_SCE_IRQHandler                      0x080001b7   Thumb Code     0  startup_stm32f207xx.o(.text)
    CAN2_TX_IRQHandler                       0x080001b7   Thumb Code     0  startup_stm32f207xx.o(.text)
    DCMI_IRQHandler                          0x080001b7   Thumb Code     0  startup_stm32f207xx.o(.text)
    DMA1_Stream0_IRQHandler                  0x080001b7   Thumb Code     0  startup_stm32f207xx.o(.text)
    DMA1_Stream1_IRQHandler                  0x080001b7   Thumb Code     0  startup_stm32f207xx.o(.text)
    DMA1_Stream2_IRQHandler                  0x080001b7   Thumb Code     0  startup_stm32f207xx.o(.text)
    DMA1_Stream3_IRQHandler                  0x080001b7   Thumb Code     0  startup_stm32f207xx.o(.text)
    DMA1_Stream4_IRQHandler                  0x080001b7   Thumb Code     0  startup_stm32f207xx.o(.text)
    DMA1_Stream5_IRQHandler                  0x080001b7   Thumb Code     0  startup_stm32f207xx.o(.text)
    DMA1_Stream6_IRQHandler                  0x080001b7   Thumb Code     0  startup_stm32f207xx.o(.text)
    DMA1_Stream7_IRQHandler                  0x080001b7   Thumb Code     0  startup_stm32f207xx.o(.text)
    DMA2_Stream0_IRQHandler                  0x080001b7   Thumb Code     0  startup_stm32f207xx.o(.text)
    DMA2_Stream1_IRQHandler                  0x080001b7   Thumb Code     0  startup_stm32f207xx.o(.text)
    DMA2_Stream2_IRQHandler                  0x080001b7   Thumb Code     0  startup_stm32f207xx.o(.text)
    DMA2_Stream3_IRQHandler                  0x080001b7   Thumb Code     0  startup_stm32f207xx.o(.text)
    DMA2_Stream4_IRQHandler                  0x080001b7   Thumb Code     0  startup_stm32f207xx.o(.text)
    DMA2_Stream5_IRQHandler                  0x080001b7   Thumb Code     0  startup_stm32f207xx.o(.text)
    DMA2_Stream6_IRQHandler                  0x080001b7   Thumb Code     0  startup_stm32f207xx.o(.text)
    DMA2_Stream7_IRQHandler                  0x080001b7   Thumb Code     0  startup_stm32f207xx.o(.text)
    ETH_IRQHandler                           0x080001b7   Thumb Code     0  startup_stm32f207xx.o(.text)
    ETH_WKUP_IRQHandler                      0x080001b7   Thumb Code     0  startup_stm32f207xx.o(.text)
    EXTI0_IRQHandler                         0x080001b7   Thumb Code     0  startup_stm32f207xx.o(.text)
    EXTI1_IRQHandler                         0x080001b7   Thumb Code     0  startup_stm32f207xx.o(.text)
    EXTI2_IRQHandler                         0x080001b7   Thumb Code     0  startup_stm32f207xx.o(.text)
    EXTI3_IRQHandler                         0x080001b7   Thumb Code     0  startup_stm32f207xx.o(.text)
    EXTI4_IRQHandler                         0x080001b7   Thumb Code     0  startup_stm32f207xx.o(.text)
    EXTI9_5_IRQHandler                       0x080001b7   Thumb Code     0  startup_stm32f207xx.o(.text)
    FLASH_IRQHandler                         0x080001b7   Thumb Code     0  startup_stm32f207xx.o(.text)
    FMC_IRQHandler                           0x080001b7   Thumb Code     0  startup_stm32f207xx.o(.text)
    FPU_IRQHandler                           0x080001b7   Thumb Code     0  startup_stm32f207xx.o(.text)
    HASH_RNG_IRQHandler                      0x080001b7   Thumb Code     0  startup_stm32f207xx.o(.text)
    I2C1_ER_IRQHandler                       0x080001b7   Thumb Code     0  startup_stm32f207xx.o(.text)
    I2C1_EV_IRQHandler                       0x080001b7   Thumb Code     0  startup_stm32f207xx.o(.text)
    I2C2_ER_IRQHandler                       0x080001b7   Thumb Code     0  startup_stm32f207xx.o(.text)
    I2C2_EV_IRQHandler                       0x080001b7   Thumb Code     0  startup_stm32f207xx.o(.text)
    I2C3_ER_IRQHandler                       0x080001b7   Thumb Code     0  startup_stm32f207xx.o(.text)
    I2C3_EV_IRQHandler                       0x080001b7   Thumb Code     0  startup_stm32f207xx.o(.text)
    OTG_FS_IRQHandler                        0x080001b7   Thumb Code     0  startup_stm32f207xx.o(.text)
    OTG_FS_WKUP_IRQHandler                   0x080001b7   Thumb Code     0  startup_stm32f207xx.o(.text)
    OTG_HS_EP1_IN_IRQHandler                 0x080001b7   Thumb Code     0  startup_stm32f207xx.o(.text)
    OTG_HS_EP1_OUT_IRQHandler                0x080001b7   Thumb Code     0  startup_stm32f207xx.o(.text)
    OTG_HS_IRQHandler                        0x080001b7   Thumb Code     0  startup_stm32f207xx.o(.text)
    OTG_HS_WKUP_IRQHandler                   0x080001b7   Thumb Code     0  startup_stm32f207xx.o(.text)
    PVD_IRQHandler                           0x080001b7   Thumb Code     0  startup_stm32f207xx.o(.text)
    RCC_IRQHandler                           0x080001b7   Thumb Code     0  startup_stm32f207xx.o(.text)
    RTC_Alarm_IRQHandler                     0x080001b7   Thumb Code     0  startup_stm32f207xx.o(.text)
    RTC_WKUP_IRQHandler                      0x080001b7   Thumb Code     0  startup_stm32f207xx.o(.text)
    SDIO_IRQHandler                          0x080001b7   Thumb Code     0  startup_stm32f207xx.o(.text)
    SPI1_IRQHandler                          0x080001b7   Thumb Code     0  startup_stm32f207xx.o(.text)
    SPI2_IRQHandler                          0x080001b7   Thumb Code     0  startup_stm32f207xx.o(.text)
    SPI3_IRQHandler                          0x080001b7   Thumb Code     0  startup_stm32f207xx.o(.text)
    TAMP_STAMP_IRQHandler                    0x080001b7   Thumb Code     0  startup_stm32f207xx.o(.text)
    TIM1_BRK_TIM9_IRQHandler                 0x080001b7   Thumb Code     0  startup_stm32f207xx.o(.text)
    TIM1_CC_IRQHandler                       0x080001b7   Thumb Code     0  startup_stm32f207xx.o(.text)
    TIM1_TRG_COM_TIM11_IRQHandler            0x080001b7   Thumb Code     0  startup_stm32f207xx.o(.text)
    TIM1_UP_TIM10_IRQHandler                 0x080001b7   Thumb Code     0  startup_stm32f207xx.o(.text)
    TIM6_DAC_IRQHandler                      0x080001b7   Thumb Code     0  startup_stm32f207xx.o(.text)
    TIM7_IRQHandler                          0x080001b7   Thumb Code     0  startup_stm32f207xx.o(.text)
    TIM8_BRK_TIM12_IRQHandler                0x080001b7   Thumb Code     0  startup_stm32f207xx.o(.text)
    TIM8_CC_IRQHandler                       0x080001b7   Thumb Code     0  startup_stm32f207xx.o(.text)
    TIM8_TRG_COM_TIM14_IRQHandler            0x080001b7   Thumb Code     0  startup_stm32f207xx.o(.text)
    TIM8_UP_TIM13_IRQHandler                 0x080001b7   Thumb Code     0  startup_stm32f207xx.o(.text)
    USART2_IRQHandler                        0x080001b7   Thumb Code     0  startup_stm32f207xx.o(.text)
    WWDG_IRQHandler                          0x080001b7   Thumb Code     0  startup_stm32f207xx.o(.text)
    OS_CPU_SR_Save                           0x080001c1   Thumb Code     0  os_cpu_a.o(.text)
    OS_CPU_SR_Restore                        0x080001c9   Thumb Code     0  os_cpu_a.o(.text)
    OSStartHighRdy                           0x080001cf   Thumb Code     0  os_cpu_a.o(.text)
    OSCtxSw                                  0x080001f7   Thumb Code     0  os_cpu_a.o(.text)
    OSIntCtxSw                               0x08000201   Thumb Code     0  os_cpu_a.o(.text)
    PendSV_Handler                           0x0800020b   Thumb Code     0  os_cpu_a.o(.text)
    __aeabi_memcpy                           0x08000271   Thumb Code    36  memcpya.o(.text)
    __aeabi_memcpy4                          0x08000271   Thumb Code     0  memcpya.o(.text)
    __aeabi_memcpy8                          0x08000271   Thumb Code     0  memcpya.o(.text)
    __scatterload                            0x08000295   Thumb Code    28  init.o(.text)
    __scatterload_rt2                        0x08000295   Thumb Code     0  init.o(.text)
    __decompress                             0x080002b9   Thumb Code     0  __dczerorl2.o(.text)
    __decompress1                            0x080002b9   Thumb Code    92  __dczerorl2.o(.text)
    BusFault_Handler                         0x08000315   Thumb Code     2  stm32f2xx_it.o(i.BusFault_Handler)
    CAN1_RX0_IRQHandler                      0x08000319   Thumb Code     6  stm32f2xx_it.o(i.CAN1_RX0_IRQHandler)
    CAN2_RX1_IRQHandler                      0x08000325   Thumb Code     6  stm32f2xx_it.o(i.CAN2_RX1_IRQHandler)
    CANqueue_push                            0x080004bd   Thumb Code    74  can.o(i.CANqueue_push)
    DebugMon_Handler                         0x0800050d   Thumb Code     2  stm32f2xx_it.o(i.DebugMon_Handler)
    EXTI15_10_IRQHandler                     0x0800050f   Thumb Code     8  stm32f2xx_it.o(i.EXTI15_10_IRQHandler)
    HAL_CAN_IRQHandler                       0x0800066d   Thumb Code   172  stm32f2xx_hal_can.o(i.HAL_CAN_IRQHandler)
    HAL_CAN_Receive_IT                       0x08000729   Thumb Code    78  stm32f2xx_hal_can.o(i.HAL_CAN_Receive_IT)
    HAL_CAN_RxCpltCallback                   0x08000779   Thumb Code   136  stm32f2xx_hal_msp.o(i.HAL_CAN_RxCpltCallback)
    HAL_CAN_TxCpltCallback                   0x08000819   Thumb Code     2  stm32f2xx_hal_can.o(i.HAL_CAN_TxCpltCallback)
    HAL_ETH_ReadPHYRegister                  0x0800081b   Thumb Code   104  stm32f2xx_hal_eth.o(i.HAL_ETH_ReadPHYRegister)
    HAL_GPIO_EXTI_Callback                   0x08000885   Thumb Code    12  main.o(i.HAL_GPIO_EXTI_Callback)
    HAL_GPIO_EXTI_IRQHandler                 0x08000895   Thumb Code    18  stm32f2xx_hal_gpio.o(i.HAL_GPIO_EXTI_IRQHandler)
    HAL_GPIO_Init                            0x080008ad   Thumb Code   438  stm32f2xx_hal_gpio.o(i.HAL_GPIO_Init)
    HAL_GPIO_WritePin                        0x08000a99   Thumb Code    10  stm32f2xx_hal_gpio.o(i.HAL_GPIO_WritePin)
    HAL_GetTick                              0x08000aa5   Thumb Code     6  stm32f2xx_hal.o(i.HAL_GetTick)
    HAL_Init                                 0x08000ab1   Thumb Code    50  stm32f2xx_hal.o(i.HAL_Init)
    HAL_MspInit                              0x08000ae9   Thumb Code     2  stm32f2xx_hal_msp.o(i.HAL_MspInit)
    HAL_NVIC_EnableIRQ                       0x08000aeb   Thumb Code    24  stm32f2xx_hal_cortex.o(i.HAL_NVIC_EnableIRQ)
    HAL_NVIC_SetPriority                     0x08000b05   Thumb Code    60  stm32f2xx_hal_cortex.o(i.HAL_NVIC_SetPriority)
    HAL_NVIC_SetPriorityGrouping             0x08000b45   Thumb Code    26  stm32f2xx_hal_cortex.o(i.HAL_NVIC_SetPriorityGrouping)
    HAL_RCC_ClockConfig                      0x08000b69   Thumb Code   448  stm32f2xx_hal_rcc.o(i.HAL_RCC_ClockConfig)
    HAL_RCC_GetHCLKFreq                      0x08000d35   Thumb Code    38  stm32f2xx_hal_rcc.o(i.HAL_RCC_GetHCLKFreq)
    HAL_RCC_GetSysClockFreq                  0x08000d69   Thumb Code   120  stm32f2xx_hal_rcc.o(i.HAL_RCC_GetSysClockFreq)
    HAL_RCC_OscConfig                        0x08000ded   Thumb Code   776  stm32f2xx_hal_rcc.o(i.HAL_RCC_OscConfig)
    HAL_SYSTICK_Config                       0x08001109   Thumb Code    44  stm32f2xx_hal_cortex.o(i.HAL_SYSTICK_Config)
    HAL_TIMEx_BreakCallback                  0x08001135   Thumb Code     2  stm32f2xx_hal_tim_ex.o(i.HAL_TIMEx_BreakCallback)
    HAL_TIMEx_CommutationCallback            0x08001137   Thumb Code     2  stm32f2xx_hal_tim_ex.o(i.HAL_TIMEx_CommutationCallback)
    HAL_TIM_Base_Init                        0x08001139   Thumb Code    48  stm32f2xx_hal_tim.o(i.HAL_TIM_Base_Init)
    HAL_TIM_Base_MspInit                     0x08001169   Thumb Code   140  stm32f2xx_hal_msp.o(i.HAL_TIM_Base_MspInit)
    HAL_TIM_Base_Start_IT                    0x08001205   Thumb Code    24  stm32f2xx_hal_tim.o(i.HAL_TIM_Base_Start_IT)
    HAL_TIM_Base_Stop_IT                     0x0800121d   Thumb Code    42  stm32f2xx_hal_tim.o(i.HAL_TIM_Base_Stop_IT)
    HAL_TIM_IC_CaptureCallback               0x08001247   Thumb Code     2  stm32f2xx_hal_tim.o(i.HAL_TIM_IC_CaptureCallback)
    HAL_TIM_IRQHandler                       0x08001249   Thumb Code   378  stm32f2xx_hal_tim.o(i.HAL_TIM_IRQHandler)
    HAL_TIM_OC_DelayElapsedCallback          0x080013c3   Thumb Code     2  stm32f2xx_hal_tim.o(i.HAL_TIM_OC_DelayElapsedCallback)
    HAL_TIM_PWM_PulseFinishedCallback        0x080013c5   Thumb Code     2  stm32f2xx_hal_tim.o(i.HAL_TIM_PWM_PulseFinishedCallback)
    HAL_TIM_PeriodElapsedCallback            0x080013c9   Thumb Code   426  stm32f2xx_hal_msp.o(i.HAL_TIM_PeriodElapsedCallback)
    HAL_TIM_TriggerCallback                  0x08001601   Thumb Code     2  stm32f2xx_hal_tim.o(i.HAL_TIM_TriggerCallback)
    HAL_UART_ErrorCallback                   0x08001603   Thumb Code     2  stm32f2xx_hal_uart.o(i.HAL_UART_ErrorCallback)
    HAL_UART_IRQHandler                      0x08001605   Thumb Code   246  stm32f2xx_hal_uart.o(i.HAL_UART_IRQHandler)
    HAL_UART_Receive_IT                      0x080016fb   Thumb Code   106  stm32f2xx_hal_uart.o(i.HAL_UART_Receive_IT)
    HAL_UART_RxCpltCallback                  0x08001765   Thumb Code   208  stm32f2xx_hal_msp.o(i.HAL_UART_RxCpltCallback)
    HAL_UART_TxCpltCallback                  0x0800185d   Thumb Code     2  stm32f2xx_hal_msp.o(i.HAL_UART_TxCpltCallback)
    HardFault_Handler                        0x0800185f   Thumb Code     2  stm32f2xx_it.o(i.HardFault_Handler)
    LED1Task                                 0x08001861   Thumb Code    40  main.o(i.LED1Task)
    LED2Task                                 0x0800188d   Thumb Code    44  main.o(i.LED2Task)
    LED3Task                                 0x080018bd   Thumb Code    44  main.o(i.LED3Task)
    MemManage_Handler                        0x080018ed   Thumb Code     2  stm32f2xx_it.o(i.MemManage_Handler)
    NMI_Handler                              0x080018ef   Thumb Code     2  stm32f2xx_it.o(i.NMI_Handler)
    OSDebugInit                              0x08001911   Thumb Code     2  os_dbg.o(i.OSDebugInit)
    OSEventNameSet                           0x08001915   Thumb Code    58  os_core.o(i.OSEventNameSet)
    OSInit                                   0x08001955   Thumb Code   162  os_core.o(i.OSInit)
    OSInitHookBegin                          0x08001a31   Thumb Code    22  os_cpu_c.o(i.OSInitHookBegin)
    OSInitHookEnd                            0x08001a55   Thumb Code     2  os_cpu_c.o(i.OSInitHookEnd)
    OSIntExit                                0x08001a59   Thumb Code    82  os_core.o(i.OSIntExit)
    OSSchedLock                              0x08001ab5   Thumb Code    38  os_core.o(i.OSSchedLock)
    OSSchedUnlock                            0x08001ae1   Thumb Code    54  os_core.o(i.OSSchedUnlock)
    OSSemCreate                              0x08001b1d   Thumb Code    62  os_sem.o(i.OSSemCreate)
    OSSemPend                                0x08001b69   Thumb Code   174  os_sem.o(i.OSSemPend)
    OSSemPost                                0x08001c25   Thumb Code    82  os_sem.o(i.OSSemPost)
    OSStart                                  0x08001c79   Thumb Code    38  os_core.o(i.OSStart)
    OSTCBInitHook                            0x08001ca9   Thumb Code     2  os_cpu_c.o(i.OSTCBInitHook)
    OSTaskCreate                             0x08001cad   Thumb Code   124  os_task.o(i.OSTaskCreate)
    OSTaskCreateExt                          0x08001d35   Thumb Code   144  os_task.o(i.OSTaskCreateExt)
    OSTaskCreateHook                         0x08001dd1   Thumb Code     2  os_cpu_c.o(i.OSTaskCreateHook)
    OSTaskDel                                0x08001dd5   Thumb Code   280  os_task.o(i.OSTaskDel)
    OSTaskDelHook                            0x08001f19   Thumb Code     2  os_cpu_c.o(i.OSTaskDelHook)
    OSTaskIdleHook                           0x08001f1b   Thumb Code     2  os_cpu_c.o(i.OSTaskIdleHook)
    OSTaskNameSet                            0x08001f1d   Thumb Code    76  os_task.o(i.OSTaskNameSet)
    OSTaskReturnHook                         0x08001f75   Thumb Code     2  os_cpu_c.o(i.OSTaskReturnHook)
    OSTaskStatHook                           0x08001f77   Thumb Code     2  os_cpu_c.o(i.OSTaskStatHook)
    OSTaskStkChk                             0x08001f79   Thumb Code   104  os_task.o(i.OSTaskStkChk)
    OSTaskStkInit                            0x08001fe9   Thumb Code    98  os_cpu_c.o(i.OSTaskStkInit)
    OSTaskSuspend                            0x08002051   Thumb Code   136  os_task.o(i.OSTaskSuspend)
    OSTaskSwHook                             0x080020e9   Thumb Code     2  os_cpu_c.o(i.OSTaskSwHook)
    OSTimeDly                                0x080020ed   Thumb Code    88  os_time.o(i.OSTimeDly)
    OSTimeTick                               0x08002159   Thumb Code   166  os_core.o(i.OSTimeTick)
    OSTimeTickHook                           0x08002205   Thumb Code    24  os_cpu_c.o(i.OSTimeTickHook)
    OSTmrSignal                              0x08002221   Thumb Code     8  os_tmr.o(i.OSTmrSignal)
    OSTmr_Init                               0x0800222d   Thumb Code   196  os_tmr.o(i.OSTmr_Init)
    OS_Dummy                                 0x08002455   Thumb Code     2  os_core.o(i.OS_Dummy)
    OS_EventTaskRdy                          0x08002459   Thumb Code   108  os_core.o(i.OS_EventTaskRdy)
    OS_EventTaskRemove                       0x080024d1   Thumb Code    40  os_core.o(i.OS_EventTaskRemove)
    OS_EventTaskRemoveMulti                  0x080024f9   Thumb Code    48  os_core.o(i.OS_EventTaskRemoveMulti)
    OS_EventTaskWait                         0x08002529   Thumb Code    80  os_core.o(i.OS_EventTaskWait)
    OS_EventWaitListInit                     0x0800257d   Thumb Code    20  os_core.o(i.OS_EventWaitListInit)
    OS_FlagInit                              0x08002591   Thumb Code    62  os_flag.o(i.OS_FlagInit)
    OS_FlagUnlink                            0x080025dd   Thumb Code    32  os_flag.o(i.OS_FlagUnlink)
    OS_MemClr                                0x080026e5   Thumb Code    18  os_core.o(i.OS_MemClr)
    OS_MemInit                               0x080026f9   Thumb Code    64  os_mem.o(i.OS_MemInit)
    OS_QInit                                 0x08002745   Thumb Code    56  os_q.o(i.OS_QInit)
    OS_Sched                                 0x08002785   Thumb Code    64  os_core.o(i.OS_Sched)
    OS_TCBInit                               0x080027ed   Thumb Code   244  os_core.o(i.OS_TCBInit)
    OS_TaskIdle                              0x080028ed   Thumb Code    24  os_core.o(i.OS_TaskIdle)
    OS_TaskReturn                            0x08002909   Thumb Code    20  os_task.o(i.OS_TaskReturn)
    OS_TaskStat                              0x08002921   Thumb Code   100  os_core.o(i.OS_TaskStat)
    OS_TaskStatStkChk                        0x08002989   Thumb Code    50  os_core.o(i.OS_TaskStatStkChk)
    OS_TaskStkClr                            0x080029c1   Thumb Code    22  os_task.o(i.OS_TaskStkClr)
    SVC_Handler                              0x080029d7   Thumb Code     2  stm32f2xx_it.o(i.SVC_Handler)
    SYSMonitorTask                           0x080029d9   Thumb Code    54  main.o(i.SYSMonitorTask)
    SysTick_Handler                          0x08002a29   Thumb Code    30  os_cpu_c.o(i.SysTick_Handler)
    SystemInit                               0x08002a4d   Thumb Code    54  system_stm32f2xx.o(i.SystemInit)
    TIM2_IRQHandler                          0x08002a95   Thumb Code     6  stm32f2xx_it.o(i.TIM2_IRQHandler)
    TIM3_IRQHandler                          0x08002aa1   Thumb Code     6  stm32f2xx_it.o(i.TIM3_IRQHandler)
    TIM4_IRQHandler                          0x08002aad   Thumb Code     6  stm32f2xx_it.o(i.TIM4_IRQHandler)
    TIM5_IRQHandler                          0x08002ab9   Thumb Code     6  stm32f2xx_it.o(i.TIM5_IRQHandler)
    TIM_Base_SetConfig                       0x08002ac5   Thumb Code   148  stm32f2xx_hal_tim.o(i.TIM_Base_SetConfig)
    UART4_IRQHandler                         0x08002b85   Thumb Code     6  stm32f2xx_it.o(i.UART4_IRQHandler)
    UART5_IRQHandler                         0x08002b91   Thumb Code     6  stm32f2xx_it.o(i.UART5_IRQHandler)
    USART1_IRQHandler                        0x08002d0d   Thumb Code     6  stm32f2xx_it.o(i.USART1_IRQHandler)
    USART3_IRQHandler                        0x08002d19   Thumb Code     6  stm32f2xx_it.o(i.USART3_IRQHandler)
    USART6_IRQHandler                        0x08002d25   Thumb Code     6  stm32f2xx_it.o(i.USART6_IRQHandler)
    UsageFault_Handler                       0x08002d31   Thumb Code     2  stm32f2xx_it.o(i.UsageFault_Handler)
    __scatterload_copy                       0x08002d33   Thumb Code    14  handlers.o(i.__scatterload_copy)
    __scatterload_null                       0x08002d41   Thumb Code     2  handlers.o(i.__scatterload_null)
    __scatterload_zeroinit                   0x08002d43   Thumb Code    14  handlers.o(i.__scatterload_zeroinit)
    dhcp_network_changed                     0x08002f41   Thumb Code    70  dhcp.o(i.dhcp_network_changed)
    etharp_cleanup_netif                     0x080030f9   Thumb Code    42  etharp.o(i.etharp_cleanup_netif)
    etharp_request                           0x08003205   Thumb Code    32  etharp.o(i.etharp_request)
    ethernetif_set_link                      0x08003229   Thumb Code    54  ethernetif.o(i.ethernetif_set_link)
    inet_chksum                              0x08003265   Thumb Code    12  inet_chksum.o(i.inet_chksum)
    ip_frag                                  0x08003271   Thumb Code   354  ip_frag.o(i.ip_frag)
    ip_output_if                             0x080033e1   Thumb Code   164  ip.o(i.ip_output_if)
    lwip_htonl                               0x0800349f   Thumb Code     4  def.o(i.lwip_htonl)
    lwip_htons                               0x080034a3   Thumb Code     4  def.o(i.lwip_htons)
    lwip_ntohl                               0x080034a7   Thumb Code     4  def.o(i.lwip_ntohl)
    lwip_ntohs                               0x080034ab   Thumb Code     4  def.o(i.lwip_ntohs)
    main                                     0x08003509   Thumb Code   100  main.o(i.main)
    mem_free                                 0x08003575   Thumb Code    38  mem.o(i.mem_free)
    mem_malloc                               0x080035a1   Thumb Code   158  mem.o(i.mem_malloc)
    mem_trim                                 0x08003645   Thumb Code   186  mem.o(i.mem_trim)
    memp_free                                0x08003705   Thumb Code    18  memp.o(i.memp_free)
    memp_malloc                              0x0800371d   Thumb Code    28  memp.o(i.memp_malloc)
    netif_set_down                           0x0800373d   Thumb Code    26  netif.o(i.netif_set_down)
    netif_set_link_down                      0x08003757   Thumb Code    26  netif.o(i.netif_set_link_down)
    netif_set_link_up                        0x08003771   Thumb Code    66  netif.o(i.netif_set_link_up)
    pbuf_alloc                               0x080037b3   Thumb Code   276  pbuf.o(i.pbuf_alloc)
    pbuf_alloced_custom                      0x080038c7   Thumb Code    86  pbuf.o(i.pbuf_alloced_custom)
    pbuf_cat                                 0x0800391d   Thumb Code    40  pbuf.o(i.pbuf_cat)
    pbuf_chain                               0x08003945   Thumb Code    18  pbuf.o(i.pbuf_chain)
    pbuf_free                                0x08003957   Thumb Code    82  pbuf.o(i.pbuf_free)
    pbuf_header                              0x080039a9   Thumb Code    96  pbuf.o(i.pbuf_header)
    pbuf_realloc                             0x08003a09   Thumb Code    80  pbuf.o(i.pbuf_realloc)
    pbuf_ref                                 0x08003a59   Thumb Code    12  pbuf.o(i.pbuf_ref)
    queue_push                               0x08003ab9   Thumb Code    34  cmd_queue.o(i.queue_push)
    udp_bind                                 0x08003ae1   Thumb Code   152  udp.o(i.udp_bind)
    udp_sendto_if                            0x08003b7d   Thumb Code   182  udp.o(i.udp_sendto_if)
    APBAHBPrescTable                         0x08003c32   Data          16  stm32f2xx_hal_rcc.o(.constdata)
    ip_addr_broadcast                        0x08003c44   Data           4  ip_addr.o(.constdata)
    ethbroadcast                             0x08003c48   Data           6  etharp.o(.constdata)
    ethzero                                  0x08003c4e   Data           6  etharp.o(.constdata)
    OSUnMapTbl                               0x08003c54   Data         256  os_core.o(.constdata)
    Region$$Table$$Base                      0x08003d54   Number         0  anon$$obj.o(Region$$Table)
    Region$$Table$$Limit                     0x08003d74   Number         0  anon$$obj.o(Region$$Table)
    SystemCoreClock                          0x20000000   Data           4  system_stm32f2xx.o(.data)
    AHBPrescTable                            0x20000004   Data          16  system_stm32f2xx.o(.data)
    udp_pcbs                                 0x2000002c   Data           4  udp.o(.data)
    current_netif                            0x20000034   Data           4  ip.o(.data)
    current_header                           0x20000038   Data           4  ip.o(.data)
    current_iphdr_src                        0x2000003c   Data           4  ip.o(.data)
    current_iphdr_dest                       0x20000040   Data           4  ip.o(.data)
    OS_CPU_ExceptStkBase                     0x20000048   Data           4  os_cpu_c.o(.data)
    OSCPUUsage                               0x2000004c   Data           1  os_core.o(.data)
    OSStatRdy                                0x2000004d   Data           1  os_core.o(.data)
    OSIntNesting                             0x2000004e   Data           1  os_core.o(.data)
    OSLockNesting                            0x2000004f   Data           1  os_core.o(.data)
    OSPrioCur                                0x20000050   Data           1  os_core.o(.data)
    OSPrioHighRdy                            0x20000051   Data           1  os_core.o(.data)
    OSRdyGrp                                 0x20000052   Data           1  os_core.o(.data)
    OSRunning                                0x20000053   Data           1  os_core.o(.data)
    OSTaskCtr                                0x20000054   Data           1  os_core.o(.data)
    OSTickStepState                          0x20000055   Data           1  os_core.o(.data)
    OSTaskRegNextAvailID                     0x20000056   Data           1  os_core.o(.data)
    OSCtxSwCtr                               0x20000058   Data           4  os_core.o(.data)
    OSEventFreeList                          0x2000005c   Data           4  os_core.o(.data)
    OSIdleCtrMax                             0x20000060   Data           4  os_core.o(.data)
    OSIdleCtrRun                             0x20000064   Data           4  os_core.o(.data)
    OSIdleCtr                                0x20000068   Data           4  os_core.o(.data)
    OSTCBCur                                 0x2000006c   Data           4  os_core.o(.data)
    OSTCBFreeList                            0x20000070   Data           4  os_core.o(.data)
    OSTCBHighRdy                             0x20000074   Data           4  os_core.o(.data)
    OSTCBList                                0x20000078   Data           4  os_core.o(.data)
    OSTime                                   0x2000007c   Data           4  os_core.o(.data)
    OSRdyTbl                                 0x20000080   Data           8  os_core.o(.data)
    OSFlagFreeList                           0x20000088   Data           4  os_core.o(.data)
    OSMemFreeList                            0x2000008c   Data           4  os_core.o(.data)
    OSQFreeList                              0x20000090   Data           4  os_core.o(.data)
    OSTmrFree                                0x20000094   Data           2  os_core.o(.data)
    OSTmrUsed                                0x20000096   Data           2  os_core.o(.data)
    OSTmrTime                                0x20000098   Data           4  os_core.o(.data)
    OSTmrSem                                 0x2000009c   Data           4  os_core.o(.data)
    OSTmrSemSignal                           0x200000a0   Data           4  os_core.o(.data)
    OSTmrFreeList                            0x200000a4   Data           4  os_core.o(.data)
    pData                                    0x200000a8   Data           1  main.o(.data)
    tim3count                                0x200000a9   Data           1  stm32f2xx_hal_msp.o(.data)
    i                                        0x200000ac   Data           1  stm32f2xx_hal_msp.o(.data)
    FlagIfShowInformation5S                  0x200000b0   Data           1  define.o(.data)
    FlagShowInformation                      0x200000b1   Data           1  define.o(.data)
    ChargeFlag                               0x200000b2   Data           1  define.o(.data)
    ICReadFlag                               0x200000b3   Data           1  define.o(.data)
    ICWriteFlag                              0x200000b4   Data           1  define.o(.data)
    WriteBlockFlag                           0x200000b5   Data           1  define.o(.data)
    FaultOperation                           0x200000b6   Data           1  define.o(.data)
    ChargingMethod                           0x200000b7   Data           1  define.o(.data)
    ChargingMode                             0x200000b8   Data           1  define.o(.data)
    SwipingCardFlag                          0x200000b9   Data           1  define.o(.data)
    SwipingPileFlag                          0x200000ba   Data           1  define.o(.data)
    SpeechFlag                               0x200000bb   Data           1  define.o(.data)
    SpeechFlagMoney                          0x200000bc   Data           1  define.o(.data)
    SpeechFlagDeal                           0x200000bd   Data           1  define.o(.data)
    FlagOpenDoor                             0x200000be   Data           1  define.o(.data)
    FlagIfSaveData                           0x200000bf   Data           1  define.o(.data)
    FlagIfSaveToMemory                       0x200000c0   Data           1  define.o(.data)
    ubCANEventStatus                         0x200000c1   Data           1  define.o(.data)
    ubDCModue                                0x200000c2   Data           1  define.o(.data)
    SystemState                              0x200000c3   Data           1  define.o(.data)
    Timer1CountNumber                        0x200000c4   Data           1  define.o(.data)
    FlagCycle30s                             0x200000c5   Data           1  define.o(.data)
    FlagCycle10s                             0x200000c6   Data           1  define.o(.data)
    FlagCycle1s                              0x200000c7   Data           1  define.o(.data)
    FlagCycle500ms                           0x200000c8   Data           1  define.o(.data)
    PileTiltState                            0x200000c9   Data           1  define.o(.data)
    CabinDoorState                           0x200000ca   Data           1  define.o(.data)
    EmergencyStopButtonState                 0x200000cb   Data           1  define.o(.data)
    LevelState                               0x200000cc   Data           1  define.o(.data)
    PileState                                0x200000cd   Data           1  define.o(.data)
    SetKwh                                   0x200000ce   Data           2  define.o(.data)
    SetMoney                                 0x200000d0   Data           2  define.o(.data)
    SetHour                                  0x200000d2   Data           2  define.o(.data)
    SetMin                                   0x200000d4   Data           2  define.o(.data)
    SetChargeCutOffCurrent                   0x200000d6   Data           2  define.o(.data)
    uwBmsSOC                                 0x200000d8   Data           2  define.o(.data)
    uwRemainChargeTime                       0x200000da   Data           2  define.o(.data)
    SystemFaultState                         0x200000dc   Data           2  define.o(.data)
    DS18B20Temperature                       0x200000de   Data           2  define.o(.data)
    AM2321Temperature                        0x200000e0   Data           2  define.o(.data)
    Am2321Humidity                           0x200000e2   Data           2  define.o(.data)
    RecvLen                                  0x200000e4   Data           2  define.o(.data)
    DealMoneyAll                             0x200000e8   Data           4  define.o(.data)
    DealEnergy                               0x200000ec   Data           4  define.o(.data)
    uwOutputVoltageValue                     0x200000f0   Data           4  define.o(.data)
    uwOutputCurrentValue                     0x200000f4   Data           4  define.o(.data)
    ICMoney                                  0x200000f8   Data           4  define.o(.data)
    ICCard1                                  0x200000fc   Data           4  define.o(.data)
    StartICMoney                             0x20000100   Data           4  define.o(.data)
    StartICMoneyAll                          0x20000104   Data           4  define.o(.data)
    DealMoney                                0x20000108   Data           4  define.o(.data)
    StopMoneyAll                             0x2000010c   Data           4  define.o(.data)
    ACEnergy                                 0x20000110   Data           4  define.o(.data)
    StartEnergy                              0x20000114   Data           4  define.o(.data)
    StartEnergyAll                           0x20000118   Data           4  define.o(.data)
    DealEnergyAll                            0x2000011c   Data           4  define.o(.data)
    Recvdata                                 0x20000120   Data           4  define.o(.data)
    RecvIPNumber                             0x20000124   Data           4  define.o(.data)
    RTCReadBCDTime                           0x20000128   Data           7  define.o(.data)
    StartChargeBCDTime                       0x2000012f   Data           7  define.o(.data)
    StartChargeTime                          0x20000136   Data           7  define.o(.data)
    ChargeTime                               0x2000013d   Data           7  define.o(.data)
    WriteBlockTimeFlag                       0x20000144   Data           1  define.o(.data)
    FlagIfTimeout                            0x20000145   Data           1  define.o(.data)
    FlagIfDCTimeout                          0x20000146   Data           1  define.o(.data)
    ubTimeN100ms                             0x20000147   Data           1  define.o(.data)
    FlagIfCycleSend10ms                      0x20000148   Data           1  define.o(.data)
    FlagIfCycleSend50ms                      0x20000149   Data           1  define.o(.data)
    FlagIfCycleSend250ms                     0x2000014a   Data           1  define.o(.data)
    FlagIfCycleSend500ms                     0x2000014b   Data           1  define.o(.data)
    FlagIfCycleSend1000ms                    0x2000014c   Data           1  define.o(.data)
    ubCANTim3Count                           0x2000014d   Data           1  define.o(.data)
    uwCANTimeOutCount                        0x2000014e   Data           2  define.o(.data)
    uwCANDCTimeOutCount                      0x20000150   Data           2  define.o(.data)
    ubCANBuf_DC                              0x20000152   Data           8  define.o(.data)
    uCANBufID_DC                             0x2000015c   Data           4  define.o(.data)
    FlagIfSendDCMeg                          0x20000160   Data           1  define.o(.data)
    Tim3ICWaitCount                          0x20000161   Data           1  define.o(.data)
    UART5RxBuffCount                         0x20000162   Data           1  define.o(.data)
    PMCount485                               0x20000163   Data           1  define.o(.data)
    Tim4Flag                                 0x20000164   Data           1  define.o(.data)
    data_len                                 0x20000168   Data           1  hmi.o(.data)
    cmd_type                                 0x20000169   Data           1  hmi.o(.data)
    rd_len                                   0x2000016a   Data           1  hmi.o(.data)
    mainselect                               0x2000016c   Data           2  hmi.o(.data)
    automaticcharge                          0x2000016e   Data           2  hmi.o(.data)
    kwhcharge                                0x20000170   Data           2  hmi.o(.data)
    moneycharge                              0x20000172   Data           2  hmi.o(.data)
    timecharge                               0x20000174   Data           2  hmi.o(.data)
    setkwh                                   0x20000176   Data           2  hmi.o(.data)
    setmoney                                 0x20000178   Data           2  hmi.o(.data)
    sethour                                  0x2000017a   Data           2  hmi.o(.data)
    setmin                                   0x2000017c   Data           2  hmi.o(.data)
    ButtonOKChargeMode                       0x2000017e   Data           2  hmi.o(.data)
    ButtonEscChargeMode                      0x20000180   Data           2  hmi.o(.data)
    ButtonEscInsertPile                      0x20000182   Data           2  hmi.o(.data)
    TimeCountDownFlag                        0x20000184   Data           2  hmi.o(.data)
    TimeCountDownChargeMode                  0x20000186   Data           2  hmi.o(.data)
    TimeCountDownStartCard                   0x20000188   Data           2  hmi.o(.data)
    TimeCountDownInputKeyword                0x2000018a   Data           2  hmi.o(.data)
    TimeCountDownControlParaSet              0x2000018c   Data           2  hmi.o(.data)
    TimeCountDownAdministrator               0x2000018e   Data           2  hmi.o(.data)
    TimeCountDownInsertPile                  0x20000190   Data           2  hmi.o(.data)
    StopChargeFlag                           0x20000192   Data           2  hmi.o(.data)
    flag1                                    0x20000194   Data           2  hmi.o(.data)
    modelflag1                               0x20000196   Data           2  hmi.o(.data)
    cardstartflag1                           0x20000198   Data           2  hmi.o(.data)
    InsertPileFlag                           0x2000019a   Data           2  hmi.o(.data)
    Rhour                                    0x2000019c   Data           2  hmi.o(.data)
    Rmin                                     0x2000019e   Data           2  hmi.o(.data)
    ButtonEscCheckOut                        0x200001a0   Data           2  hmi.o(.data)
    CtrlParaBMS                              0x200001a2   Data           2  hmi.o(.data)
    CtrlParaManualOperation                  0x200001a4   Data           2  hmi.o(.data)
    CtrlParaCutOffCurrent                    0x200001a6   Data           2  hmi.o(.data)
    CtrlParaVoltage                          0x200001a8   Data           2  hmi.o(.data)
    CtrlParaCurrent                          0x200001aa   Data           2  hmi.o(.data)
    ButtonOkCtrlPara                         0x200001ac   Data           2  hmi.o(.data)
    ButtonESCCtrlPara                        0x200001ae   Data           2  hmi.o(.data)
    MoneyAverageElectricity                  0x200001b0   Data           2  hmi.o(.data)
    MoneyPeakElectricity                     0x200001b2   Data           2  hmi.o(.data)
    MoneyValleyElectricity                   0x200001b4   Data           2  hmi.o(.data)
    SetTimeHourStartPeakElectricity          0x200001b6   Data           2  hmi.o(.data)
    SetTimeMinStartPeakElectricity           0x200001b8   Data           2  hmi.o(.data)
    SetTimeHourStopPeakElectricity           0x200001ba   Data           2  hmi.o(.data)
    SetTimeMinStopPeakElectricity            0x200001bc   Data           2  hmi.o(.data)
    SetTimeHourStartValleyElectricity        0x200001be   Data           2  hmi.o(.data)
    SetTimeMinStartValleyElectricity         0x200001c0   Data           2  hmi.o(.data)
    SetTimeHourStopValleyElectricity         0x200001c2   Data           2  hmi.o(.data)
    SetTimeMinStopValleyElectricity          0x200001c4   Data           2  hmi.o(.data)
    SaveAdministratorParameter               0x200001c6   Data           2  hmi.o(.data)
    IPAddress1                               0x200001c8   Data           2  hmi.o(.data)
    IPAddress2                               0x200001ca   Data           2  hmi.o(.data)
    IPAddress3                               0x200001cc   Data           2  hmi.o(.data)
    IPAddress4                               0x200001ce   Data           2  hmi.o(.data)
    ButtonOKInputKeyword                     0x200001d0   Data           2  hmi.o(.data)
    ButtonEscInputKeyword                    0x200001d2   Data           2  hmi.o(.data)
    ButtonEscAdministrator                   0x200001d4   Data           2  hmi.o(.data)
    cmd_head                                 0x200001d6   Data           2  hmi.o(.data)
    adr                                      0x200001d8   Data           2  hmi.o(.data)
    tem1                                     0x200001da   Data           2  hmi.o(.data)
    tem2                                     0x200001dc   Data           2  hmi.o(.data)
    tem3                                     0x200001de   Data           2  hmi.o(.data)
    tem4                                     0x200001e0   Data           2  hmi.o(.data)
    tem5                                     0x200001e2   Data           2  hmi.o(.data)
    tem6                                     0x200001e4   Data           2  hmi.o(.data)
    KeywordSystem                            0x200001e8   Data           4  hmi.o(.data)
    KeywordInput                             0x200001ec   Data           4  hmi.o(.data)
    KeywordSet                               0x200001f0   Data           4  hmi.o(.data)
    FinalKeywordSet                          0x200001f4   Data           4  hmi.o(.data)
    msg                                      0x200001f8   Data           4  hmi.o(.data)
    aRxBuffer                                0x200001fc   Data           1  usart.o(.data)
    OS_CPU_ExceptStk                         0x2000278c   Data         512  os_cpu_c.o(.bss)
    OSEventTbl                               0x2000298c   Data        1920  os_core.o(.bss)
    OSTaskStatStk                            0x2000310c   Data         512  os_core.o(.bss)
    OSTaskIdleStk                            0x2000330c   Data         512  os_core.o(.bss)
    OSTCBPrioTbl                             0x2000350c   Data         256  os_core.o(.bss)
    OSTCBTbl                                 0x2000360c   Data        1936  os_core.o(.bss)
    OSFlagTbl                                0x20003d9c   Data          80  os_core.o(.bss)
    OSMemTbl                                 0x20003dec   Data         120  os_core.o(.bss)
    OSQTbl                                   0x20003e64   Data          96  os_core.o(.bss)
    OSTmrTbl                                 0x20003ec4   Data         640  os_core.o(.bss)
    OSTmrTaskStk                             0x20004144   Data         512  os_core.o(.bss)
    OSTmrWheelTbl                            0x20004344   Data          64  os_core.o(.bss)
    SYSMonitorTaskStack                      0x20004384   Data         512  main.o(.bss)
    LED1TaskStack                            0x20004584   Data         512  main.o(.bss)
    LED2TaskStack                            0x20004784   Data         512  main.o(.bss)
    LED3TaskStack                            0x20004984   Data         512  main.o(.bss)
    GPIO_InitStruct                          0x20004b84   Data          20  main.o(.bss)
    gnetif                                   0x20004b98   Data          56  main.o(.bss)
    TimHandle2                               0x20004bd0   Data          60  main.o(.bss)
    TimHandle3                               0x20004c0c   Data          60  main.o(.bss)
    TimHandle4                               0x20004c48   Data          60  main.o(.bss)
    TimHandle5                               0x20004c84   Data          60  main.o(.bss)
    UartHandle1                              0x20004cc0   Data          60  main.o(.bss)
    huart3                                   0x20004cfc   Data          60  main.o(.bss)
    UartHandle4                              0x20004d38   Data          60  main.o(.bss)
    UartHandle5                              0x20004d74   Data          60  main.o(.bss)
    UartHandle6                              0x20004db0   Data          60  main.o(.bss)
    CanHandleToBMS                           0x20004dec   Data          64  main.o(.bss)
    CanHandleToDC                            0x20004e2c   Data          64  main.o(.bss)
    CANBMS                                   0x20004e6c   Data          16  stm32f2xx_hal_msp.o(.bss)
    CANQueue                                 0x20004f5c   Data        3204  can.o(.bss)
    CANBMS1                                  0x20005be0   Data          16  can.o(.bss)
    UART5RxBuff                              0x20005bf0   Data          24  define.o(.bss)
    Picc                                     0x20005c08   Data          40  ic_driver.o(.bss)
    Cmd                                      0x20005c30   Data          68  ic_driver.o(.bss)
    DMARxDscrTab                             0x20005e6c   Data         128  ethernetif.o(.bss)
    DMATxDscrTab                             0x20005eec   Data         128  ethernetif.o(.bss)
    Rx_Buff                                  0x20005f6c   Data        6096  ethernetif.o(.bss)
    Tx_Buff                                  0x2000773c   Data        6096  ethernetif.o(.bss)
    EthHandle                                0x20008f0c   Data          72  ethernetif.o(.bss)
    __initial_sp                             0x20009c58   Data           0  startup_stm32f207xx.o(STACK)



==============================================================================

Memory Map of the image

  Image Entry point : 0x08000189

  Load Region LR_IROM1 (Base: 0x08000000, Size: 0x00003f74, Max: 0x00100000, ABSOLUTE, COMPRESSED[0x00003da0])

    Execution Region ER_IROM1 (Base: 0x08000000, Size: 0x00003d74, Max: 0x00100000, ABSOLUTE)

    Base Addr    Size         Type   Attr      Idx    E Section Name        Object

    0x08000000   0x00000188   Data   RO            3    RESET               startup_stm32f207xx.o
    0x08000188   0x00000000   Code   RO        10477  * .ARM.Collect$$$$00000000  mc_w.l(entry.o)
    0x08000188   0x00000004   Code   RO        10490    .ARM.Collect$$$$00000001  mc_w.l(entry2.o)
    0x0800018c   0x00000004   Code   RO        10493    .ARM.Collect$$$$00000004  mc_w.l(entry5.o)
    0x08000190   0x00000000   Code   RO        10495    .ARM.Collect$$$$00000008  mc_w.l(entry7b.o)
    0x08000190   0x00000008   Code   RO        10496    .ARM.Collect$$$$00000009  mc_w.l(entry8.o)
    0x08000198   0x00000004   Code   RO        10491    .ARM.Collect$$$$00002712  mc_w.l(entry2.o)
    0x0800019c   0x00000024   Code   RO            4    .text               startup_stm32f207xx.o
    0x080001c0   0x000000b0   Code   RO         7244    .text               os_cpu_a.o
    0x08000270   0x00000024   Code   RO        10480    .text               mc_w.l(memcpya.o)
    0x08000294   0x00000024   Code   RO        10497    .text               mc_w.l(init.o)
    0x080002b8   0x0000005c   Code   RO        10507    .text               mc_w.l(__dczerorl2.o)
    0x08000314   0x00000002   Code   RO         8296    i.BusFault_Handler  stm32f2xx_it.o
    0x08000316   0x00000002   PAD
    0x08000318   0x0000000c   Code   RO         8297    i.CAN1_RX0_IRQHandler  stm32f2xx_it.o
    0x08000324   0x0000000c   Code   RO         8298    i.CAN2_RX1_IRQHandler  stm32f2xx_it.o
    0x08000330   0x0000012c   Code   RO         2409    i.CAN_Receive_IT    stm32f2xx_hal_can.o
    0x0800045c   0x00000060   Code   RO         2410    i.CAN_Transmit_IT   stm32f2xx_hal_can.o
    0x080004bc   0x00000050   Code   RO         8556    i.CANqueue_push     can.o
    0x0800050c   0x00000002   Code   RO         8299    i.DebugMon_Handler  stm32f2xx_it.o
    0x0800050e   0x00000008   Code   RO         8300    i.EXTI15_10_IRQHandler  stm32f2xx_it.o
    0x08000516   0x00000002   PAD
    0x08000518   0x00000154   Code   RO         8186    i.GPIO_Config       main.o
    0x0800066c   0x000000bc   Code   RO         2416    i.HAL_CAN_IRQHandler  stm32f2xx_hal_can.o
    0x08000728   0x0000004e   Code   RO         2421    i.HAL_CAN_Receive_IT  stm32f2xx_hal_can.o
    0x08000776   0x00000002   PAD
    0x08000778   0x000000a0   Code   RO         8430    i.HAL_CAN_RxCpltCallback  stm32f2xx_hal_msp.o
    0x08000818   0x00000002   Code   RO         2426    i.HAL_CAN_TxCpltCallback  stm32f2xx_hal_can.o
    0x0800081a   0x00000068   Code   RO         2550    i.HAL_ETH_ReadPHYRegister  stm32f2xx_hal_eth.o
    0x08000882   0x00000002   PAD
    0x08000884   0x00000010   Code   RO         8187    i.HAL_GPIO_EXTI_Callback  main.o
    0x08000894   0x00000018   Code   RO          652    i.HAL_GPIO_EXTI_IRQHandler  stm32f2xx_hal_gpio.o
    0x080008ac   0x000001ec   Code   RO          653    i.HAL_GPIO_Init     stm32f2xx_hal_gpio.o
    0x08000a98   0x0000000a   Code   RO          656    i.HAL_GPIO_WritePin  stm32f2xx_hal_gpio.o
    0x08000aa2   0x00000002   PAD
    0x08000aa4   0x0000000c   Code   RO          232    i.HAL_GetTick       stm32f2xx_hal.o
    0x08000ab0   0x00000038   Code   RO          234    i.HAL_Init          stm32f2xx_hal.o
    0x08000ae8   0x00000002   Code   RO         8433    i.HAL_MspInit       stm32f2xx_hal_msp.o
    0x08000aea   0x00000018   Code   RO          349    i.HAL_NVIC_EnableIRQ  stm32f2xx_hal_cortex.o
    0x08000b02   0x00000002   PAD
    0x08000b04   0x00000040   Code   RO          355    i.HAL_NVIC_SetPriority  stm32f2xx_hal_cortex.o
    0x08000b44   0x00000024   Code   RO          356    i.HAL_NVIC_SetPriorityGrouping  stm32f2xx_hal_cortex.o
    0x08000b68   0x000001cc   Code   RO         1643    i.HAL_RCC_ClockConfig  stm32f2xx_hal_rcc.o
    0x08000d34   0x00000034   Code   RO         1648    i.HAL_RCC_GetHCLKFreq  stm32f2xx_hal_rcc.o
    0x08000d68   0x00000084   Code   RO         1652    i.HAL_RCC_GetSysClockFreq  stm32f2xx_hal_rcc.o
    0x08000dec   0x0000031c   Code   RO         1655    i.HAL_RCC_OscConfig  stm32f2xx_hal_rcc.o
    0x08001108   0x0000002c   Code   RO          360    i.HAL_SYSTICK_Config  stm32f2xx_hal_cortex.o
    0x08001134   0x00000002   Code   RO         4078    i.HAL_TIMEx_BreakCallback  stm32f2xx_hal_tim_ex.o
    0x08001136   0x00000002   Code   RO         4079    i.HAL_TIMEx_CommutationCallback  stm32f2xx_hal_tim_ex.o
    0x08001138   0x00000030   Code   RO         3464    i.HAL_TIM_Base_Init  stm32f2xx_hal_tim.o
    0x08001168   0x0000009c   Code   RO         8436    i.HAL_TIM_Base_MspInit  stm32f2xx_hal_msp.o
    0x08001204   0x00000018   Code   RO         3469    i.HAL_TIM_Base_Start_IT  stm32f2xx_hal_tim.o
    0x0800121c   0x0000002a   Code   RO         3472    i.HAL_TIM_Base_Stop_IT  stm32f2xx_hal_tim.o
    0x08001246   0x00000002   Code   RO         3496    i.HAL_TIM_IC_CaptureCallback  stm32f2xx_hal_tim.o
    0x08001248   0x0000017a   Code   RO         3509    i.HAL_TIM_IRQHandler  stm32f2xx_hal_tim.o
    0x080013c2   0x00000002   Code   RO         3512    i.HAL_TIM_OC_DelayElapsedCallback  stm32f2xx_hal_tim.o
    0x080013c4   0x00000002   Code   RO         3539    i.HAL_TIM_PWM_PulseFinishedCallback  stm32f2xx_hal_tim.o
    0x080013c6   0x00000002   PAD
    0x080013c8   0x00000238   Code   RO         8437    i.HAL_TIM_PeriodElapsedCallback  stm32f2xx_hal_msp.o
    0x08001600   0x00000002   Code   RO         3549    i.HAL_TIM_TriggerCallback  stm32f2xx_hal_tim.o
    0x08001602   0x00000002   Code   RO         2078    i.HAL_UART_ErrorCallback  stm32f2xx_hal_uart.o
    0x08001604   0x000000f6   Code   RO         2081    i.HAL_UART_IRQHandler  stm32f2xx_hal_uart.o
    0x080016fa   0x0000006a   Code   RO         2087    i.HAL_UART_Receive_IT  stm32f2xx_hal_uart.o
    0x08001764   0x000000f8   Code   RO         8440    i.HAL_UART_RxCpltCallback  stm32f2xx_hal_msp.o
    0x0800185c   0x00000002   Code   RO         8441    i.HAL_UART_TxCpltCallback  stm32f2xx_hal_msp.o
    0x0800185e   0x00000002   Code   RO         8301    i.HardFault_Handler  stm32f2xx_it.o
    0x08001860   0x0000002c   Code   RO         8188    i.LED1Task          main.o
    0x0800188c   0x00000030   Code   RO         8189    i.LED2Task          main.o
    0x080018bc   0x00000030   Code   RO         8190    i.LED3Task          main.o
    0x080018ec   0x00000002   Code   RO         8302    i.MemManage_Handler  stm32f2xx_it.o
    0x080018ee   0x00000002   Code   RO         8303    i.NMI_Handler       stm32f2xx_it.o
    0x080018f0   0x00000020   Code   RO          362    i.NVIC_SetPriority  stm32f2xx_hal_cortex.o
    0x08001910   0x00000002   Code   RO         7348    i.OSDebugInit       os_dbg.o
    0x08001912   0x00000002   PAD
    0x08001914   0x00000040   Code   RO         7372    i.OSEventNameSet    os_core.o
    0x08001954   0x000000dc   Code   RO         7374    i.OSInit            os_core.o
    0x08001a30   0x00000024   Code   RO         7247    i.OSInitHookBegin   os_cpu_c.o
    0x08001a54   0x00000002   Code   RO         7248    i.OSInitHookEnd     os_cpu_c.o
    0x08001a56   0x00000002   PAD
    0x08001a58   0x0000005c   Code   RO         7376    i.OSIntExit         os_core.o
    0x08001ab4   0x0000002c   Code   RO         7377    i.OSSchedLock       os_core.o
    0x08001ae0   0x0000003c   Code   RO         7378    i.OSSchedUnlock     os_core.o
    0x08001b1c   0x0000004c   Code   RO         7885    i.OSSemCreate       os_sem.o
    0x08001b68   0x000000bc   Code   RO         7887    i.OSSemPend         os_sem.o
    0x08001c24   0x00000052   Code   RO         7889    i.OSSemPost         os_sem.o
    0x08001c76   0x00000002   PAD
    0x08001c78   0x00000030   Code   RO         7379    i.OSStart           os_core.o
    0x08001ca8   0x00000002   Code   RO         7249    i.OSTCBInitHook     os_cpu_c.o
    0x08001caa   0x00000002   PAD
    0x08001cac   0x00000088   Code   RO         7939    i.OSTaskCreate      os_task.o
    0x08001d34   0x0000009c   Code   RO         7940    i.OSTaskCreateExt   os_task.o
    0x08001dd0   0x00000002   Code   RO         7250    i.OSTaskCreateHook  os_cpu_c.o
    0x08001dd2   0x00000002   PAD
    0x08001dd4   0x00000144   Code   RO         7941    i.OSTaskDel         os_task.o
    0x08001f18   0x00000002   Code   RO         7251    i.OSTaskDelHook     os_cpu_c.o
    0x08001f1a   0x00000002   Code   RO         7252    i.OSTaskIdleHook    os_cpu_c.o
    0x08001f1c   0x00000058   Code   RO         7944    i.OSTaskNameSet     os_task.o
    0x08001f74   0x00000002   Code   RO         7253    i.OSTaskReturnHook  os_cpu_c.o
    0x08001f76   0x00000002   Code   RO         7254    i.OSTaskStatHook    os_cpu_c.o
    0x08001f78   0x00000070   Code   RO         7950    i.OSTaskStkChk      os_task.o
    0x08001fe8   0x00000068   Code   RO         7255    i.OSTaskStkInit     os_cpu_c.o
    0x08002050   0x00000098   Code   RO         7951    i.OSTaskSuspend     os_task.o
    0x080020e8   0x00000002   Code   RO         7256    i.OSTaskSwHook      os_cpu_c.o
    0x080020ea   0x00000002   PAD
    0x080020ec   0x0000006c   Code   RO         8040    i.OSTimeDly         os_time.o
    0x08002158   0x000000ac   Code   RO         7381    i.OSTimeTick        os_core.o
    0x08002204   0x0000001c   Code   RO         7257    i.OSTimeTickHook    os_cpu_c.o
    0x08002220   0x0000000c   Code   RO         8080    i.OSTmrSignal       os_tmr.o
    0x0800222c   0x00000128   Code   RO         8085    i.OSTmr_Init        os_tmr.o
    0x08002354   0x00000048   Code   RO         8086    i.OSTmr_Link        os_tmr.o
    0x0800239c   0x00000078   Code   RO         8087    i.OSTmr_Task        os_tmr.o
    0x08002414   0x00000040   Code   RO         8088    i.OSTmr_Unlink      os_tmr.o
    0x08002454   0x00000002   Code   RO         7383    i.OS_Dummy          os_core.o
    0x08002456   0x00000002   PAD
    0x08002458   0x00000078   Code   RO         7384    i.OS_EventTaskRdy   os_core.o
    0x080024d0   0x00000028   Code   RO         7385    i.OS_EventTaskRemove  os_core.o
    0x080024f8   0x00000030   Code   RO         7386    i.OS_EventTaskRemoveMulti  os_core.o
    0x08002528   0x00000054   Code   RO         7387    i.OS_EventTaskWait  os_core.o
    0x0800257c   0x00000014   Code   RO         7389    i.OS_EventWaitListInit  os_core.o
    0x08002590   0x0000004c   Code   RO         7591    i.OS_FlagInit       os_flag.o
    0x080025dc   0x00000020   Code   RO         7593    i.OS_FlagUnlink     os_flag.o
    0x080025fc   0x00000058   Code   RO         7390    i.OS_InitEventList  os_core.o
    0x08002654   0x00000020   Code   RO         7391    i.OS_InitMisc       os_core.o
    0x08002674   0x00000070   Code   RO         7392    i.OS_InitTCBList    os_core.o
    0x080026e4   0x00000012   Code   RO         7393    i.OS_MemClr         os_core.o
    0x080026f6   0x00000002   PAD
    0x080026f8   0x0000004c   Code   RO         7723    i.OS_MemInit        os_mem.o
    0x08002744   0x00000040   Code   RO         7822    i.OS_QInit          os_q.o
    0x08002784   0x00000048   Code   RO         7395    i.OS_Sched          os_core.o
    0x080027cc   0x00000020   Code   RO         7396    i.OS_SchedNew       os_core.o
    0x080027ec   0x00000100   Code   RO         7398    i.OS_TCBInit        os_core.o
    0x080028ec   0x0000001c   Code   RO         7399    i.OS_TaskIdle       os_core.o
    0x08002908   0x00000018   Code   RO         7952    i.OS_TaskReturn     os_task.o
    0x08002920   0x00000068   Code   RO         7400    i.OS_TaskStat       os_core.o
    0x08002988   0x00000038   Code   RO         7401    i.OS_TaskStatStkChk  os_core.o
    0x080029c0   0x00000016   Code   RO         7953    i.OS_TaskStkClr     os_task.o
    0x080029d6   0x00000002   Code   RO         8304    i.SVC_Handler       stm32f2xx_it.o
    0x080029d8   0x00000050   Code   RO         8191    i.SYSMonitorTask    main.o
    0x08002a28   0x00000024   Code   RO         7259    i.SysTick_Handler   os_cpu_c.o
    0x08002a4c   0x00000048   Code   RO           13    i.SystemInit        system_stm32f2xx.o
    0x08002a94   0x0000000c   Code   RO         8305    i.TIM2_IRQHandler   stm32f2xx_it.o
    0x08002aa0   0x0000000c   Code   RO         8306    i.TIM3_IRQHandler   stm32f2xx_it.o
    0x08002aac   0x0000000c   Code   RO         8307    i.TIM4_IRQHandler   stm32f2xx_it.o
    0x08002ab8   0x0000000c   Code   RO         8308    i.TIM5_IRQHandler   stm32f2xx_it.o
    0x08002ac4   0x000000c0   Code   RO         3550    i.TIM_Base_SetConfig  stm32f2xx_hal_tim.o
    0x08002b84   0x0000000c   Code   RO         8309    i.UART4_IRQHandler  stm32f2xx_it.o
    0x08002b90   0x0000000c   Code   RO         8310    i.UART5_IRQHandler  stm32f2xx_it.o
    0x08002b9c   0x000000cc   Code   RO         2100    i.UART_Receive_IT   stm32f2xx_hal_uart.o
    0x08002c68   0x000000a2   Code   RO         2102    i.UART_Transmit_IT  stm32f2xx_hal_uart.o
    0x08002d0a   0x00000002   PAD
    0x08002d0c   0x0000000c   Code   RO         8311    i.USART1_IRQHandler  stm32f2xx_it.o
    0x08002d18   0x0000000c   Code   RO         8312    i.USART3_IRQHandler  stm32f2xx_it.o
    0x08002d24   0x0000000c   Code   RO         8313    i.USART6_IRQHandler  stm32f2xx_it.o
    0x08002d30   0x00000002   Code   RO         8314    i.UsageFault_Handler  stm32f2xx_it.o
    0x08002d32   0x0000000e   Code   RO        10501    i.__scatterload_copy  mc_w.l(handlers.o)
    0x08002d40   0x00000002   Code   RO        10502    i.__scatterload_null  mc_w.l(handlers.o)
    0x08002d42   0x0000000e   Code   RO        10503    i.__scatterload_zeroinit  mc_w.l(handlers.o)
    0x08002d50   0x00000124   Code   RO         5063    i.dhcp_create_msg   dhcp.o
    0x08002e74   0x00000016   Code   RO         5065    i.dhcp_delete_msg   dhcp.o
    0x08002e8a   0x00000002   PAD
    0x08002e8c   0x000000b4   Code   RO         5066    i.dhcp_discover     dhcp.o
    0x08002f40   0x00000046   Code   RO         5070    i.dhcp_network_changed  dhcp.o
    0x08002f86   0x00000020   Code   RO         5071    i.dhcp_option       dhcp.o
    0x08002fa6   0x00000010   Code   RO         5072    i.dhcp_option_byte  dhcp.o
    0x08002fb6   0x00000042   Code   RO         5073    i.dhcp_option_long  dhcp.o
    0x08002ff8   0x00000022   Code   RO         5074    i.dhcp_option_short  dhcp.o
    0x0800301a   0x0000002c   Code   RO         5075    i.dhcp_option_trailer  dhcp.o
    0x08003046   0x00000002   PAD
    0x08003048   0x000000a0   Code   RO         5078    i.dhcp_reboot       dhcp.o
    0x080030e8   0x00000010   Code   RO         5083    i.dhcp_set_state    dhcp.o
    0x080030f8   0x00000030   Code   RO         6476    i.etharp_cleanup_netif  etharp.o
    0x08003128   0x0000003c   Code   RO         6479    i.etharp_free_entry  etharp.o
    0x08003164   0x000000a0   Code   RO         6483    i.etharp_raw        etharp.o
    0x08003204   0x00000024   Code   RO         6484    i.etharp_request    etharp.o
    0x08003228   0x0000003c   Code   RO        10318    i.ethernetif_set_link  ethernetif.o
    0x08003264   0x0000000c   Code   RO         6288    i.inet_chksum       inet_chksum.o
    0x08003270   0x00000168   Code   RO         6419    i.ip_frag           ip_frag.o
    0x080033d8   0x00000008   Code   RO         6420    i.ip_frag_free_pbuf_custom_ref  ip_frag.o
    0x080033e0   0x000000a8   Code   RO         6328    i.ip_output_if      ip.o
    0x08003488   0x00000016   Code   RO         6427    i.ipfrag_free_pbuf_custom  ip_frag.o
    0x0800349e   0x00000004   Code   RO         5025    i.lwip_htonl        def.o
    0x080034a2   0x00000004   Code   RO         5026    i.lwip_htons        def.o
    0x080034a6   0x00000004   Code   RO         5027    i.lwip_ntohl        def.o
    0x080034aa   0x00000004   Code   RO         5028    i.lwip_ntohs        def.o
    0x080034ae   0x00000002   PAD
    0x080034b0   0x00000058   Code   RO         6292    i.lwip_standard_chksum  inet_chksum.o
    0x08003508   0x0000006c   Code   RO         8192    i.main              main.o
    0x08003574   0x0000002c   Code   RO         5421    i.mem_free          mem.o
    0x080035a0   0x000000a4   Code   RO         5423    i.mem_malloc        mem.o
    0x08003644   0x000000c0   Code   RO         5424    i.mem_trim          mem.o
    0x08003704   0x00000018   Code   RO         5465    i.memp_free         memp.o
    0x0800371c   0x00000020   Code   RO         5467    i.memp_malloc       memp.o
    0x0800373c   0x0000001a   Code   RO         5512    i.netif_set_down    netif.o
    0x08003756   0x0000001a   Code   RO         5516    i.netif_set_link_down  netif.o
    0x08003770   0x00000042   Code   RO         5517    i.netif_set_link_up  netif.o
    0x080037b2   0x00000114   Code   RO         5602    i.pbuf_alloc        pbuf.o
    0x080038c6   0x00000056   Code   RO         5603    i.pbuf_alloced_custom  pbuf.o
    0x0800391c   0x00000028   Code   RO         5604    i.pbuf_cat          pbuf.o
    0x08003944   0x00000012   Code   RO         5605    i.pbuf_chain        pbuf.o
    0x08003956   0x00000052   Code   RO         5611    i.pbuf_free         pbuf.o
    0x080039a8   0x00000060   Code   RO         5613    i.pbuf_header       pbuf.o
    0x08003a08   0x00000050   Code   RO         5616    i.pbuf_realloc      pbuf.o
    0x08003a58   0x0000000c   Code   RO         5617    i.pbuf_ref          pbuf.o
    0x08003a64   0x00000054   Code   RO         5425    i.plug_holes        mem.o
    0x08003ab8   0x00000028   Code   RO         9530    i.queue_push        cmd_queue.o
    0x08003ae0   0x0000009c   Code   RO         6145    i.udp_bind          udp.o
    0x08003b7c   0x000000b6   Code   RO         6155    i.udp_sendto_if     udp.o
    0x08003c32   0x00000010   Data   RO         1656    .constdata          stm32f2xx_hal_rcc.o
    0x08003c42   0x00000002   PAD
    0x08003c44   0x00000004   Data   RO         6373    .constdata          ip_addr.o
    0x08003c48   0x0000000c   Data   RO         6490    .constdata          etharp.o
    0x08003c54   0x00000100   Data   RO         7409    .constdata          os_core.o
    0x08003d54   0x00000020   Data   RO        10499    Region$$Table       anon$$obj.o


    Execution Region RW_IRAM1 (Base: 0x20000000, Size: 0x00009c58, Max: 0x00020000, ABSOLUTE, COMPRESSED[0x0000002c])

    Base Addr    Size         Type   Attr      Idx    E Section Name        Object

    0x20000000   0x00000014   Data   RW           14    .data               system_stm32f2xx.o
    0x20000014   0x00000004   Data   RW          237    .data               stm32f2xx_hal.o
    0x20000018   0x00000004   Data   RW         5089    .data               dhcp.o
    0x2000001c   0x0000000c   Data   RW         5427    .data               mem.o
    0x20000028   0x00000008   Data   RW         6156    .data               udp.o
    0x20000030   0x00000014   Data   RW         6330    .data               ip.o
    0x20000044   0x00000008   Data   RW         7261    .data               os_cpu_c.o
    0x2000004c   0x0000003c   Data   RW         7410    .data               os_core.o
    0x20000088   0x00000004   Data   RW         7411    .data               os_core.o
    0x2000008c   0x00000004   Data   RW         7412    .data               os_core.o
    0x20000090   0x00000004   Data   RW         7413    .data               os_core.o
    0x20000094   0x00000002   Data   RW         7414    .data               os_core.o
    0x20000096   0x00000002   Data   RW         7415    .data               os_core.o
    0x20000098   0x00000004   Data   RW         7416    .data               os_core.o
    0x2000009c   0x00000004   Data   RW         7417    .data               os_core.o
    0x200000a0   0x00000004   Data   RW         7418    .data               os_core.o
    0x200000a4   0x00000004   Data   RW         7419    .data               os_core.o
    0x200000a8   0x00000001   Data   RW         8212    .data               main.o
    0x200000a9   0x00000004   Data   RW         8443    .data               stm32f2xx_hal_msp.o
    0x200000ad   0x00000003   PAD
    0x200000b0   0x00000094   Data   RW         8759    .data               define.o
    0x20000144   0x00000001   Data   RW         8765    .data               define.o
    0x20000145   0x00000001   Data   RW         8843    .data               define.o
    0x20000146   0x00000001   Data   RW         8844    .data               define.o
    0x20000147   0x00000001   Data   RW         8845    .data               define.o
    0x20000148   0x00000001   Data   RW         8846    .data               define.o
    0x20000149   0x00000001   Data   RW         8847    .data               define.o
    0x2000014a   0x00000001   Data   RW         8848    .data               define.o
    0x2000014b   0x00000001   Data   RW         8849    .data               define.o
    0x2000014c   0x00000001   Data   RW         8850    .data               define.o
    0x2000014d   0x00000001   Data   RW         8851    .data               define.o
    0x2000014e   0x00000002   Data   RW         8852    .data               define.o
    0x20000150   0x00000002   Data   RW         8853    .data               define.o
    0x20000152   0x00000008   Data   RW         8875    .data               define.o
    0x2000015a   0x00000002   PAD
    0x2000015c   0x00000004   Data   RW         8877    .data               define.o
    0x20000160   0x00000001   Data   RW         8895    .data               define.o
    0x20000161   0x00000001   Data   RW         8896    .data               define.o
    0x20000162   0x00000001   Data   RW         8906    .data               define.o
    0x20000163   0x00000001   Data   RW         8924    .data               define.o
    0x20000164   0x00000001   Data   RW         8925    .data               define.o
    0x20000165   0x00000003   PAD
    0x20000168   0x00000094   Data   RW         9584    .data               hmi.o
    0x200001fc   0x00000001   Data   RW         9968    .data               usart.o
    0x200001fd   0x00000003   PAD
    0x20000200   0x000024c3   Zero   RW         5468    .bss                memp.o
    0x200026c3   0x00000001   PAD
    0x200026c4   0x000000c8   Zero   RW         6489    .bss                etharp.o
    0x2000278c   0x00000200   Zero   RW         7260    .bss                os_cpu_c.o
    0x2000298c   0x00001410   Zero   RW         7402    .bss                os_core.o
    0x20003d9c   0x00000050   Zero   RW         7403    .bss                os_core.o
    0x20003dec   0x00000078   Zero   RW         7404    .bss                os_core.o
    0x20003e64   0x00000060   Zero   RW         7405    .bss                os_core.o
    0x20003ec4   0x00000280   Zero   RW         7406    .bss                os_core.o
    0x20004144   0x00000200   Zero   RW         7407    .bss                os_core.o
    0x20004344   0x00000040   Zero   RW         7408    .bss                os_core.o
    0x20004384   0x0000084c   Zero   RW         8193    .bss                main.o
    0x20004bd0   0x0000003c   Zero   RW         8194    .bss                main.o
    0x20004c0c   0x0000003c   Zero   RW         8195    .bss                main.o
    0x20004c48   0x0000003c   Zero   RW         8196    .bss                main.o
    0x20004c84   0x0000003c   Zero   RW         8197    .bss                main.o
    0x20004cc0   0x0000003c   Zero   RW         8198    .bss                main.o
    0x20004cfc   0x0000003c   Zero   RW         8200    .bss                main.o
    0x20004d38   0x0000003c   Zero   RW         8201    .bss                main.o
    0x20004d74   0x0000003c   Zero   RW         8202    .bss                main.o
    0x20004db0   0x0000003c   Zero   RW         8203    .bss                main.o
    0x20004dec   0x00000040   Zero   RW         8205    .bss                main.o
    0x20004e2c   0x00000040   Zero   RW         8206    .bss                main.o
    0x20004e6c   0x00000010   Zero   RW         8442    .bss                stm32f2xx_hal_msp.o
    0x20004e7c   0x00000d74   Zero   RW         8560    .bss                can.o
    0x20005bf0   0x00000018   Zero   RW         8758    .bss                define.o
    0x20005c08   0x0000006c   Zero   RW         9183    .bss                ic_driver.o
    0x20005c74   0x000001f8   Zero   RW         9533    .bss                cmd_queue.o
    0x20005e6c   0x000030e8   Zero   RW        10324    .bss                ethernetif.o
    0x20008f54   0x00000004   PAD
    0x20008f58   0x00000d00   Zero   RW            1    STACK               startup_stm32f207xx.o


==============================================================================

Image component sizes


      Code (inc. data)   RO Data    RW Data    ZI Data      Debug   Object Name

         0          0          0          0          0        772   api_lib.o
        80          6          0          0       3444       3060   can.o
        40          6          0          0        504       1194   cmd_queue.o
        16          0          0          0          0       2424   def.o
         0          0          0        179         24      18397   define.o
       932         20          0          4          0      21709   dhcp.o
       304         20         12          0        200       6051   etharp.o
        60          6          0          0      12520       1584   ethernetif.o
         0          0          0        148          0       4379   hmi.o
         0          0          0          0        108        799   ic_driver.o
         0          0          0          0          0       3860   inet.o
       100          0          0          0          0       1962   inet_chksum.o
         0          0          0          0          0       4251   init.o
       168          4          0         20          0       4851   ip.o
         0          0          4          0          0       6623   ip_addr.o
       390          6          0          0          0       3990   ip_frag.o
       684         86          0          1       2792      21011   main.o
       484         24          0         12          0       4502   mem.o
        56         10          0          0       9411       3438   memp.o
       118          0          0          0          0       4303   netif.o
      1812        194        256         92       6648      24255   os_core.o
       176         36          0          0          0        408   os_cpu_a.o
       220         30          0          8        512      16740   os_cpu_c.o
         2          0          0          0          0      10418   os_dbg.o
       108         14          0          0          0       1666   os_flag.o
        76         12          0          0          0        565   os_mem.o
        64          8          0          0          0        615   os_q.o
       346         28          0          0          0       2594   os_sem.o
      1014        108          0          0          0       7032   os_task.o
       108         20          0          0          0        672   os_time.o
       564        132          0          0          0       3751   os_tmr.o
       690          0          0          0          0       6839   pbuf.o
        36          8        392          0       3328        900   startup_stm32f207xx.o
        68         12          0          4          0       2297   stm32f2xx_hal.o
       664         16          0          0          0       3811   stm32f2xx_hal_can.o
       200         24          0          0          0      27259   stm32f2xx_hal_cortex.o
       104          0          0          0          0       1802   stm32f2xx_hal_eth.o
       526         60          0          0          0       3787   stm32f2xx_hal_gpio.o
      1136        222          0          4         16       4659   stm32f2xx_hal_msp.o
      1440         58         16          0          0      28556   stm32f2xx_hal_rcc.o
       692         44          0          0          0       6794   stm32f2xx_hal_tim.o
         4          0          0          0          0       1510   stm32f2xx_hal_tim_ex.o
       720          0          0          0          0       4121   stm32f2xx_hal_uart.o
       154         66          0          0          0       7908   stm32f2xx_it.o
        72         18          0         20          0     390057   system_stm32f2xx.o
       338          4          0          8          0      11954   udp.o
         0          0          0          1          0        208   usart.o

    ----------------------------------------------------------------------
     14804       1302        714        512      39512     690338   Object Totals
         0          0         32          0          0          0   (incl. Generated)
        38          0          2         11          5          0   (incl. Padding)

    ----------------------------------------------------------------------

      Code (inc. data)   RO Data    RW Data    ZI Data      Debug   Library Member Name

        92          0          0          0          0          0   __dczerorl2.o
         0          0          0          0          0          0   entry.o
         8          4          0          0          0          0   entry2.o
         4          0          0          0          0          0   entry5.o
         0          0          0          0          0          0   entry7b.o
         8          4          0          0          0          0   entry8.o
        30          0          0          0          0          0   handlers.o
        36          8          0          0          0         68   init.o
        36          0          0          0          0         68   memcpya.o

    ----------------------------------------------------------------------
       214         16          0          0          0        136   Library Totals
         0          0          0          0          0          0   (incl. Padding)

    ----------------------------------------------------------------------

      Code (inc. data)   RO Data    RW Data    ZI Data      Debug   Library Name

       214         16          0          0          0        136   mc_w.l

    ----------------------------------------------------------------------
       214         16          0          0          0        136   Library Totals

    ----------------------------------------------------------------------

==============================================================================


      Code (inc. data)   RO Data    RW Data    ZI Data      Debug   

     15018       1318        714        512      39512     681686   Grand Totals
     15018       1318        714         44      39512     681686   ELF Image Totals (compressed)
     15018       1318        714         44          0          0   ROM Totals

==============================================================================

    Total RO  Size (Code + RO Data)                15732 (  15.36kB)
    Total RW  Size (RW Data + ZI Data)             40024 (  39.09kB)
    Total ROM Size (Code + RO Data + RW Data)      15776 (  15.41kB)

==============================================================================

