ARM Linker, 4.1 [Build 894] [Standard]

==============================================================================

Section Cross References

    startup_stm32f207xx.o(RESET) refers to startup_stm32f207xx.o(STACK) for __initial_sp
    startup_stm32f207xx.o(RESET) refers to startup_stm32f207xx.o(.text) for Reset_Handler
    startup_stm32f207xx.o(RESET) refers to stm32f2xx_it.o(i.NMI_Handler) for NMI_Handler
    startup_stm32f207xx.o(RESET) refers to stm32f2xx_it.o(i.HardFault_Handler) for HardFault_Handler
    startup_stm32f207xx.o(RESET) refers to stm32f2xx_it.o(i.MemManage_Handler) for MemManage_Handler
    startup_stm32f207xx.o(RESET) refers to stm32f2xx_it.o(i.BusFault_Handler) for BusFault_Handler
    startup_stm32f207xx.o(RESET) refers to stm32f2xx_it.o(i.UsageFault_Handler) for UsageFault_Handler
    startup_stm32f207xx.o(RESET) refers to stm32f2xx_it.o(i.SVC_Handler) for SVC_Handler
    startup_stm32f207xx.o(RESET) refers to stm32f2xx_it.o(i.DebugMon_Handler) for DebugMon_Handler
    startup_stm32f207xx.o(RESET) refers to stm32f2xx_it.o(i.SysTick_Handler) for SysTick_Handler
    startup_stm32f207xx.o(RESET) refers to stm32f2xx_it.o(i.CAN1_RX0_IRQHandler) for CAN1_RX0_IRQHandler
    startup_stm32f207xx.o(RESET) refers to stm32f2xx_it.o(i.TIM2_IRQHandler) for TIM2_IRQHandler
    startup_stm32f207xx.o(RESET) refers to stm32f2xx_it.o(i.TIM3_IRQHandler) for TIM3_IRQHandler
    startup_stm32f207xx.o(RESET) refers to stm32f2xx_it.o(i.TIM4_IRQHandler) for TIM4_IRQHandler
    startup_stm32f207xx.o(RESET) refers to stm32f2xx_it.o(i.USART1_IRQHandler) for USART1_IRQHandler
    startup_stm32f207xx.o(RESET) refers to stm32f2xx_it.o(i.USART3_IRQHandler) for USART3_IRQHandler
    startup_stm32f207xx.o(RESET) refers to stm32f2xx_it.o(i.EXTI15_10_IRQHandler) for EXTI15_10_IRQHandler
    startup_stm32f207xx.o(RESET) refers to stm32f2xx_it.o(i.TIM5_IRQHandler) for TIM5_IRQHandler
    startup_stm32f207xx.o(RESET) refers to stm32f2xx_it.o(i.UART4_IRQHandler) for UART4_IRQHandler
    startup_stm32f207xx.o(RESET) refers to stm32f2xx_it.o(i.UART5_IRQHandler) for UART5_IRQHandler
    startup_stm32f207xx.o(RESET) refers to stm32f2xx_it.o(i.CAN2_RX1_IRQHandler) for CAN2_RX1_IRQHandler
    startup_stm32f207xx.o(RESET) refers to stm32f2xx_it.o(i.USART6_IRQHandler) for USART6_IRQHandler
    startup_stm32f207xx.o(.text) refers to system_stm32f2xx.o(i.SystemInit) for SystemInit
    startup_stm32f207xx.o(.text) refers to entry.o(.ARM.Collect$$$$00000000) for __main
    system_stm32f2xx.o(i.SystemCoreClockUpdate) refers to system_stm32f2xx.o(.data) for .data
    stm32f2xx_hal.o(i.HAL_DeInit) refers to stm32f2xx_hal_msp.o(i.HAL_MspDeInit) for HAL_MspDeInit
    stm32f2xx_hal.o(i.HAL_Delay) refers to stm32f2xx_hal.o(.data) for .data
    stm32f2xx_hal.o(i.HAL_GetTick) refers to stm32f2xx_hal.o(.data) for .data
    stm32f2xx_hal.o(i.HAL_IncTick) refers to stm32f2xx_hal.o(.data) for .data
    stm32f2xx_hal.o(i.HAL_Init) refers to stm32f2xx_hal_cortex.o(i.HAL_SYSTICK_Config) for HAL_SYSTICK_Config
    stm32f2xx_hal.o(i.HAL_Init) refers to stm32f2xx_hal_cortex.o(i.HAL_NVIC_SetPriorityGrouping) for HAL_NVIC_SetPriorityGrouping
    stm32f2xx_hal.o(i.HAL_Init) refers to stm32f2xx_hal_msp.o(i.HAL_MspInit) for HAL_MspInit
    stm32f2xx_hal_cortex.o(i.HAL_NVIC_SetPriority) refers to stm32f2xx_hal_cortex.o(i.NVIC_SetPriority) for NVIC_SetPriority
    stm32f2xx_hal_cortex.o(i.HAL_SYSTICK_Config) refers to stm32f2xx_hal_cortex.o(i.NVIC_SetPriority) for NVIC_SetPriority
    stm32f2xx_hal_cortex.o(i.HAL_SYSTICK_IRQHandler) refers to stm32f2xx_hal_cortex.o(i.HAL_SYSTICK_Callback) for HAL_SYSTICK_Callback
    stm32f2xx_hal_crc.o(i.HAL_CRC_DeInit) refers to stm32f2xx_hal_crc.o(i.HAL_CRC_MspDeInit) for HAL_CRC_MspDeInit
    stm32f2xx_hal_crc.o(i.HAL_CRC_Init) refers to stm32f2xx_hal_crc.o(i.HAL_CRC_MspInit) for HAL_CRC_MspInit
    stm32f2xx_hal_dcmi.o(i.DCMI_DMAConvCplt) refers to stm32f2xx_hal_dma_ex.o(i.HAL_DMAEx_ChangeMemory) for HAL_DMAEx_ChangeMemory
    stm32f2xx_hal_dcmi.o(i.DCMI_DMAConvCplt) refers to stm32f2xx_hal_dcmi.o(i.HAL_DCMI_FrameEventCallback) for HAL_DCMI_FrameEventCallback
    stm32f2xx_hal_dcmi.o(i.DCMI_DMAError) refers to stm32f2xx_hal_dcmi.o(i.HAL_DCMI_ErrorCallback) for HAL_DCMI_ErrorCallback
    stm32f2xx_hal_dcmi.o(i.HAL_DCMI_DeInit) refers to stm32f2xx_hal_dcmi.o(i.HAL_DCMI_MspDeInit) for HAL_DCMI_MspDeInit
    stm32f2xx_hal_dcmi.o(i.HAL_DCMI_IRQHandler) refers to stm32f2xx_hal_dma.o(i.HAL_DMA_Abort) for HAL_DMA_Abort
    stm32f2xx_hal_dcmi.o(i.HAL_DCMI_IRQHandler) refers to stm32f2xx_hal_dcmi.o(i.HAL_DCMI_ErrorCallback) for HAL_DCMI_ErrorCallback
    stm32f2xx_hal_dcmi.o(i.HAL_DCMI_IRQHandler) refers to stm32f2xx_hal_dcmi.o(i.HAL_DCMI_LineEventCallback) for HAL_DCMI_LineEventCallback
    stm32f2xx_hal_dcmi.o(i.HAL_DCMI_IRQHandler) refers to stm32f2xx_hal_dcmi.o(i.HAL_DCMI_VsyncEventCallback) for HAL_DCMI_VsyncEventCallback
[...]
    HAL_CAN_RxCpltCallback                   0x08001211   Thumb Code   136  stm32f2xx_hal_msp.o(i.HAL_CAN_RxCpltCallback)
    HAL_CAN_TxCpltCallback                   0x080012b1   Thumb Code     2  stm32f2xx_hal_can.o(i.HAL_CAN_TxCpltCallback)
    HAL_Delay                                0x080012b5   Thumb Code    14  stm32f2xx_hal.o(i.HAL_Delay)
    HAL_Delay1us                             0x080012c9   Thumb Code    26  define.o(i.HAL_Delay1us)
    HAL_ETH_ConfigMAC                        0x080012e5   Thumb Code   298  stm32f2xx_hal_eth.o(i.HAL_ETH_ConfigMAC)
    HAL_ETH_DMARxDescListInit                0x08001415   Thumb Code   114  stm32f2xx_hal_eth.o(i.HAL_ETH_DMARxDescListInit)
    HAL_ETH_DMATxDescListInit                0x08001487   Thumb Code   120  stm32f2xx_hal_eth.o(i.HAL_ETH_DMATxDescListInit)
    HAL_ETH_Init                             0x08001501   Thumb Code   358  stm32f2xx_hal_eth.o(i.HAL_ETH_Init)
    HAL_ETH_MspInit                          0x08001689   Thumb Code   166  ethernetif.o(i.HAL_ETH_MspInit)
    HAL_ETH_ReadPHYRegister                  0x08001741   Thumb Code   104  stm32f2xx_hal_eth.o(i.HAL_ETH_ReadPHYRegister)
    HAL_ETH_Start                            0x080017a9   Thumb Code   122  stm32f2xx_hal_eth.o(i.HAL_ETH_Start)
    HAL_ETH_Stop                             0x08001823   Thumb Code   122  stm32f2xx_hal_eth.o(i.HAL_ETH_Stop)
    HAL_ETH_TransmitFrame                    0x0800189d   Thumb Code   260  stm32f2xx_hal_eth.o(i.HAL_ETH_TransmitFrame)
    HAL_ETH_WritePHYRegister                 0x080019a1   Thumb Code    96  stm32f2xx_hal_eth.o(i.HAL_ETH_WritePHYRegister)
    HAL_GPIO_EXTI_Callback                   0x08001a01   Thumb Code    12  main.o(i.HAL_GPIO_EXTI_Callback)
    HAL_GPIO_EXTI_IRQHandler                 0x08001a11   Thumb Code    18  stm32f2xx_hal_gpio.o(i.HAL_GPIO_EXTI_IRQHandler)
    HAL_GPIO_Init                            0x08001a29   Thumb Code   438  stm32f2xx_hal_gpio.o(i.HAL_GPIO_Init)
    HAL_GPIO_ReadPin                         0x08001c15   Thumb Code    10  stm32f2xx_hal_gpio.o(i.HAL_GPIO_ReadPin)
    HAL_GPIO_WritePin                        0x08001c1f   Thumb Code    10  stm32f2xx_hal_gpio.o(i.HAL_GPIO_WritePin)
    HAL_GetTick                              0x08001c29   Thumb Code     6  stm32f2xx_hal.o(i.HAL_GetTick)
    HAL_I2C_Init                             0x08001c35   Thumb Code   240  stm32f2xx_hal_i2c.o(i.HAL_I2C_Init)
    HAL_I2C_Mem_Read                         0x08001d2d   Thumb Code   436  stm32f2xx_hal_i2c.o(i.HAL_I2C_Mem_Read)
    HAL_I2C_Mem_Write                        0x08001ee9   Thumb Code   216  stm32f2xx_hal_i2c.o(i.HAL_I2C_Mem_Write)
    HAL_I2C_MspInit                          0x08001fc9   Thumb Code    74  stm32f2xx_hal_msp.o(i.HAL_I2C_MspInit)
    HAL_IncTick                              0x0800201d   Thumb Code    10  stm32f2xx_hal.o(i.HAL_IncTick)
    HAL_Init                                 0x0800202d   Thumb Code    50  stm32f2xx_hal.o(i.HAL_Init)
    HAL_MspInit                              0x08002065   Thumb Code     2  stm32f2xx_hal_msp.o(i.HAL_MspInit)
    HAL_NVIC_EnableIRQ                       0x08002067   Thumb Code    24  stm32f2xx_hal_cortex.o(i.HAL_NVIC_EnableIRQ)
    HAL_NVIC_SetPriority                     0x08002081   Thumb Code    60  stm32f2xx_hal_cortex.o(i.HAL_NVIC_SetPriority)
    HAL_NVIC_SetPriorityGrouping             0x080020c1   Thumb Code    26  stm32f2xx_hal_cortex.o(i.HAL_NVIC_SetPriorityGrouping)
    HAL_RCC_ClockConfig                      0x080020e5   Thumb Code   448  stm32f2xx_hal_rcc.o(i.HAL_RCC_ClockConfig)
    HAL_RCC_GetHCLKFreq                      0x080022b1   Thumb Code    38  stm32f2xx_hal_rcc.o(i.HAL_RCC_GetHCLKFreq)
    HAL_RCC_GetPCLK1Freq                     0x080022e5   Thumb Code    36  stm32f2xx_hal_rcc.o(i.HAL_RCC_GetPCLK1Freq)
    HAL_RCC_GetPCLK2Freq                     0x08002311   Thumb Code    36  stm32f2xx_hal_rcc.o(i.HAL_RCC_GetPCLK2Freq)
    HAL_RCC_GetSysClockFreq                  0x0800233d   Thumb Code   120  stm32f2xx_hal_rcc.o(i.HAL_RCC_GetSysClockFreq)
    HAL_RCC_MCOConfig                        0x080023c1   Thumb Code   102  stm32f2xx_hal_rcc.o(i.HAL_RCC_MCOConfig)
    HAL_RCC_OscConfig                        0x08002435   Thumb Code   776  stm32f2xx_hal_rcc.o(i.HAL_RCC_OscConfig)
    HAL_SYSTICK_Config                       0x08002751   Thumb Code    44  stm32f2xx_hal_cortex.o(i.HAL_SYSTICK_Config)
    HAL_TIMEx_BreakCallback                  0x0800277d   Thumb Code     2  stm32f2xx_hal_tim_ex.o(i.HAL_TIMEx_BreakCallback)
    HAL_TIMEx_CommutationCallback            0x0800277f   Thumb Code     2  stm32f2xx_hal_tim_ex.o(i.HAL_TIMEx_CommutationCallback)
    HAL_TIM_Base_Init                        0x08002781   Thumb Code    48  stm32f2xx_hal_tim.o(i.HAL_TIM_Base_Init)
    HAL_TIM_Base_MspInit                     0x080027b1   Thumb Code   140  stm32f2xx_hal_msp.o(i.HAL_TIM_Base_MspInit)
    HAL_TIM_Base_Start_IT                    0x0800284d   Thumb Code    24  stm32f2xx_hal_tim.o(i.HAL_TIM_Base_Start_IT)
    HAL_TIM_Base_Stop_IT                     0x08002865   Thumb Code    42  stm32f2xx_hal_tim.o(i.HAL_TIM_Base_Stop_IT)
    HAL_TIM_IC_CaptureCallback               0x0800288f   Thumb Code     2  stm32f2xx_hal_tim.o(i.HAL_TIM_IC_CaptureCallback)
    HAL_TIM_IRQHandler                       0x08002891   Thumb Code   378  stm32f2xx_hal_tim.o(i.HAL_TIM_IRQHandler)
    HAL_TIM_OC_DelayElapsedCallback          0x08002a0b   Thumb Code     2  stm32f2xx_hal_tim.o(i.HAL_TIM_OC_DelayElapsedCallback)
    HAL_TIM_PWM_PulseFinishedCallback        0x08002a0d   Thumb Code     2  stm32f2xx_hal_tim.o(i.HAL_TIM_PWM_PulseFinishedCallback)
    HAL_TIM_PeriodElapsedCallback            0x08002a11   Thumb Code   426  stm32f2xx_hal_msp.o(i.HAL_TIM_PeriodElapsedCallback)
    HAL_TIM_TriggerCallback                  0x08002c49   Thumb Code     2  stm32f2xx_hal_tim.o(i.HAL_TIM_TriggerCallback)
    HAL_UART_ErrorCallback                   0x08002c4b   Thumb Code     2  stm32f2xx_hal_uart.o(i.HAL_UART_ErrorCallback)
    HAL_UART_IRQHandler                      0x08002c4d   Thumb Code   246  stm32f2xx_hal_uart.o(i.HAL_UART_IRQHandler)
    HAL_UART_Init                            0x08002d43   Thumb Code    92  stm32f2xx_hal_uart.o(i.HAL_UART_Init)
    HAL_UART_MspInit                         0x08002da1   Thumb Code   464  stm32f2xx_hal_msp.o(i.HAL_UART_MspInit)
    HAL_UART_Receive_IT                      0x08002f99   Thumb Code   106  stm32f2xx_hal_uart.o(i.HAL_UART_Receive_IT)
    HAL_UART_RxCpltCallback                  0x08003005   Thumb Code   208  stm32f2xx_hal_msp.o(i.HAL_UART_RxCpltCallback)
    HAL_UART_Transmit                        0x080030fd   Thumb Code   204  stm32f2xx_hal_uart.o(i.HAL_UART_Transmit)
    HAL_UART_TxCpltCallback                  0x080031c9   Thumb Code     2  stm32f2xx_hal_msp.o(i.HAL_UART_TxCpltCallback)
    HardFault_Handler                        0x080031cb   Thumb Code     2  stm32f2xx_it.o(i.HardFault_Handler)
    I2C_Config                               0x08003211   Thumb Code    32  timer.o(i.I2C_Config)
    MX_UART5_UART_Init                       0x080034b9   Thumb Code    48  pm.o(i.MX_UART5_UART_Init)
    MX_USART3_UART_Init                      0x080034f9   Thumb Code    50  usart.o(i.MX_USART3_UART_Init)
    MemManage_Handler                        0x08003539   Thumb Code     2  stm32f2xx_it.o(i.MemManage_Handler)
    NMI_Handler                              0x0800353b   Thumb Code     2  stm32f2xx_it.o(i.NMI_Handler)
    PM_Init                                  0x080035c5   Thumb Code    70  pm.o(i.PM_Init)
    RDY_SetInput                             0x0800362d   Thumb Code    36  at45db161.o(i.RDY_SetInput)
    RST_SetOutput                            0x0800365d   Thumb Code    34  at45db161.o(i.RST_SetOutput)
    ReadSystemParameter                      0x0800368d   Thumb Code    26  define.o(i.ReadSystemParameter)
    Read_Sensor                              0x080036b1   Thumb Code   196  am2321.o(i.Read_Sensor)
    SCLK_SetOutput                           0x08003809   Thumb Code    36  at45db161.o(i.SCLK_SetOutput)
    SI_SetOutput                             0x08003839   Thumb Code    36  at45db161.o(i.SI_SetOutput)
    SO_SetInput                              0x08003869   Thumb Code    34  at45db161.o(i.SO_SetInput)
    SPI_Config                               0x08003899   Thumb Code    34  at45db161.o(i.SPI_Config)
    SPI_Init                                 0x080038bd   Thumb Code    58  at45db161.o(i.SPI_Init)
    SVC_Handler                              0x08003905   Thumb Code     2  stm32f2xx_it.o(i.SVC_Handler)
    SendADR                                  0x08003907   Thumb Code    20  hmi_driver.o(i.SendADR)
    SendBeginCMD                             0x0800391b   Thumb Code    18  hmi_driver.o(i.SendBeginCMD)
    SendChar                                 0x0800392d   Thumb Code    18  usart.o(i.SendChar)
    SendData16                               0x08003945   Thumb Code    20  hmi_driver.o(i.SendData16)
    SendData32                               0x08003959   Thumb Code    36  hmi_driver.o(i.SendData32)
    ShowPileChargeFullOrFree                 0x0800397d   Thumb Code    22  define.o(i.ShowPileChargeFullOrFree)
    Speech                                   0x08003999   Thumb Code   168  language.o(i.Speech)
    SysTick_Handler                          0x08003a4d   Thumb Code     4  stm32f2xx_it.o(i.SysTick_Handler)
    SystemInit                               0x08003a51   Thumb Code    54  system_stm32f2xx.o(i.SystemInit)
    SystemSelfingCheck                       0x08003a99   Thumb Code   356  define.o(i.SystemSelfingCheck)
    TIM2_IRQHandler                          0x08003c21   Thumb Code     6  stm32f2xx_it.o(i.TIM2_IRQHandler)
    TIM3_IRQHandler                          0x08003c2d   Thumb Code     6  stm32f2xx_it.o(i.TIM3_IRQHandler)
    TIM4_IRQHandler                          0x08003c39   Thumb Code     6  stm32f2xx_it.o(i.TIM4_IRQHandler)
    TIM5_IRQHandler                          0x08003c45   Thumb Code     6  stm32f2xx_it.o(i.TIM5_IRQHandler)
    TIM_Base_SetConfig                       0x08003c51   Thumb Code   148  stm32f2xx_hal_tim.o(i.TIM_Base_SetConfig)
    UART4_IRQHandler                         0x08003dbd   Thumb Code     6  stm32f2xx_it.o(i.UART4_IRQHandler)
    UART5_IRQHandler                         0x08003dc9   Thumb Code     6  stm32f2xx_it.o(i.UART5_IRQHandler)
    USART1_IRQHandler                        0x08004145   Thumb Code     6  stm32f2xx_it.o(i.USART1_IRQHandler)
    USART1_UART_Init                         0x08004151   Thumb Code    30  language.o(i.USART1_UART_Init)
    USART3_IRQHandler                        0x08004179   Thumb Code     6  stm32f2xx_it.o(i.USART3_IRQHandler)
    USART6_IRQHandler                        0x08004185   Thumb Code     6  stm32f2xx_it.o(i.USART6_IRQHandler)
    USART6_UART_Init                         0x08004191   Thumb Code    46  ic_driver.o(i.USART6_UART_Init)
    UpDataCurrent                            0x080041cd   Thumb Code    36  hmi_driver.o(i.UpDataCurrent)
    UpDataExpense                            0x080041f1   Thumb Code    36  hmi_driver.o(i.UpDataExpense)
    UpDataKwh                                0x08004215   Thumb Code    36  hmi_driver.o(i.UpDataKwh)
    UpDataRemainHour                         0x08004239   Thumb Code    36  hmi_driver.o(i.UpDataRemainHour)
    UpDataRemainMin                          0x0800425d   Thumb Code    36  hmi_driver.o(i.UpDataRemainMin)
    UpDataSoc                                0x08004281   Thumb Code    36  hmi_driver.o(i.UpDataSoc)
    UpDataUsedHour                           0x080042a5   Thumb Code    36  hmi_driver.o(i.UpDataUsedHour)
    UpDataUsedMin                            0x080042c9   Thumb Code    36  hmi_driver.o(i.UpDataUsedMin)
    UpDataVoltage                            0x080042ed   Thumb Code    36  hmi_driver.o(i.UpDataVoltage)
    UsageFault_Handler                       0x08004311   Thumb Code     2  stm32f2xx_it.o(i.UsageFault_Handler)
    User_notification                        0x08004313   Thumb Code     2  app_ethernet.o(i.User_notification)
    WP_SetOutput                             0x08004315   Thumb Code    38  at45db161.o(i.WP_SetOutput)
    __scatterload_copy                       0x08004349   Thumb Code    14  handlers.o(i.__scatterload_copy)
    __scatterload_null                       0x08004357   Thumb Code     2  handlers.o(i.__scatterload_null)
    __scatterload_zeroinit                   0x08004359   Thumb Code    14  handlers.o(i.__scatterload_zeroinit)
    conn_err                                 0x08004385   Thumb Code     4  tcp_echoclient.o(i.conn_err)
    dhcp_arp_reply                           0x08004389   Thumb Code    30  dhcp.o(i.dhcp_arp_reply)
    dhcp_coarse_tmr                          0x0800448d   Thumb Code    90  dhcp.o(i.dhcp_coarse_tmr)
    dhcp_fine_tmr                            0x08004749   Thumb Code    46  dhcp.o(i.dhcp_fine_tmr)
    dhcp_network_changed                     0x0800477d   Thumb Code    70  dhcp.o(i.dhcp_network_changed)
    dhcp_release                             0x080049a9   Thumb Code   158  dhcp.o(i.dhcp_release)
    dhcp_renew                               0x08004a4d   Thumb Code   130  dhcp.o(i.dhcp_renew)
    etharp_cleanup_netif                     0x08004d51   Thumb Code    42  etharp.o(i.etharp_cleanup_netif)
    etharp_output                            0x08004ea5   Thumb Code   244  etharp.o(i.etharp_output)
    etharp_query                             0x08004fe9   Thumb Code   228  etharp.o(i.etharp_query)
    etharp_request                           0x08005175   Thumb Code    32  etharp.o(i.etharp_request)
    etharp_tmr                               0x080051b9   Thumb Code    68  etharp.o(i.etharp_tmr)
    ethernet_input                           0x0800527d   Thumb Code   138  etharp.o(i.ethernet_input)
    ethernetif_init                          0x0800530d   Thumb Code    30  ethernetif.o(i.ethernetif_init)
    ethernetif_notify_conn_changed           0x08005335   Thumb Code    54  app_ethernet.o(i.ethernetif_notify_conn_changed)
    ethernetif_set_link                      0x08005375   Thumb Code    54  ethernetif.o(i.ethernetif_set_link)
    ethernetif_update_config                 0x080053b1   Thumb Code   164  ethernetif.o(i.ethernetif_update_config)
    icmp_dest_unreach                        0x08005495   Thumb Code     8  icmp.o(i.icmp_dest_unreach)
    icmp_input                               0x0800549d   Thumb Code   242  icmp.o(i.icmp_input)
    icmp_time_exceeded                       0x080055fd   Thumb Code     8  icmp.o(i.icmp_time_exceeded)
    inet_chksum                              0x08005605   Thumb Code    12  inet_chksum.o(i.inet_chksum)
    inet_chksum_pbuf                         0x08005611   Thumb Code    72  inet_chksum.o(i.inet_chksum_pbuf)
    ip4_addr_isbroadcast                     0x08005659   Thumb Code    46  ip_addr.o(i.ip4_addr_isbroadcast)
    ip_frag                                  0x08005689   Thumb Code   354  ip_frag.o(i.ip_frag)
    ip_input                                 0x080057f9   Thumb Code   362  ip.o(i.ip_input)
    ip_output                                0x0800596d   Thumb Code    52  ip.o(i.ip_output)
    ip_output_if                             0x080059a1   Thumb Code   164  ip.o(i.ip_output_if)
    ip_reass                                 0x08005a49   Thumb Code   402  ip_frag.o(i.ip_reass)
    ip_reass_tmr                             0x08005de9   Thumb Code    40  ip_frag.o(i.ip_reass_tmr)
    ip_route                                 0x08005e15   Thumb Code    54  ip.o(i.ip_route)
    lwip_htonl                               0x08005ff1   Thumb Code     4  def.o(i.lwip_htonl)
    lwip_htons                               0x08005ff5   Thumb Code     4  def.o(i.lwip_htons)
    lwip_init                                0x08005ff9   Thumb Code    30  init.o(i.lwip_init)
    lwip_ntohl                               0x08006017   Thumb Code     4  def.o(i.lwip_ntohl)
    lwip_ntohs                               0x0800601b   Thumb Code     4  def.o(i.lwip_ntohs)
    main                                     0x08006079   Thumb Code   330  main.o(i.main)
    mem_free                                 0x080061f5   Thumb Code    38  mem.o(i.mem_free)
    mem_init                                 0x08006221   Thumb Code    42  mem.o(i.mem_init)
    mem_malloc                               0x08006255   Thumb Code   158  mem.o(i.mem_malloc)
    mem_trim                                 0x080062f9   Thumb Code   186  mem.o(i.mem_trim)
    memp_free                                0x080063b9   Thumb Code    18  memp.o(i.memp_free)
    memp_init                                0x080063d1   Thumb Code    78  memp.o(i.memp_init)
    memp_malloc                              0x08006429   Thumb Code    28  memp.o(i.memp_malloc)
    netif_add                                0x08006449   Thumb Code    72  netif.o(i.netif_add)
    netif_init                               0x08006495   Thumb Code     2  netif.o(i.netif_init)
    netif_set_addr                           0x08006497   Thumb Code    32  netif.o(i.netif_set_addr)
    netif_set_default                        0x080064b9   Thumb Code     6  netif.o(i.netif_set_default)
    netif_set_down                           0x080064c5   Thumb Code    26  netif.o(i.netif_set_down)
    netif_set_gw                             0x080064df   Thumb Code     8  netif.o(i.netif_set_gw)
    netif_set_ipaddr                         0x080064e9   Thumb Code    96  netif.o(i.netif_set_ipaddr)
    netif_set_link_callback                  0x08006551   Thumb Code     8  netif.o(i.netif_set_link_callback)
    netif_set_link_down                      0x08006559   Thumb Code    26  netif.o(i.netif_set_link_down)
    netif_set_link_up                        0x08006573   Thumb Code    66  netif.o(i.netif_set_link_up)
    netif_set_netmask                        0x080065b5   Thumb Code     8  netif.o(i.netif_set_netmask)
    netif_set_up                             0x080065bd   Thumb Code    32  netif.o(i.netif_set_up)
    pbuf_alloc                               0x080065dd   Thumb Code   276  pbuf.o(i.pbuf_alloc)
    pbuf_alloced_custom                      0x080066f1   Thumb Code    86  pbuf.o(i.pbuf_alloced_custom)
    pbuf_cat                                 0x08006747   Thumb Code    40  pbuf.o(i.pbuf_cat)
    pbuf_chain                               0x0800676f   Thumb Code    18  pbuf.o(i.pbuf_chain)
    pbuf_clen                                0x08006781   Thumb Code    18  pbuf.o(i.pbuf_clen)
    pbuf_copy                                0x08006793   Thumb Code   154  pbuf.o(i.pbuf_copy)
    pbuf_copy_partial                        0x0800682d   Thumb Code   104  pbuf.o(i.pbuf_copy_partial)
    pbuf_free                                0x08006895   Thumb Code    82  pbuf.o(i.pbuf_free)
    pbuf_header                              0x080068e7   Thumb Code    96  pbuf.o(i.pbuf_header)
    pbuf_realloc                             0x08006947   Thumb Code    80  pbuf.o(i.pbuf_realloc)
    pbuf_ref                                 0x08006997   Thumb Code    12  pbuf.o(i.pbuf_ref)
    queue_push                               0x080069f9   Thumb Code    34  cmd_queue.o(i.queue_push)
    queue_reset                              0x08006a21   Thumb Code    14  cmd_queue.o(i.queue_reset)
    raw_input                                0x08006a39   Thumb Code   100  raw.o(i.raw_input)
    sys_now                                  0x08006aa9   Thumb Code     4  ethernetif.o(i.sys_now)
    sys_timeout                              0x08006aad   Thumb Code    86  lwip_timers.o(i.sys_timeout)
    sys_timeouts_init                        0x08006b09   Thumb Code    60  lwip_timers.o(i.sys_timeouts_init)
    tcp_abandon                              0x08006b59   Thumb Code   136  tcp.o(i.tcp_abandon)
    tcp_abort                                0x08006be5   Thumb Code     6  tcp.o(i.tcp_abort)
    tcp_alloc                                0x08006bed   Thumb Code   248  tcp.o(i.tcp_alloc)
    tcp_arg                                  0x08006cf1   Thumb Code     4  tcp.o(i.tcp_arg)
    tcp_close                                0x08006cf5   Thumb Code    20  tcp.o(i.tcp_close)
    tcp_connect                              0x08006e31   Thumb Code   236  tcp.o(i.tcp_connect)
    tcp_echoclient_connect                   0x08006fc1   Thumb Code    62  tcp_echoclient.o(i.tcp_echoclient_connect)
    tcp_eff_send_mss                         0x0800700d   Thumb Code    32  tcp.o(i.tcp_eff_send_mss)
    tcp_enqueue_flags                        0x0800702d   Thumb Code   166  tcp_out.o(i.tcp_enqueue_flags)
    tcp_err                                  0x080070d3   Thumb Code     6  tcp.o(i.tcp_err)
    tcp_fasttmr                              0x080070d9   Thumb Code    90  tcp.o(i.tcp_fasttmr)
    tcp_init                                 0x08007139   Thumb Code     2  tcp.o(i.tcp_init)
    tcp_input                                0x0800713d   Thumb Code   740  tcp_in.o(i.tcp_input)
    tcp_keepalive                            0x0800743d   Thumb Code    60  tcp_out.o(i.tcp_keepalive)
    tcp_new                                  0x0800755d   Thumb Code     6  tcp.o(i.tcp_new)
    tcp_next_iss                             0x080075c1   Thumb Code    12  tcp.o(i.tcp_next_iss)
    tcp_output                               0x080075d1   Thumb Code   392  tcp_out.o(i.tcp_output)
    tcp_pcb_purge                            0x080078f5   Thumb Code    58  tcp.o(i.tcp_pcb_purge)
    tcp_pcb_remove                           0x08007931   Thumb Code    82  tcp.o(i.tcp_pcb_remove)
    tcp_process_refused_data                 0x08007ccd   Thumb Code   102  tcp.o(i.tcp_process_refused_data)
    tcp_recv                                 0x08008151   Thumb Code     4  tcp.o(i.tcp_recv)
    tcp_recv_null                            0x08008155   Thumb Code    36  tcp.o(i.tcp_recv_null)
    tcp_recved                               0x08008179   Thumb Code    56  tcp.o(i.tcp_recved)
    tcp_rexmit                               0x080081b1   Thumb Code    84  tcp_out.o(i.tcp_rexmit)
    tcp_rexmit_fast                          0x08008205   Thumb Code    82  tcp_out.o(i.tcp_rexmit_fast)
    tcp_rexmit_rto                           0x08008257   Thumb Code    46  tcp_out.o(i.tcp_rexmit_rto)
    tcp_rst                                  0x08008285   Thumb Code   118  tcp_out.o(i.tcp_rst)
    tcp_seg_free                             0x080082fb   Thumb Code    28  tcp.o(i.tcp_seg_free)
    tcp_segs_free                            0x08008317   Thumb Code    18  tcp.o(i.tcp_segs_free)
    tcp_send_empty_ack                       0x08008329   Thumb Code    72  tcp_out.o(i.tcp_send_empty_ack)
    tcp_send_fin                             0x08008371   Thumb Code    68  tcp_out.o(i.tcp_send_fin)
    tcp_slowtmr                              0x080083b5   Thumb Code   588  tcp.o(i.tcp_slowtmr)
    tcp_timer_needed                         0x08008611   Thumb Code    36  lwip_timers.o(i.tcp_timer_needed)
    tcp_tmr                                  0x080086b1   Thumb Code    28  tcp.o(i.tcp_tmr)
    tcp_update_rcv_ann_wnd                   0x080086d1   Thumb Code    54  tcp.o(i.tcp_update_rcv_ann_wnd)
    tcp_zero_window_probe                    0x08008707   Thumb Code   138  tcp_out.o(i.tcp_zero_window_probe)
    udp_bind                                 0x080087c9   Thumb Code   152  udp.o(i.udp_bind)
    udp_init                                 0x08008865   Thumb Code     2  udp.o(i.udp_init)
    udp_input                                0x08008869   Thumb Code   352  udp.o(i.udp_input)
    udp_sendto_if                            0x080089d5   Thumb Code   182  udp.o(i.udp_sendto_if)
    APBAHBPrescTable                         0x08008a8a   Data          16  stm32f2xx_hal_rcc.o(.constdata)
    tcp_persist_backoff                      0x08008ac4   Data           7  tcp.o(.constdata)
    tcp_state_str                            0x08008acc   Data          44  tcp.o(.constdata)
    tcp_backoff                              0x08008af8   Data          13  tcp.o(.constdata)
    tcp_pcb_lists                            0x08008b08   Data          16  tcp.o(.constdata)
    ip_addr_any                              0x08008b18   Data           4  ip_addr.o(.constdata)
    ip_addr_broadcast                        0x08008b1c   Data           4  ip_addr.o(.constdata)
    ethbroadcast                             0x08008b20   Data           6  etharp.o(.constdata)
    ethzero                                  0x08008b26   Data           6  etharp.o(.constdata)
    head                                     0x08008b2c   Data           5  language.o(.constdata)
    Region$$Table$$Base                      0x08008b9c   Number         0  anon$$obj.o(Region$$Table)
    Region$$Table$$Limit                     0x08008bbc   Number         0  anon$$obj.o(Region$$Table)
    SystemCoreClock                          0x20000000   Data           4  system_stm32f2xx.o(.data)
    AHBPrescTable                            0x20000004   Data          16  system_stm32f2xx.o(.data)
    netif_list                               0x20000038   Data           4  netif.o(.data)
    netif_default                            0x2000003c   Data           4  netif.o(.data)
    tcp_active_pcbs_changed                  0x20000044   Data           1  tcp.o(.data)
    tcp_ticks                                0x20000050   Data           4  tcp.o(.data)
    tcp_bound_pcbs                           0x20000054   Data           4  tcp.o(.data)
    tcp_listen_pcbs                          0x20000058   Data           4  tcp.o(.data)
    tcp_active_pcbs                          0x2000005c   Data           4  tcp.o(.data)
    tcp_tw_pcbs                              0x20000060   Data           4  tcp.o(.data)
    tcp_tmp_pcb                              0x20000064   Data           4  tcp.o(.data)
    tcp_input_pcb                            0x20000080   Data           4  tcp_in.o(.data)
    udp_pcbs                                 0x20000088   Data           4  udp.o(.data)
    current_netif                            0x20000090   Data           4  ip.o(.data)
    current_header                           0x20000094   Data           4  ip.o(.data)
    current_iphdr_src                        0x20000098   Data           4  ip.o(.data)
    current_iphdr_dest                       0x2000009c   Data           4  ip.o(.data)
    pData                                    0x200000a9   Data           1  main.o(.data)
    tim3count                                0x200000aa   Data           1  stm32f2xx_hal_msp.o(.data)
    i                                        0x200000ad   Data           1  stm32f2xx_hal_msp.o(.data)
    FlagIfShowInformation5S                  0x200000b0   Data           1  define.o(.data)
    FlagShowInformation                      0x200000b1   Data           1  define.o(.data)
    ChargeFlag                               0x200000b2   Data           1  define.o(.data)
    ICReadFlag                               0x200000b3   Data           1  define.o(.data)
    ICWriteFlag                              0x200000b4   Data           1  define.o(.data)
    WriteBlockFlag                           0x200000b5   Data           1  define.o(.data)
    FaultOperation                           0x200000b6   Data           1  define.o(.data)
    ChargingMethod                           0x200000b7   Data           1  define.o(.data)
    ChargingMode                             0x200000b8   Data           1  define.o(.data)
    SwipingCardFlag                          0x200000b9   Data           1  define.o(.data)
    SwipingPileFlag                          0x200000ba   Data           1  define.o(.data)
    SpeechFlag                               0x200000bb   Data           1  define.o(.data)
    SpeechFlagMoney                          0x200000bc   Data           1  define.o(.data)
    SpeechFlagDeal                           0x200000bd   Data           1  define.o(.data)
    FlagOpenDoor                             0x200000be   Data           1  define.o(.data)
    FlagIfSaveData                           0x200000bf   Data           1  define.o(.data)
    FlagIfSaveToMemory                       0x200000c0   Data           1  define.o(.data)
    ubCANEventStatus                         0x200000c1   Data           1  define.o(.data)
    ubDCModue                                0x200000c2   Data           1  define.o(.data)
    SystemState                              0x200000c3   Data           1  define.o(.data)
    Timer1CountNumber                        0x200000c4   Data           1  define.o(.data)
    FlagCycle30s                             0x200000c5   Data           1  define.o(.data)
    FlagCycle10s                             0x200000c6   Data           1  define.o(.data)
    FlagCycle1s                              0x200000c7   Data           1  define.o(.data)
    FlagCycle500ms                           0x200000c8   Data           1  define.o(.data)
    PileTiltState                            0x200000c9   Data           1  define.o(.data)
    CabinDoorState                           0x200000ca   Data           1  define.o(.data)
    EmergencyStopButtonState                 0x200000cb   Data           1  define.o(.data)
    LevelState                               0x200000cc   Data           1  define.o(.data)
    PileState                                0x200000cd   Data           1  define.o(.data)
    SetKwh                                   0x200000ce   Data           2  define.o(.data)
    SetMoney                                 0x200000d0   Data           2  define.o(.data)
    SetHour                                  0x200000d2   Data           2  define.o(.data)
    SetMin                                   0x200000d4   Data           2  define.o(.data)
    SetChargeCutOffCurrent                   0x200000d6   Data           2  define.o(.data)
    uwBmsSOC                                 0x200000d8   Data           2  define.o(.data)
    uwRemainChargeTime                       0x200000da   Data           2  define.o(.data)
    SystemFaultState                         0x200000dc   Data           2  define.o(.data)
    DS18B20Temperature                       0x200000de   Data           2  define.o(.data)
    AM2321Temperature                        0x200000e0   Data           2  define.o(.data)
    Am2321Humidity                           0x200000e2   Data           2  define.o(.data)
    RecvLen                                  0x200000e4   Data           2  define.o(.data)
    DealMoneyAll                             0x200000e8   Data           4  define.o(.data)
    DealEnergy                               0x200000ec   Data           4  define.o(.data)
    uwOutputVoltageValue                     0x200000f0   Data           4  define.o(.data)
    uwOutputCurrentValue                     0x200000f4   Data           4  define.o(.data)
    ICMoney                                  0x200000f8   Data           4  define.o(.data)
    ICCard1                                  0x200000fc   Data           4  define.o(.data)
    StartICMoney                             0x20000100   Data           4  define.o(.data)
    StartICMoneyAll                          0x20000104   Data           4  define.o(.data)
    DealMoney                                0x20000108   Data           4  define.o(.data)
    StopMoneyAll                             0x2000010c   Data           4  define.o(.data)
    ACEnergy                                 0x20000110   Data           4  define.o(.data)
    StartEnergy                              0x20000114   Data           4  define.o(.data)
    StartEnergyAll                           0x20000118   Data           4  define.o(.data)
    DealEnergyAll                            0x2000011c   Data           4  define.o(.data)
    Recvdata                                 0x20000120   Data           4  define.o(.data)
    RecvIPNumber                             0x20000124   Data           4  define.o(.data)
    RTCReadBCDTime                           0x20000128   Data           7  define.o(.data)
    StartChargeBCDTime                       0x2000012f   Data           7  define.o(.data)
    StartChargeTime                          0x20000136   Data           7  define.o(.data)
    ChargeTime                               0x2000013d   Data           7  define.o(.data)
    WriteBlockTimeFlag                       0x20000144   Data           1  define.o(.data)
    RxFlag485                                0x20000145   Data           1  define.o(.data)
    ubRecognitionResult                      0x20000146   Data           1  define.o(.data)
    ubChargerNumber                          0x20000147   Data           1  define.o(.data)
    uwDCMaxOutputVoltage                     0x20000148   Data           2  define.o(.data)
    uwDCMinOutputVoltage                     0x2000014a   Data           2  define.o(.data)
    uwDCMaxOutputCurrent                     0x2000014c   Data           2  define.o(.data)
    uwCurrentRequirementLowbuf               0x2000014e   Data           1  define.o(.data)
    uwCurrentRequirementHighbuf              0x2000014f   Data           1  define.o(.data)
    CURRENT                                  0x20000150   Data           2  define.o(.data)
    ubBmsError                               0x20000152   Data           4  define.o(.data)
    ubChargerError                           0x20000156   Data           4  define.o(.data)
    uwDCOutputVoltage                        0x2000015a   Data           8  define.o(.data)
    uwDCOutputCurrent                        0x20000162   Data           8  define.o(.data)
    ubDCModueAddress                         0x2000016a   Data           1  define.o(.data)
    FlagIfTimeout                            0x2000016b   Data           1  define.o(.data)
    FlagIfDCTimeout                          0x2000016c   Data           1  define.o(.data)
    ubTimeN100ms                             0x2000016d   Data           1  define.o(.data)
    FlagIfCycleSend10ms                      0x2000016e   Data           1  define.o(.data)
    FlagIfCycleSend50ms                      0x2000016f   Data           1  define.o(.data)
    FlagIfCycleSend250ms                     0x20000170   Data           1  define.o(.data)
    FlagIfCycleSend500ms                     0x20000171   Data           1  define.o(.data)
    FlagIfCycleSend1000ms                    0x20000172   Data           1  define.o(.data)
    ubCANTim3Count                           0x20000173   Data           1  define.o(.data)
    uwCANTimeOutCount                        0x20000174   Data           2  define.o(.data)
    uwCANDCTimeOutCount                      0x20000176   Data           2  define.o(.data)
    ubFlagIfReceBmsIdentifyMeg               0x20000178   Data           1  define.o(.data)
    FlagIfReceBmsReadyMeg                    0x20000179   Data           1  define.o(.data)
    FlagIfReceBmsChargeRequirementMeg        0x2000017a   Data           1  define.o(.data)
    FlagIfReceBmsBatteryStateMeg             0x2000017b   Data           1  define.o(.data)
    FlagIfReceBmsStopChargeMeg               0x2000017c   Data           1  define.o(.data)
    FlagIfReceBmsStatisticsDataMeg           0x2000017d   Data           1  define.o(.data)
    FlagIfSendDCModuleMeg                    0x2000017e   Data           1  define.o(.data)
    ubCANBuf_DC                              0x2000017f   Data           8  define.o(.data)
    ubCANBufIndex_DC                         0x20000187   Data           1  define.o(.data)
    uCANBufID_DC                             0x20000188   Data           4  define.o(.data)
    uwCANReceFlagState                       0x2000018c   Data           2  define.o(.data)
    FlagIfSendDCMeg                          0x2000018e   Data           1  define.o(.data)
    Tim3ICWaitCount                          0x2000018f   Data           1  define.o(.data)
    UART5RxBuffCount                         0x20000190   Data           1  define.o(.data)
    TxFlag485                                0x20000191   Data           1  define.o(.data)
    PMCount485                               0x20000192   Data           1  define.o(.data)
    Tim4Flag                                 0x20000193   Data           1  define.o(.data)
    Flag485                                  0x20000194   Data           1  define.o(.data)
    Fun485Flag                               0x20000195   Data           1  define.o(.data)
    nBkm                                     0x20000196   Data           1  language.o(.data)
    data_len                                 0x2000019c   Data           1  hmi.o(.data)
    cmd_type                                 0x2000019d   Data           1  hmi.o(.data)
    rd_len                                   0x2000019e   Data           1  hmi.o(.data)
    mainselect                               0x200001a0   Data           2  hmi.o(.data)
    automaticcharge                          0x200001a2   Data           2  hmi.o(.data)
    kwhcharge                                0x200001a4   Data           2  hmi.o(.data)
    moneycharge                              0x200001a6   Data           2  hmi.o(.data)
    timecharge                               0x200001a8   Data           2  hmi.o(.data)
    setkwh                                   0x200001aa   Data           2  hmi.o(.data)
    setmoney                                 0x200001ac   Data           2  hmi.o(.data)
    sethour                                  0x200001ae   Data           2  hmi.o(.data)
    setmin                                   0x200001b0   Data           2  hmi.o(.data)
    ButtonOKChargeMode                       0x200001b2   Data           2  hmi.o(.data)
    ButtonEscChargeMode                      0x200001b4   Data           2  hmi.o(.data)
    ButtonEscInsertPile                      0x200001b6   Data           2  hmi.o(.data)
    TimeCountDownFlag                        0x200001b8   Data           2  hmi.o(.data)
    TimeCountDownChargeMode                  0x200001ba   Data           2  hmi.o(.data)
    TimeCountDownStartCard                   0x200001bc   Data           2  hmi.o(.data)
    TimeCountDownInputKeyword                0x200001be   Data           2  hmi.o(.data)
    TimeCountDownControlParaSet              0x200001c0   Data           2  hmi.o(.data)
    TimeCountDownAdministrator               0x200001c2   Data           2  hmi.o(.data)
    TimeCountDownInsertPile                  0x200001c4   Data           2  hmi.o(.data)
    StopChargeFlag                           0x200001c6   Data           2  hmi.o(.data)
    flag1                                    0x200001c8   Data           2  hmi.o(.data)
    modelflag1                               0x200001ca   Data           2  hmi.o(.data)
    cardstartflag1                           0x200001cc   Data           2  hmi.o(.data)
    InsertPileFlag                           0x200001ce   Data           2  hmi.o(.data)
    Rhour                                    0x200001d0   Data           2  hmi.o(.data)
    Rmin                                     0x200001d2   Data           2  hmi.o(.data)
    ButtonEscCheckOut                        0x200001d4   Data           2  hmi.o(.data)
    CtrlParaBMS                              0x200001d6   Data           2  hmi.o(.data)
    CtrlParaManualOperation                  0x200001d8   Data           2  hmi.o(.data)
    CtrlParaCutOffCurrent                    0x200001da   Data           2  hmi.o(.data)
    CtrlParaVoltage                          0x200001dc   Data           2  hmi.o(.data)
    CtrlParaCurrent                          0x200001de   Data           2  hmi.o(.data)
    ButtonOkCtrlPara                         0x200001e0   Data           2  hmi.o(.data)
    ButtonESCCtrlPara                        0x200001e2   Data           2  hmi.o(.data)
    MoneyAverageElectricity                  0x200001e4   Data           2  hmi.o(.data)
    MoneyPeakElectricity                     0x200001e6   Data           2  hmi.o(.data)
    MoneyValleyElectricity                   0x200001e8   Data           2  hmi.o(.data)
    SetTimeHourStartPeakElectricity          0x200001ea   Data           2  hmi.o(.data)
    SetTimeMinStartPeakElectricity           0x200001ec   Data           2  hmi.o(.data)
    SetTimeHourStopPeakElectricity           0x200001ee   Data           2  hmi.o(.data)
    SetTimeMinStopPeakElectricity            0x200001f0   Data           2  hmi.o(.data)
    SetTimeHourStartValleyElectricity        0x200001f2   Data           2  hmi.o(.data)
    SetTimeMinStartValleyElectricity         0x200001f4   Data           2  hmi.o(.data)
    SetTimeHourStopValleyElectricity         0x200001f6   Data           2  hmi.o(.data)
    SetTimeMinStopValleyElectricity          0x200001f8   Data           2  hmi.o(.data)
    SaveAdministratorParameter               0x200001fa   Data           2  hmi.o(.data)
    IPAddress1                               0x200001fc   Data           2  hmi.o(.data)
    IPAddress2                               0x200001fe   Data           2  hmi.o(.data)
    IPAddress3                               0x20000200   Data           2  hmi.o(.data)
    IPAddress4                               0x20000202   Data           2  hmi.o(.data)
    ButtonOKInputKeyword                     0x20000204   Data           2  hmi.o(.data)
    ButtonEscInputKeyword                    0x20000206   Data           2  hmi.o(.data)
    ButtonEscAdministrator                   0x20000208   Data           2  hmi.o(.data)
    cmd_head                                 0x2000020a   Data           2  hmi.o(.data)
    adr                                      0x2000020c   Data           2  hmi.o(.data)
    tem1                                     0x2000020e   Data           2  hmi.o(.data)
    tem2                                     0x20000210   Data           2  hmi.o(.data)
    tem3                                     0x20000212   Data           2  hmi.o(.data)
    tem4                                     0x20000214   Data           2  hmi.o(.data)
    tem5                                     0x20000216   Data           2  hmi.o(.data)
    tem6                                     0x20000218   Data           2  hmi.o(.data)
    KeywordSystem                            0x2000021c   Data           4  hmi.o(.data)
    KeywordInput                             0x20000220   Data           4  hmi.o(.data)
    KeywordSet                               0x20000224   Data           4  hmi.o(.data)
    FinalKeywordSet                          0x20000228   Data           4  hmi.o(.data)
    msg                                      0x2000022c   Data           4  hmi.o(.data)
    aRxBuffer                                0x20000230   Data           1  usart.o(.data)
    DEST_IP_ADDR0                            0x20000234   Data           1  tcp_echoclient.o(.data)
    DEST_IP_ADDR1                            0x20000235   Data           1  tcp_echoclient.o(.data)
    DEST_IP_ADDR2                            0x20000236   Data           1  tcp_echoclient.o(.data)
    DEST_IP_ADDR3                            0x20000237   Data           1  tcp_echoclient.o(.data)
    echoclient_pcb                           0x20000238   Data           4  tcp_echoclient.o(.data)
    ram_heap                                 0x2000023c   Data       10260  mem.o(.bss)
    GPIO_InitStruct                          0x20004ff0   Data          20  main.o(.bss)
    TimHandle2                               0x20005004   Data          60  main.o(.bss)
    TimHandle3                               0x20005040   Data          60  main.o(.bss)
    TimHandle4                               0x2000507c   Data          60  main.o(.bss)
    TimHandle5                               0x200050b8   Data          60  main.o(.bss)
    I2C1Handle                               0x200050f4   Data          56  main.o(.bss)
    gnetif                                   0x2000512c   Data          56  main.o(.bss)
    UartHandle1                              0x20005164   Data          60  main.o(.bss)
    huart3                                   0x200051a0   Data          60  main.o(.bss)
    UartHandle4                              0x200051dc   Data          60  main.o(.bss)
    UartHandle5                              0x20005218   Data          60  main.o(.bss)
    UartHandle6                              0x20005254   Data          60  main.o(.bss)
    CanHandleToBMS                           0x20005290   Data          64  main.o(.bss)
    CanHandleToDC                            0x200052d0   Data          64  main.o(.bss)
    ETHData                                  0x20005310   Data         108  main.o(.bss)
    CANBMS                                   0x2000537c   Data          16  stm32f2xx_hal_msp.o(.bss)
    CANQueue                                 0x2000546c   Data        3204  can.o(.bss)
    CANBMS1                                  0x200060f0   Data          16  can.o(.bss)
    ubCANMultiFrame                          0x20006100   Data         560  define.o(.bss)
    unSaveRealTimeDataHandle                 0x20006330   Data          76  define.o(.bss)
    unSystemParameterConfigHandle            0x2000637c   Data          68  define.o(.bss)
    cmd_buffer                               0x200063c0   Data         500  define.o(.bss)
    unIAPSystemParameter                     0x200065b4   Data          12  define.o(.bss)
    UART5RxBuff                              0x200065c0   Data          24  define.o(.bss)
    Picc                                     0x200065ec   Data          40  ic_driver.o(.bss)
    Cmd                                      0x20006614   Data          68  ic_driver.o(.bss)
    DMARxDscrTab                             0x20006864   Data         128  ethernetif.o(.bss)
    DMATxDscrTab                             0x200068e4   Data         128  ethernetif.o(.bss)
    Rx_Buff                                  0x20006964   Data        6096  ethernetif.o(.bss)
    Tx_Buff                                  0x20008134   Data        6096  ethernetif.o(.bss)
    EthHandle                                0x20009904   Data          72  ethernetif.o(.bss)
    __initial_sp                             0x2000a650   Data           0  startup_stm32f207xx.o(STACK)



==============================================================================

Memory Map of the image

  Image Entry point : 0x08000189

  Load Region LR_IROM1 (Base: 0x08000000, Size: 0x00008df8, Max: 0x00100000, ABSOLUTE, COMPRESSED[0x00008bf4])

    Execution Region ER_IROM1 (Base: 0x08000000, Size: 0x00008bbc, Max: 0x00100000, ABSOLUTE)

    Base Addr    Size         Type   Attr      Idx    E Section Name        Object

    0x08000000   0x00000188   Data   RO            3    RESET               startup_stm32f207xx.o
    0x08000188   0x00000000   Code   RO         8826  * .ARM.Collect$$$$00000000  mc_w.l(entry.o)
    0x08000188   0x00000004   Code   RO         8839    .ARM.Collect$$$$00000001  mc_w.l(entry2.o)
    0x0800018c   0x00000004   Code   RO         8842    .ARM.Collect$$$$00000004  mc_w.l(entry5.o)
    0x08000190   0x00000000   Code   RO         8844    .ARM.Collect$$$$00000008  mc_w.l(entry7b.o)
    0x08000190   0x00000008   Code   RO         8845    .ARM.Collect$$$$00000009  mc_w.l(entry8.o)
    0x08000198   0x00000004   Code   RO         8840    .ARM.Collect$$$$00002712  mc_w.l(entry2.o)
    0x0800019c   0x00000024   Code   RO            4    .text               startup_stm32f207xx.o
    0x080001c0   0x00000024   Code   RO         8829    .text               mc_w.l(memcpya.o)
    0x080001e4   0x00000026   Code   RO         8831    .text               mc_w.l(memseta.o)
    0x0800020a   0x0000001a   Code   RO         8835    .text               mc_w.l(memcmp.o)
    0x08000224   0x00000024   Code   RO         8846    .text               mc_w.l(init.o)
    0x08000248   0x0000005c   Code   RO         8856    .text               mc_w.l(__dczerorl2.o)
    0x080002a4   0x00000030   Code   RO         7476    i.AM2321_Set_Input  am2321.o
    0x080002d4   0x00000030   Code   RO         7477    i.AM2321_Set_Output  am2321.o
    0x08000304   0x00000002   Code   RO         6639    i.BusFault_Handler  stm32f2xx_it.o
    0x08000306   0x00000002   PAD
    0x08000308   0x0000000c   Code   RO         6640    i.CAN1_RX0_IRQHandler  stm32f2xx_it.o
    0x08000314   0x0000000c   Code   RO         6641    i.CAN2_RX1_IRQHandler  stm32f2xx_it.o
    0x08000320   0x0000000e   Code   RO         6883    i.CAN_Config        can.o
    0x0800032e   0x00000002   PAD
    0x08000330   0x0000012c   Code   RO         2409    i.CAN_Receive_IT    stm32f2xx_hal_can.o
    0x0800045c   0x00000060   Code   RO         2410    i.CAN_Transmit_IT   stm32f2xx_hal_can.o
    0x080004bc   0x0000001c   Code   RO         6886    i.CAN_mCANBufReset_BMS  can.o
    0x080004d8   0x00000018   Code   RO         6887    i.CAN_mCANBufReset_DC  can.o
    0x080004f0   0x00000138   Code   RO         6893    i.CAN_mInitData     can.o
    0x08000628   0x00000050   Code   RO         6905    i.CANqueue_push     can.o
    0x08000678   0x00000088   Code   RO         6906    i.CANtoBMS_Config   can.o
    0x08000700   0x0000009c   Code   RO         6907    i.CANtoDC_Config    can.o
    0x0800079c   0x00000030   Code   RO         8348    i.CS_SetOutput      at45db161.o
    0x080007cc   0x00000032   Code   RO         7773    i.CalcCrc           pm.o
    0x080007fe   0x00000024   Code   RO         8014    i.ChangePage        hmi_driver.o
    0x08000822   0x00000002   PAD
    0x08000824   0x00000010   Code   RO         7061    i.CheckCabinDoorState  define.o
    0x08000834   0x0000000c   Code   RO         7062    i.CheckEmergencyStopButtonState  define.o
    0x08000840   0x0000000c   Code   RO         7063    i.CheckLevelState   define.o
    0x0800084c   0x00000098   Code   RO         7925    i.CheckOut          hmi.o
    0x080008e4   0x0000005c   Code   RO         7674    i.DS18B20_Check     ds18b20.o
    0x08000940   0x000000d4   Code   RO         7675    i.DS18B20_Get_Temp  ds18b20.o
    0x08000a14   0x00000020   Code   RO         7676    i.DS18B20_Init      ds18b20.o
    0x08000a34   0x00000034   Code   RO         7677    i.DS18B20_Reset     ds18b20.o
    0x08000a68   0x00000024   Code   RO         7678    i.DS18B20_Set_Input  ds18b20.o
    0x08000a8c   0x00000020   Code   RO         7679    i.DS18B20_Set_Output  ds18b20.o
    0x08000aac   0x00000058   Code   RO         7680    i.DS18B20_Write_Byte  ds18b20.o
    0x08000b04   0x00000044   Code   RO         7068    i.DataInit          define.o
    0x08000b48   0x00000002   Code   RO         6642    i.DebugMon_Handler  stm32f2xx_it.o
    0x08000b4a   0x0000002a   Code   RO         2535    i.ETH_FlushTransmitFIFO  stm32f2xx_hal_eth.o
    0x08000b74   0x00000124   Code   RO         2536    i.ETH_MACDMAConfig  stm32f2xx_hal_eth.o
    0x08000c98   0x00000008   Code   RO         6643    i.EXTI15_10_IRQHandler  stm32f2xx_it.o
    0x08000ca0   0x00000154   Code   RO         6568    i.GPIO_Config       main.o
    0x08000df4   0x000000e4   Code   RO         2411    i.HAL_CAN_ConfigFilter  stm32f2xx_hal_can.o
    0x08000ed8   0x000000bc   Code   RO         2416    i.HAL_CAN_IRQHandler  stm32f2xx_hal_can.o
    0x08000f94   0x00000142   Code   RO         2417    i.HAL_CAN_Init      stm32f2xx_hal_can.o
    0x080010d6   0x00000002   PAD
    0x080010d8   0x000000e8   Code   RO         6778    i.HAL_CAN_MspInit   stm32f2xx_hal_msp.o
    0x080011c0   0x0000004e   Code   RO         2421    i.HAL_CAN_Receive_IT  stm32f2xx_hal_can.o
    0x0800120e   0x00000002   PAD
    0x08001210   0x000000a0   Code   RO         6779    i.HAL_CAN_RxCpltCallback  stm32f2xx_hal_msp.o
    0x080012b0   0x00000002   Code   RO         2426    i.HAL_CAN_TxCpltCallback  stm32f2xx_hal_can.o
    0x080012b2   0x00000002   PAD
    0x080012b4   0x00000014   Code   RO          220    i.HAL_Delay         stm32f2xx_hal.o
    0x080012c8   0x0000001a   Code   RO         7076    i.HAL_Delay1us      define.o
    0x080012e2   0x00000002   PAD
    0x080012e4   0x00000130   Code   RO         2538    i.HAL_ETH_ConfigMAC  stm32f2xx_hal_eth.o
    0x08001414   0x00000072   Code   RO         2539    i.HAL_ETH_DMARxDescListInit  stm32f2xx_hal_eth.o
    0x08001486   0x00000078   Code   RO         2540    i.HAL_ETH_DMATxDescListInit  stm32f2xx_hal_eth.o
    0x080014fe   0x00000002   PAD
    0x08001500   0x00000188   Code   RO         2547    i.HAL_ETH_Init      stm32f2xx_hal_eth.o
    0x08001688   0x000000b8   Code   RO         8663    i.HAL_ETH_MspInit   ethernetif.o
    0x08001740   0x00000068   Code   RO         2550    i.HAL_ETH_ReadPHYRegister  stm32f2xx_hal_eth.o
    0x080017a8   0x0000007a   Code   RO         2552    i.HAL_ETH_Start     stm32f2xx_hal_eth.o
    0x08001822   0x0000007a   Code   RO         2553    i.HAL_ETH_Stop      stm32f2xx_hal_eth.o
    0x0800189c   0x00000104   Code   RO         2554    i.HAL_ETH_TransmitFrame  stm32f2xx_hal_eth.o
    0x080019a0   0x00000060   Code   RO         2556    i.HAL_ETH_WritePHYRegister  stm32f2xx_hal_eth.o
    0x08001a00   0x00000010   Code   RO         6569    i.HAL_GPIO_EXTI_Callback  main.o
    0x08001a10   0x00000018   Code   RO          652    i.HAL_GPIO_EXTI_IRQHandler  stm32f2xx_hal_gpio.o
    0x08001a28   0x000001ec   Code   RO          653    i.HAL_GPIO_Init     stm32f2xx_hal_gpio.o
    0x08001c14   0x0000000a   Code   RO          654    i.HAL_GPIO_ReadPin  stm32f2xx_hal_gpio.o
    0x08001c1e   0x0000000a   Code   RO          656    i.HAL_GPIO_WritePin  stm32f2xx_hal_gpio.o
    0x08001c28   0x0000000c   Code   RO          232    i.HAL_GetTick       stm32f2xx_hal.o
    0x08001c34   0x000000f8   Code   RO         2849    i.HAL_I2C_Init      stm32f2xx_hal_i2c.o
    0x08001d2c   0x000001bc   Code   RO         2861    i.HAL_I2C_Mem_Read  stm32f2xx_hal_i2c.o
    0x08001ee8   0x000000e0   Code   RO         2864    i.HAL_I2C_Mem_Write  stm32f2xx_hal_i2c.o
    0x08001fc8   0x00000054   Code   RO         6780    i.HAL_I2C_MspInit   stm32f2xx_hal_msp.o
    0x0800201c   0x00000010   Code   RO          233    i.HAL_IncTick       stm32f2xx_hal.o
    0x0800202c   0x00000038   Code   RO          234    i.HAL_Init          stm32f2xx_hal.o
    0x08002064   0x00000002   Code   RO         6782    i.HAL_MspInit       stm32f2xx_hal_msp.o
    0x08002066   0x00000018   Code   RO          349    i.HAL_NVIC_EnableIRQ  stm32f2xx_hal_cortex.o
    0x0800207e   0x00000002   PAD
    0x08002080   0x00000040   Code   RO          355    i.HAL_NVIC_SetPriority  stm32f2xx_hal_cortex.o
    0x080020c0   0x00000024   Code   RO          356    i.HAL_NVIC_SetPriorityGrouping  stm32f2xx_hal_cortex.o
    0x080020e4   0x000001cc   Code   RO         1643    i.HAL_RCC_ClockConfig  stm32f2xx_hal_rcc.o
    0x080022b0   0x00000034   Code   RO         1648    i.HAL_RCC_GetHCLKFreq  stm32f2xx_hal_rcc.o
    0x080022e4   0x0000002c   Code   RO         1650    i.HAL_RCC_GetPCLK1Freq  stm32f2xx_hal_rcc.o
    0x08002310   0x0000002c   Code   RO         1651    i.HAL_RCC_GetPCLK2Freq  stm32f2xx_hal_rcc.o
    0x0800233c   0x00000084   Code   RO         1652    i.HAL_RCC_GetSysClockFreq  stm32f2xx_hal_rcc.o
    0x080023c0   0x00000074   Code   RO         1653    i.HAL_RCC_MCOConfig  stm32f2xx_hal_rcc.o
    0x08002434   0x0000031c   Code   RO         1655    i.HAL_RCC_OscConfig  stm32f2xx_hal_rcc.o
    0x08002750   0x0000002c   Code   RO          360    i.HAL_SYSTICK_Config  stm32f2xx_hal_cortex.o
    0x0800277c   0x00000002   Code   RO         4078    i.HAL_TIMEx_BreakCallback  stm32f2xx_hal_tim_ex.o
    0x0800277e   0x00000002   Code   RO         4079    i.HAL_TIMEx_CommutationCallback  stm32f2xx_hal_tim_ex.o
    0x08002780   0x00000030   Code   RO         3464    i.HAL_TIM_Base_Init  stm32f2xx_hal_tim.o
    0x080027b0   0x0000009c   Code   RO         6785    i.HAL_TIM_Base_MspInit  stm32f2xx_hal_msp.o
    0x0800284c   0x00000018   Code   RO         3469    i.HAL_TIM_Base_Start_IT  stm32f2xx_hal_tim.o
    0x08002864   0x0000002a   Code   RO         3472    i.HAL_TIM_Base_Stop_IT  stm32f2xx_hal_tim.o
    0x0800288e   0x00000002   Code   RO         3496    i.HAL_TIM_IC_CaptureCallback  stm32f2xx_hal_tim.o
    0x08002890   0x0000017a   Code   RO         3509    i.HAL_TIM_IRQHandler  stm32f2xx_hal_tim.o
    0x08002a0a   0x00000002   Code   RO         3512    i.HAL_TIM_OC_DelayElapsedCallback  stm32f2xx_hal_tim.o
    0x08002a0c   0x00000002   Code   RO         3539    i.HAL_TIM_PWM_PulseFinishedCallback  stm32f2xx_hal_tim.o
    0x08002a0e   0x00000002   PAD
    0x08002a10   0x00000238   Code   RO         6786    i.HAL_TIM_PeriodElapsedCallback  stm32f2xx_hal_msp.o
    0x08002c48   0x00000002   Code   RO         3549    i.HAL_TIM_TriggerCallback  stm32f2xx_hal_tim.o
    0x08002c4a   0x00000002   Code   RO         2078    i.HAL_UART_ErrorCallback  stm32f2xx_hal_uart.o
    0x08002c4c   0x000000f6   Code   RO         2081    i.HAL_UART_IRQHandler  stm32f2xx_hal_uart.o
    0x08002d42   0x0000005c   Code   RO         2082    i.HAL_UART_Init     stm32f2xx_hal_uart.o
    0x08002d9e   0x00000002   PAD
    0x08002da0   0x000001f8   Code   RO         6788    i.HAL_UART_MspInit  stm32f2xx_hal_msp.o
    0x08002f98   0x0000006a   Code   RO         2087    i.HAL_UART_Receive_IT  stm32f2xx_hal_uart.o
    0x08003002   0x00000002   PAD
    0x08003004   0x000000f8   Code   RO         6789    i.HAL_UART_RxCpltCallback  stm32f2xx_hal_msp.o
    0x080030fc   0x000000cc   Code   RO         2090    i.HAL_UART_Transmit  stm32f2xx_hal_uart.o
    0x080031c8   0x00000002   Code   RO         6790    i.HAL_UART_TxCpltCallback  stm32f2xx_hal_msp.o
    0x080031ca   0x00000002   Code   RO         6644    i.HardFault_Handler  stm32f2xx_it.o
    0x080031cc   0x00000044   Code   RO         8507    i.HelloWorld_recv   tcp_echoclient.o
    0x08003210   0x0000002c   Code   RO         7728    i.I2C_Config        timer.o
    0x0800323c   0x000000e0   Code   RO         2889    i.I2C_RequestMemoryRead  stm32f2xx_hal_i2c.o
    0x0800331c   0x00000090   Code   RO         2890    i.I2C_RequestMemoryWrite  stm32f2xx_hal_i2c.o
    0x080033ac   0x00000082   Code   RO         2891    i.I2C_WaitOnFlagUntilTimeout  stm32f2xx_hal_i2c.o
    0x0800342e   0x00000088   Code   RO         2892    i.I2C_WaitOnMasterAddressFlagUntilTimeout  stm32f2xx_hal_i2c.o
    0x080034b6   0x00000002   PAD
    0x080034b8   0x00000040   Code   RO         7785    i.MX_UART5_UART_Init  pm.o
    0x080034f8   0x00000040   Code   RO         8315    i.MX_USART3_UART_Init  usart.o
    0x08003538   0x00000002   Code   RO         6645    i.MemManage_Handler  stm32f2xx_it.o
    0x0800353a   0x00000002   Code   RO         6646    i.NMI_Handler       stm32f2xx_it.o
    0x0800353c   0x00000020   Code   RO          362    i.NVIC_SetPriority  stm32f2xx_hal_cortex.o
    0x0800355c   0x00000068   Code   RO         6570    i.Netif_Config      main.o
    0x080035c4   0x00000068   Code   RO         7786    i.PM_Init           pm.o
    0x0800362c   0x00000030   Code   RO         8349    i.RDY_SetInput      at45db161.o
    0x0800365c   0x00000030   Code   RO         8350    i.RST_SetOutput     at45db161.o
    0x0800368c   0x00000024   Code   RO         7081    i.ReadSystemParameter  define.o
    0x080036b0   0x000000d8   Code   RO         7478    i.Read_Sensor       am2321.o
    0x08003788   0x00000080   Code   RO         7479    i.Read_SensorData   am2321.o
    0x08003808   0x00000030   Code   RO         8353    i.SCLK_SetOutput    at45db161.o
    0x08003838   0x00000030   Code   RO         8355    i.SI_SetOutput      at45db161.o
    0x08003868   0x00000030   Code   RO         8356    i.SO_SetInput       at45db161.o
    0x08003898   0x00000022   Code   RO         8359    i.SPI_Config        at45db161.o
    0x080038ba   0x00000002   PAD
    0x080038bc   0x00000048   Code   RO         8360    i.SPI_Init          at45db161.o
    0x08003904   0x00000002   Code   RO         6647    i.SVC_Handler       stm32f2xx_it.o
    0x08003906   0x00000014   Code   RO         8018    i.SendADR           hmi_driver.o
    0x0800391a   0x00000012   Code   RO         8019    i.SendBeginCMD      hmi_driver.o
    0x0800392c   0x00000018   Code   RO         8316    i.SendChar          usart.o
    0x08003944   0x00000014   Code   RO         8021    i.SendData16        hmi_driver.o
    0x08003958   0x00000024   Code   RO         8022    i.SendData32        hmi_driver.o
    0x0800397c   0x0000001c   Code   RO         7090    i.ShowPileChargeFullOrFree  define.o
    0x08003998   0x000000b4   Code   RO         7638    i.Speech            language.o
    0x08003a4c   0x00000004   Code   RO         6648    i.SysTick_Handler   stm32f2xx_it.o
    0x08003a50   0x00000048   Code   RO           13    i.SystemInit        system_stm32f2xx.o
    0x08003a98   0x00000188   Code   RO         7094    i.SystemSelfingCheck  define.o
    0x08003c20   0x0000000c   Code   RO         6649    i.TIM2_IRQHandler   stm32f2xx_it.o
    0x08003c2c   0x0000000c   Code   RO         6650    i.TIM3_IRQHandler   stm32f2xx_it.o
    0x08003c38   0x0000000c   Code   RO         6651    i.TIM4_IRQHandler   stm32f2xx_it.o
    0x08003c44   0x0000000c   Code   RO         6652    i.TIM5_IRQHandler   stm32f2xx_it.o
    0x08003c50   0x000000c0   Code   RO         3550    i.TIM_Base_SetConfig  stm32f2xx_hal_tim.o
    0x08003d10   0x000000ac   Code   RO         6571    i.TIM_Config        main.o
    0x08003dbc   0x0000000c   Code   RO         6653    i.UART4_IRQHandler  stm32f2xx_it.o
    0x08003dc8   0x0000000c   Code   RO         6654    i.UART5_IRQHandler  stm32f2xx_it.o
    0x08003dd4   0x000000cc   Code   RO         2100    i.UART_Receive_IT   stm32f2xx_hal_uart.o
    0x08003ea0   0x00000178   Code   RO         2101    i.UART_SetConfig    stm32f2xx_hal_uart.o
    0x08004018   0x000000a2   Code   RO         2102    i.UART_Transmit_IT  stm32f2xx_hal_uart.o
    0x080040ba   0x0000008a   Code   RO         2103    i.UART_WaitOnFlagUntilTimeout  stm32f2xx_hal_uart.o
    0x08004144   0x0000000c   Code   RO         6655    i.USART1_IRQHandler  stm32f2xx_it.o
    0x08004150   0x00000028   Code   RO         7639    i.USART1_UART_Init  language.o
    0x08004178   0x0000000c   Code   RO         6656    i.USART3_IRQHandler  stm32f2xx_it.o
    0x08004184   0x0000000c   Code   RO         6657    i.USART6_IRQHandler  stm32f2xx_it.o
    0x08004190   0x0000003c   Code   RO         7530    i.USART6_UART_Init  ic_driver.o
    0x080041cc   0x00000024   Code   RO         8034    i.UpDataCurrent     hmi_driver.o
    0x080041f0   0x00000024   Code   RO         8035    i.UpDataExpense     hmi_driver.o
    0x08004214   0x00000024   Code   RO         8037    i.UpDataKwh         hmi_driver.o
    0x08004238   0x00000024   Code   RO         8038    i.UpDataRemainHour  hmi_driver.o
    0x0800425c   0x00000024   Code   RO         8039    i.UpDataRemainMin   hmi_driver.o
    0x08004280   0x00000024   Code   RO         8040    i.UpDataSoc         hmi_driver.o
    0x080042a4   0x00000024   Code   RO         8041    i.UpDataUsedHour    hmi_driver.o
    0x080042c8   0x00000024   Code   RO         8042    i.UpDataUsedMin     hmi_driver.o
    0x080042ec   0x00000024   Code   RO         8043    i.UpDataVoltage     hmi_driver.o
    0x08004310   0x00000002   Code   RO         6658    i.UsageFault_Handler  stm32f2xx_it.o
    0x08004312   0x00000002   Code   RO         8570    i.User_notification  app_ethernet.o
    0x08004314   0x00000034   Code   RO         8368    i.WP_SetOutput      at45db161.o
    0x08004348   0x0000000e   Code   RO         8850    i.__scatterload_copy  mc_w.l(handlers.o)
    0x08004356   0x00000002   Code   RO         8851    i.__scatterload_null  mc_w.l(handlers.o)
    0x08004358   0x0000000e   Code   RO         8852    i.__scatterload_zeroinit  mc_w.l(handlers.o)
    0x08004366   0x00000002   PAD
    0x08004368   0x0000001c   Code   RO         5345    i.arp_timer         lwip_timers.o
    0x08004384   0x00000004   Code   RO         8510    i.conn_err          tcp_echoclient.o
    0x08004388   0x0000001e   Code   RO         5058    i.dhcp_arp_reply    dhcp.o
    0x080043a6   0x000000c0   Code   RO         5059    i.dhcp_bind         dhcp.o
    0x08004466   0x00000026   Code   RO         5060    i.dhcp_check        dhcp.o
    0x0800448c   0x00000060   Code   RO         5062    i.dhcp_coarse_tmr   dhcp.o
    0x080044ec   0x00000124   Code   RO         5063    i.dhcp_create_msg   dhcp.o
    0x08004610   0x0000006c   Code   RO         5064    i.dhcp_decline      dhcp.o
    0x0800467c   0x00000016   Code   RO         5065    i.dhcp_delete_msg   dhcp.o
    0x08004692   0x00000002   PAD
    0x08004694   0x000000b4   Code   RO         5066    i.dhcp_discover     dhcp.o
    0x08004748   0x00000034   Code   RO         5067    i.dhcp_fine_tmr     dhcp.o
    0x0800477c   0x00000046   Code   RO         5070    i.dhcp_network_changed  dhcp.o
    0x080047c2   0x00000020   Code   RO         5071    i.dhcp_option       dhcp.o
    0x080047e2   0x00000010   Code   RO         5072    i.dhcp_option_byte  dhcp.o
    0x080047f2   0x00000042   Code   RO         5073    i.dhcp_option_long  dhcp.o
    0x08004834   0x00000022   Code   RO         5074    i.dhcp_option_short  dhcp.o
    0x08004856   0x0000002c   Code   RO         5075    i.dhcp_option_trailer  dhcp.o
    0x08004882   0x00000002   PAD
    0x08004884   0x00000084   Code   RO         5077    i.dhcp_rebind       dhcp.o
    0x08004908   0x000000a0   Code   RO         5078    i.dhcp_reboot       dhcp.o
    0x080049a8   0x000000a4   Code   RO         5080    i.dhcp_release      dhcp.o
    0x08004a4c   0x00000082   Code   RO         5081    i.dhcp_renew        dhcp.o
    0x08004ace   0x00000002   PAD
    0x08004ad0   0x000000e0   Code   RO         5082    i.dhcp_select       dhcp.o
    0x08004bb0   0x00000010   Code   RO         5083    i.dhcp_set_state    dhcp.o
    0x08004bc0   0x00000088   Code   RO         5087    i.dhcp_timeout      dhcp.o
    0x08004c48   0x0000001c   Code   RO         5346    i.dhcp_timer_coarse  lwip_timers.o
    0x08004c64   0x0000001c   Code   RO         5347    i.dhcp_timer_fine   lwip_timers.o
    0x08004c80   0x000000ce   Code   RO         6475    i.etharp_arp_input  etharp.o
    0x08004d4e   0x00000002   PAD
    0x08004d50   0x00000030   Code   RO         6476    i.etharp_cleanup_netif  etharp.o
    0x08004d80   0x000000e8   Code   RO         6478    i.etharp_find_entry  etharp.o
    0x08004e68   0x0000003c   Code   RO         6479    i.etharp_free_entry  etharp.o
    0x08004ea4   0x00000100   Code   RO         6480    i.etharp_output     etharp.o
    0x08004fa4   0x00000044   Code   RO         6481    i.etharp_output_to_arp_index  etharp.o
    0x08004fe8   0x000000ec   Code   RO         6482    i.etharp_query      etharp.o
    0x080050d4   0x000000a0   Code   RO         6483    i.etharp_raw        etharp.o
    0x08005174   0x00000024   Code   RO         6484    i.etharp_request    etharp.o
    0x08005198   0x00000020   Code   RO         6485    i.etharp_send_ip    etharp.o
    0x080051b8   0x00000048   Code   RO         6486    i.etharp_tmr        etharp.o
    0x08005200   0x0000007c   Code   RO         6487    i.etharp_update_arp_entry  etharp.o
    0x0800527c   0x00000090   Code   RO         6488    i.ethernet_input    etharp.o
    0x0800530c   0x00000028   Code   RO         8664    i.ethernetif_init   ethernetif.o
    0x08005334   0x00000040   Code   RO         8571    i.ethernetif_notify_conn_changed  app_ethernet.o
    0x08005374   0x0000003c   Code   RO         8667    i.ethernetif_set_link  ethernetif.o
    0x080053b0   0x000000a8   Code   RO         8668    i.ethernetif_update_config  ethernetif.o
    0x08005458   0x0000003c   Code   RO         8511    i.http_accept       tcp_echoclient.o
    0x08005494   0x00000008   Code   RO         6240    i.icmp_dest_unreach  icmp.o
    0x0800549c   0x000000fc   Code   RO         6241    i.icmp_input        icmp.o
    0x08005598   0x00000064   Code   RO         6242    i.icmp_send_response  icmp.o
    0x080055fc   0x00000008   Code   RO         6243    i.icmp_time_exceeded  icmp.o
    0x08005604   0x0000000c   Code   RO         6288    i.inet_chksum       inet_chksum.o
    0x08005610   0x00000048   Code   RO         6289    i.inet_chksum_pbuf  inet_chksum.o
    0x08005658   0x0000002e   Code   RO         6365    i.ip4_addr_isbroadcast  ip_addr.o
    0x08005686   0x00000002   PAD
    0x08005688   0x00000168   Code   RO         6419    i.ip_frag           ip_frag.o
    0x080057f0   0x00000008   Code   RO         6420    i.ip_frag_free_pbuf_custom_ref  ip_frag.o
    0x080057f8   0x00000174   Code   RO         6326    i.ip_input          ip.o
    0x0800596c   0x00000034   Code   RO         6327    i.ip_output         ip.o
    0x080059a0   0x000000a8   Code   RO         6328    i.ip_output_if      ip.o
    0x08005a48   0x00000198   Code   RO         6421    i.ip_reass          ip_frag.o
    0x08005be0   0x000000f0   Code   RO         6422    i.ip_reass_chain_frag_into_datagram_and_validate  ip_frag.o
    0x08005cd0   0x00000024   Code   RO         6423    i.ip_reass_dequeue_datagram  ip_frag.o
    0x08005cf4   0x00000070   Code   RO         6424    i.ip_reass_free_complete_datagram  ip_frag.o
    0x08005d64   0x00000068   Code   RO         6425    i.ip_reass_remove_oldest_datagram  ip_frag.o
    0x08005dcc   0x0000001c   Code   RO         5348    i.ip_reass_timer    lwip_timers.o
    0x08005de8   0x0000002c   Code   RO         6426    i.ip_reass_tmr      ip_frag.o
    0x08005e14   0x00000040   Code   RO         6329    i.ip_route          ip.o
    0x08005e54   0x00000016   Code   RO         6427    i.ipfrag_free_pbuf_custom  ip_frag.o
    0x08005e6a   0x00000002   PAD
    0x08005e6c   0x000000dc   Code   RO         8669    i.low_level_init    ethernetif.o
    0x08005f48   0x000000a8   Code   RO         8671    i.low_level_output  ethernetif.o
    0x08005ff0   0x00000004   Code   RO         5025    i.lwip_htonl        def.o
    0x08005ff4   0x00000004   Code   RO         5026    i.lwip_htons        def.o
    0x08005ff8   0x0000001e   Code   RO         5285    i.lwip_init         init.o
    0x08006016   0x00000004   Code   RO         5027    i.lwip_ntohl        def.o
    0x0800601a   0x00000004   Code   RO         5028    i.lwip_ntohs        def.o
    0x0800601e   0x00000002   PAD
    0x08006020   0x00000058   Code   RO         6292    i.lwip_standard_chksum  inet_chksum.o
    0x08006078   0x0000017c   Code   RO         6572    i.main              main.o
    0x080061f4   0x0000002c   Code   RO         5421    i.mem_free          mem.o
    0x08006220   0x00000034   Code   RO         5422    i.mem_init          mem.o
    0x08006254   0x000000a4   Code   RO         5423    i.mem_malloc        mem.o
    0x080062f8   0x000000c0   Code   RO         5424    i.mem_trim          mem.o
    0x080063b8   0x00000018   Code   RO         5465    i.memp_free         memp.o
    0x080063d0   0x00000058   Code   RO         5466    i.memp_init         memp.o
    0x08006428   0x00000020   Code   RO         5467    i.memp_malloc       memp.o
    0x08006448   0x0000004c   Code   RO         5506    i.netif_add         netif.o
    0x08006494   0x00000002   Code   RO         5508    i.netif_init        netif.o
    0x08006496   0x00000020   Code   RO         5510    i.netif_set_addr    netif.o
    0x080064b6   0x00000002   PAD
    0x080064b8   0x0000000c   Code   RO         5511    i.netif_set_default  netif.o
    0x080064c4   0x0000001a   Code   RO         5512    i.netif_set_down    netif.o
    0x080064de   0x00000008   Code   RO         5513    i.netif_set_gw      netif.o
    0x080064e6   0x00000002   PAD
    0x080064e8   0x00000068   Code   RO         5514    i.netif_set_ipaddr  netif.o
    0x08006550   0x00000008   Code   RO         5515    i.netif_set_link_callback  netif.o
    0x08006558   0x0000001a   Code   RO         5516    i.netif_set_link_down  netif.o
    0x08006572   0x00000042   Code   RO         5517    i.netif_set_link_up  netif.o
    0x080065b4   0x00000008   Code   RO         5518    i.netif_set_netmask  netif.o
    0x080065bc   0x00000020   Code   RO         5519    i.netif_set_up      netif.o
    0x080065dc   0x00000114   Code   RO         5602    i.pbuf_alloc        pbuf.o
    0x080066f0   0x00000056   Code   RO         5603    i.pbuf_alloced_custom  pbuf.o
    0x08006746   0x00000028   Code   RO         5604    i.pbuf_cat          pbuf.o
    0x0800676e   0x00000012   Code   RO         5605    i.pbuf_chain        pbuf.o
    0x08006780   0x00000012   Code   RO         5606    i.pbuf_clen         pbuf.o
    0x08006792   0x0000009a   Code   RO         5608    i.pbuf_copy         pbuf.o
    0x0800682c   0x00000068   Code   RO         5609    i.pbuf_copy_partial  pbuf.o
    0x08006894   0x00000052   Code   RO         5611    i.pbuf_free         pbuf.o
    0x080068e6   0x00000060   Code   RO         5613    i.pbuf_header       pbuf.o
    0x08006946   0x00000050   Code   RO         5616    i.pbuf_realloc      pbuf.o
    0x08006996   0x0000000c   Code   RO         5617    i.pbuf_ref          pbuf.o
    0x080069a2   0x00000002   PAD
    0x080069a4   0x00000054   Code   RO         5425    i.plug_holes        mem.o
    0x080069f8   0x00000028   Code   RO         7879    i.queue_push        cmd_queue.o
    0x08006a20   0x00000018   Code   RO         7880    i.queue_reset       cmd_queue.o
    0x08006a38   0x00000070   Code   RO         5720    i.raw_input         raw.o
    0x08006aa8   0x00000004   Code   RO         8672    i.sys_now           ethernetif.o
    0x08006aac   0x0000005c   Code   RO         5351    i.sys_timeout       lwip_timers.o
    0x08006b08   0x00000050   Code   RO         5352    i.sys_timeouts_init  lwip_timers.o
    0x08006b58   0x0000008c   Code   RO         5786    i.tcp_abandon       tcp.o
    0x08006be4   0x00000006   Code   RO         5787    i.tcp_abort         tcp.o
    0x08006bea   0x00000002   PAD
    0x08006bec   0x00000104   Code   RO         5790    i.tcp_alloc         tcp.o
    0x08006cf0   0x00000004   Code   RO         5791    i.tcp_arg           tcp.o
    0x08006cf4   0x00000014   Code   RO         5793    i.tcp_close         tcp.o
    0x08006d08   0x00000128   Code   RO         5794    i.tcp_close_shutdown  tcp.o
    0x08006e30   0x000000f0   Code   RO         5795    i.tcp_connect       tcp.o
    0x08006f20   0x0000009e   Code   RO         6053    i.tcp_create_segment  tcp_out.o
    0x08006fbe   0x00000002   PAD
    0x08006fc0   0x0000004c   Code   RO         8512    i.tcp_echoclient_connect  tcp_echoclient.o
    0x0800700c   0x00000020   Code   RO         5797    i.tcp_eff_send_mss  tcp.o
    0x0800702c   0x000000a6   Code   RO         6054    i.tcp_enqueue_flags  tcp_out.o
    0x080070d2   0x00000006   Code   RO         5798    i.tcp_err           tcp.o
    0x080070d8   0x00000060   Code   RO         5799    i.tcp_fasttmr       tcp.o
    0x08007138   0x00000002   Code   RO         5800    i.tcp_init          tcp.o
    0x0800713a   0x00000002   PAD
    0x0800713c   0x00000300   Code   RO         6002    i.tcp_input         tcp_in.o
    0x0800743c   0x0000003c   Code   RO         6055    i.tcp_keepalive     tcp_out.o
    0x08007478   0x000000e4   Code   RO         6003    i.tcp_listen_input  tcp_in.o
    0x0800755c   0x00000006   Code   RO         5802    i.tcp_new           tcp.o
    0x08007562   0x00000002   PAD
    0x08007564   0x0000005c   Code   RO         5803    i.tcp_new_port      tcp.o
    0x080075c0   0x00000010   Code   RO         5804    i.tcp_next_iss      tcp.o
    0x080075d0   0x0000018c   Code   RO         6056    i.tcp_output        tcp_out.o
    0x0800775c   0x0000006a   Code   RO         6057    i.tcp_output_alloc_header  tcp_out.o
    0x080077c6   0x00000002   PAD
    0x080077c8   0x000000b0   Code   RO         6058    i.tcp_output_segment  tcp_out.o
    0x08007878   0x0000007c   Code   RO         6004    i.tcp_parseopt      tcp_in.o
    0x080078f4   0x0000003a   Code   RO         5805    i.tcp_pcb_purge     tcp.o
    0x0800792e   0x00000002   PAD
    0x08007930   0x00000058   Code   RO         5806    i.tcp_pcb_remove    tcp.o
    0x08007988   0x00000344   Code   RO         6005    i.tcp_process       tcp_in.o
    0x08007ccc   0x00000066   Code   RO         5808    i.tcp_process_refused_data  tcp.o
    0x08007d32   0x00000002   PAD
    0x08007d34   0x0000041c   Code   RO         6006    i.tcp_receive       tcp_in.o
    0x08008150   0x00000004   Code   RO         5809    i.tcp_recv          tcp.o
    0x08008154   0x00000024   Code   RO         5810    i.tcp_recv_null     tcp.o
    0x08008178   0x00000038   Code   RO         5811    i.tcp_recved        tcp.o
    0x080081b0   0x00000054   Code   RO         6060    i.tcp_rexmit        tcp_out.o
    0x08008204   0x00000052   Code   RO         6061    i.tcp_rexmit_fast   tcp_out.o
    0x08008256   0x0000002e   Code   RO         6062    i.tcp_rexmit_rto    tcp_out.o
    0x08008284   0x00000076   Code   RO         6063    i.tcp_rst           tcp_out.o
    0x080082fa   0x0000001c   Code   RO         5812    i.tcp_seg_free      tcp.o
    0x08008316   0x00000012   Code   RO         5813    i.tcp_segs_free     tcp.o
    0x08008328   0x00000048   Code   RO         6064    i.tcp_send_empty_ack  tcp_out.o
    0x08008370   0x00000044   Code   RO         6065    i.tcp_send_fin      tcp_out.o
    0x080083b4   0x0000025c   Code   RO         5817    i.tcp_slowtmr       tcp.o
    0x08008610   0x00000034   Code   RO         5354    i.tcp_timer_needed  lwip_timers.o
    0x08008644   0x0000006c   Code   RO         6007    i.tcp_timewait_input  tcp_in.o
    0x080086b0   0x00000020   Code   RO         5818    i.tcp_tmr           tcp.o
    0x080086d0   0x00000036   Code   RO         5819    i.tcp_update_rcv_ann_wnd  tcp.o
    0x08008706   0x0000008a   Code   RO         6067    i.tcp_zero_window_probe  tcp_out.o
    0x08008790   0x00000038   Code   RO         5355    i.tcpip_tcp_timer   lwip_timers.o
    0x080087c8   0x0000009c   Code   RO         6145    i.udp_bind          udp.o
    0x08008864   0x00000002   Code   RO         6148    i.udp_init          udp.o
    0x08008866   0x00000002   PAD
    0x08008868   0x0000016c   Code   RO         6149    i.udp_input         udp.o
    0x080089d4   0x000000b6   Code   RO         6155    i.udp_sendto_if     udp.o
    0x08008a8a   0x00000010   Data   RO         1656    .constdata          stm32f2xx_hal_rcc.o
    0x08008a9a   0x00000028   Data   RO         5469    .constdata          memp.o
    0x08008ac2   0x00000002   PAD
    0x08008ac4   0x00000054   Data   RO         5820    .constdata          tcp.o
    0x08008b18   0x00000004   Data   RO         6372    .constdata          ip_addr.o
    0x08008b1c   0x00000004   Data   RO         6373    .constdata          ip_addr.o
    0x08008b20   0x0000000c   Data   RO         6490    .constdata          etharp.o
    0x08008b2c   0x00000005   Data   RO         7640    .constdata          language.o
    0x08008b31   0x00000068   Data   RO         5821    .conststring        tcp.o
    0x08008b99   0x00000003   PAD
    0x08008b9c   0x00000020   Data   RO         8848    Region$$Table       anon$$obj.o


    Execution Region RW_IRAM1 (Base: 0x20000000, Size: 0x0000a650, Max: 0x00020000, ABSOLUTE, COMPRESSED[0x00000038])

    Base Addr    Size         Type   Attr      Idx    E Section Name        Object

    0x20000000   0x00000014   Data   RW           14    .data               system_stm32f2xx.o
    0x20000014   0x00000004   Data   RW          237    .data               stm32f2xx_hal.o
    0x20000018   0x00000004   Data   RW         5089    .data               dhcp.o
    0x2000001c   0x0000000c   Data   RW         5356    .data               lwip_timers.o
    0x20000028   0x0000000c   Data   RW         5427    .data               mem.o
    0x20000034   0x0000000c   Data   RW         5520    .data               netif.o
    0x20000040   0x00000004   Data   RW         5726    .data               raw.o
    0x20000044   0x00000024   Data   RW         5822    .data               tcp.o
    0x20000068   0x0000001c   Data   RW         6009    .data               tcp_in.o
    0x20000084   0x00000008   Data   RW         6156    .data               udp.o
    0x2000008c   0x00000014   Data   RW         6330    .data               ip.o
    0x200000a0   0x00000008   Data   RW         6428    .data               ip_frag.o
    0x200000a8   0x00000001   Data   RW         6491    .data               etharp.o
    0x200000a9   0x00000001   Data   RW         6587    .data               main.o
    0x200000aa   0x00000004   Data   RW         6792    .data               stm32f2xx_hal_msp.o
    0x200000ae   0x00000002   PAD
    0x200000b0   0x00000094   Data   RW         7108    .data               define.o
    0x20000144   0x00000001   Data   RW         7114    .data               define.o
    0x20000145   0x00000001   Data   RW         7115    .data               define.o
    0x20000146   0x00000001   Data   RW         7121    .data               define.o
    0x20000147   0x00000001   Data   RW         7122    .data               define.o
    0x20000148   0x00000002   Data   RW         7141    .data               define.o
    0x2000014a   0x00000002   Data   RW         7142    .data               define.o
    0x2000014c   0x00000002   Data   RW         7143    .data               define.o
    0x2000014e   0x00000001   Data   RW         7152    .data               define.o
    0x2000014f   0x00000001   Data   RW         7153    .data               define.o
    0x20000150   0x00000002   Data   RW         7155    .data               define.o
    0x20000152   0x00000004   Data   RW         7181    .data               define.o
    0x20000156   0x00000004   Data   RW         7182    .data               define.o
    0x2000015a   0x00000008   Data   RW         7187    .data               define.o
    0x20000162   0x00000008   Data   RW         7188    .data               define.o
    0x2000016a   0x00000001   Data   RW         7191    .data               define.o
    0x2000016b   0x00000001   Data   RW         7192    .data               define.o
    0x2000016c   0x00000001   Data   RW         7193    .data               define.o
    0x2000016d   0x00000001   Data   RW         7194    .data               define.o
    0x2000016e   0x00000001   Data   RW         7195    .data               define.o
    0x2000016f   0x00000001   Data   RW         7196    .data               define.o
    0x20000170   0x00000001   Data   RW         7197    .data               define.o
    0x20000171   0x00000001   Data   RW         7198    .data               define.o
    0x20000172   0x00000001   Data   RW         7199    .data               define.o
    0x20000173   0x00000001   Data   RW         7200    .data               define.o
    0x20000174   0x00000002   Data   RW         7201    .data               define.o
    0x20000176   0x00000002   Data   RW         7202    .data               define.o
    0x20000178   0x00000001   Data   RW         7203    .data               define.o
    0x20000179   0x00000001   Data   RW         7205    .data               define.o
    0x2000017a   0x00000001   Data   RW         7207    .data               define.o
    0x2000017b   0x00000001   Data   RW         7208    .data               define.o
    0x2000017c   0x00000001   Data   RW         7210    .data               define.o
    0x2000017d   0x00000001   Data   RW         7211    .data               define.o
    0x2000017e   0x00000001   Data   RW         7212    .data               define.o
    0x2000017f   0x00000008   Data   RW         7224    .data               define.o
    0x20000187   0x00000001   Data   RW         7225    .data               define.o
    0x20000188   0x00000004   Data   RW         7226    .data               define.o
    0x2000018c   0x00000002   Data   RW         7229    .data               define.o
    0x2000018e   0x00000001   Data   RW         7244    .data               define.o
    0x2000018f   0x00000001   Data   RW         7245    .data               define.o
    0x20000190   0x00000001   Data   RW         7255    .data               define.o
    0x20000191   0x00000001   Data   RW         7272    .data               define.o
    0x20000192   0x00000001   Data   RW         7273    .data               define.o
    0x20000193   0x00000001   Data   RW         7274    .data               define.o
    0x20000194   0x00000001   Data   RW         7275    .data               define.o
    0x20000195   0x00000001   Data   RW         7276    .data               define.o
    0x20000196   0x00000001   Data   RW         7641    .data               language.o
    0x20000197   0x00000001   PAD
    0x20000198   0x00000002   Data   RW         7883    .data               cmd_queue.o
    0x2000019a   0x00000002   PAD
    0x2000019c   0x00000094   Data   RW         7933    .data               hmi.o
    0x20000230   0x00000001   Data   RW         8317    .data               usart.o
    0x20000231   0x00000003   PAD
    0x20000234   0x00000008   Data   RW         8516    .data               tcp_echoclient.o
    0x2000023c   0x00002814   Zero   RW         5426    .bss                mem.o
    0x20002a50   0x000024c3   Zero   RW         5468    .bss                memp.o
    0x20004f13   0x00000001   PAD
    0x20004f14   0x00000014   Zero   RW         6008    .bss                tcp_in.o
    0x20004f28   0x000000c8   Zero   RW         6489    .bss                etharp.o
    0x20004ff0   0x00000174   Zero   RW         6573    .bss                main.o
    0x20005164   0x0000003c   Zero   RW         6574    .bss                main.o
    0x200051a0   0x0000003c   Zero   RW         6576    .bss                main.o
    0x200051dc   0x0000003c   Zero   RW         6577    .bss                main.o
    0x20005218   0x0000003c   Zero   RW         6578    .bss                main.o
    0x20005254   0x0000003c   Zero   RW         6579    .bss                main.o
    0x20005290   0x00000040   Zero   RW         6580    .bss                main.o
    0x200052d0   0x00000040   Zero   RW         6581    .bss                main.o
    0x20005310   0x0000006c   Zero   RW         6582    .bss                main.o
    0x2000537c   0x00000010   Zero   RW         6791    .bss                stm32f2xx_hal_msp.o
    0x2000538c   0x00000d74   Zero   RW         6909    .bss                can.o
    0x20006100   0x00000230   Zero   RW         7101    .bss                define.o
    0x20006330   0x00000284   Zero   RW         7105    .bss                define.o
    0x200065b4   0x0000000c   Zero   RW         7106    .bss                define.o
    0x200065c0   0x00000018   Zero   RW         7107    .bss                define.o
    0x200065d8   0x00000014   Zero   RW         7480    .bss                am2321.o
    0x200065ec   0x0000006c   Zero   RW         7532    .bss                ic_driver.o
    0x20006658   0x00000014   Zero   RW         7681    .bss                ds18b20.o
    0x2000666c   0x000001f8   Zero   RW         7882    .bss                cmd_queue.o
    0x20006864   0x000030e8   Zero   RW         8673    .bss                ethernetif.o
    0x2000994c   0x00000004   PAD
    0x20009950   0x00000d00   Zero   RW            1    STACK               startup_stm32f207xx.o


==============================================================================

Image component sizes


      Code (inc. data)   RO Data    RW Data    ZI Data      Debug   Object Name

       440         52          0          0         20       2869   am2321.o
         0          0          0          0          0        772   api_lib.o
        66         10          0          0          0       1033   app_ethernet.o
       446        106          0          0          0       3879   at45db161.o
       750        182          0          0       3444       5077   can.o
        64         16          0          2        504       1554   cmd_queue.o
        16          0          0          0          0       2424   def.o
       590         74          0        230       1240      21882   define.o
      2234         50          0          4          0      29040   dhcp.o
       544         44          0          0         20       4545   ds18b20.o
      1674         66         12          1        200      14044   etharp.o
       844         70          0          0      12520       5473   ethernetif.o
       152         34          0        148          0       4858   hmi.o
       454          0          0          0          0       9743   hmi_driver.o
        60         14          0          0        108       1282   ic_driver.o
       368         10          0          0          0       3502   icmp.o
         0          0          0          0          0       3860   inet.o
       172          0          0          0          0       2669   inet_chksum.o
        30          0          0          0          0      16080   init.o
       656         24          0         20          0       7541   ip.o
        46          0          8          0          0       7282   ip_addr.o
      1334         36          0          8          0       9408   ip_frag.o
       220         22          5          1          0       1746   language.o
       392         82          0         12          0       4597   lwip_timers.o
      1012        134          0          1        908      19839   main.o
       536         34          0         12      10260       5009   mem.o
       144         20         40          0       9411       4066   memp.o
       400         18          0         12          0       9711   netif.o
       966          0          0          0          0       9319   pbuf.o
       218         50          0          0          0       2423   pm.o
       112         12          0          4          0       1596   raw.o
        36          8        392          0       3328        900   startup_stm32f207xx.o
       104         24          0          4          0       3335   stm32f2xx_hal.o
      1214         20          0          0          0       5665   stm32f2xx_hal_can.o
       200         24          0          0          0      27259   stm32f2xx_hal_cortex.o
      1968         66          0          0          0      10675   stm32f2xx_hal_eth.o
       536         60          0          0          0       4390   stm32f2xx_hal_gpio.o
      1550         32          0          0          0       7894   stm32f2xx_hal_i2c.o
      1956        294          0          4         16       6794   stm32f2xx_hal_msp.o
      1644         88         16          0          0      30446   stm32f2xx_hal_rcc.o
       692         44          0          0          0       6794   stm32f2xx_hal_tim.o
         4          0          0          0          0       1510   stm32f2xx_hal_tim_ex.o
      1530         10          0          0          0       7505   stm32f2xx_hal_uart.o
       158         66          0          0          0       8322   stm32f2xx_it.o
        72         18          0         20          0     391365   system_stm32f2xx.o
      2296         78        188         36          0      27772   tcp.o
       208         30          0          8          0       4238   tcp_echoclient.o
      3116        120          0         28         20      16631   tcp_in.o
      1670          8          0          0          0      11227   tcp_out.o
        44         12          0          0          0        409   timer.o
       704         16          0          8          0      13817   udp.o
        88         20          0          1          0       1109   usart.o

    ----------------------------------------------------------------------
     34794       2198        698        572      42004     805180   Object Totals
         0          0         32          0          0          0   (incl. Generated)
        64          0          5          8          5          0   (incl. Padding)

    ----------------------------------------------------------------------

      Code (inc. data)   RO Data    RW Data    ZI Data      Debug   Library Member Name

        92          0          0          0          0          0   __dczerorl2.o
         0          0          0          0          0          0   entry.o
         8          4          0          0          0          0   entry2.o
         4          0          0          0          0          0   entry5.o
         0          0          0          0          0          0   entry7b.o
         8          4          0          0          0          0   entry8.o
        30          0          0          0          0          0   handlers.o
        36          8          0          0          0         68   init.o
        26          0          0          0          0         80   memcmp.o
        36          0          0          0          0         68   memcpya.o
        38          0          0          0          0        108   memseta.o

    ----------------------------------------------------------------------
       280         16          0          0          0        324   Library Totals
         2          0          0          0          0          0   (incl. Padding)

    ----------------------------------------------------------------------

      Code (inc. data)   RO Data    RW Data    ZI Data      Debug   Library Name

       278         16          0          0          0        324   mc_w.l

    ----------------------------------------------------------------------
       280         16          0          0          0        324   Library Totals

    ----------------------------------------------------------------------

==============================================================================


      Code (inc. data)   RO Data    RW Data    ZI Data      Debug   

     35074       2214        698        572      42004     788812   Grand Totals
     35074       2214        698         56      42004     788812   ELF Image Totals (compressed)
     35074       2214        698         56          0          0   ROM Totals

==============================================================================

    Total RO  Size (Code + RO Data)                35772 (  34.93kB)
    Total RW  Size (RW Data + ZI Data)             42576 (  41.58kB)
    Total ROM Size (Code + RO Data + RW Data)      35828 (  34.99kB)

==============================================================================

