<html>
<body>
<pre>
<h1>µVision Build Log</h1>
<h2>Project:</h2>
C:\Users\Administrator\Desktop\DC_charge_STM32_UCOS IIV2.92   20150804\Project\DCchargeMain.uvproj
Project File Date:  08/05/2015

<h2>Output:</h2>
Build target 'DCMain'
compiling system_stm32f2xx.c...
compiling stm32f2xx_hal.c...
compiling stm32f2xx_hal_cortex.c...
compiling stm32f2xx_hal_crc.c...
compiling stm32f2xx_hal_cryp.c...
compiling stm32f2xx_hal_dcmi.c...
compiling stm32f2xx_hal_gpio.c...
compiling stm32f2xx_hal_hash.c...
compiling stm32f2xx_hal_hcd.c...
compiling stm32f2xx_hal_irda.c...
compiling stm32f2xx_hal_iwdg.c...
compiling stm32f2xx_hal_nor.c...
compiling stm32f2xx_hal_pccard.c...
compiling stm32f2xx_hal_pcd.c...
compiling stm32f2xx_hal_pwr.c...
compiling stm32f2xx_hal_pwr_ex.c...
compiling stm32f2xx_hal_rcc.c...
compiling stm32f2xx_hal_rcc_ex.c...
compiling stm32f2xx_hal_rng.c...
compiling stm32f2xx_hal_smartcard.c...
compiling stm32f2xx_hal_wwdg.c...
compiling stm32f2xx_hal_uart.c...
compiling stm32f2xx_hal_dma.c...
compiling stm32f2xx_hal_dma_ex.c...
compiling stm32f2xx_hal_can.c...
compiling stm32f2xx_hal_eth.c...
compiling stm32f2xx_hal_flash.c...
compiling stm32f2xx_hal_flash_ex.c...
compiling stm32f2xx_hal_i2c.c...
compiling stm32f2xx_hal_rtc.c...
compiling stm32f2xx_hal_rtc_ex.c...
compiling stm32f2xx_hal_tim.c...
compiling stm32f2xx_hal_tim_ex.c...
compiling stm32f2xx_hal_usart.c...
compiling stm32f2xx_ll_usb.c...
compiling stm32f2xx_ll_fsmc.c...
compiling stm32f2xx_ll_sdmmc.c...
compiling main.c...
..\User\Src\main.c(170): error:  #20: identifier "SYSMonitorTask" is undefined
..\User\Src\main.c(172): error:  #20: identifier "SYSMonitorTask_PRIO" is undefined
..\User\Src\main.c(120): warning:  #177-D: variable "FlagCycle2s" was declared but never referenced
compiling stm32f2xx_it.c...
compiling stm32f2xx_hal_msp.c...
compiling CAN.c...
compiling DEFINE.c...
compiling AM2321.c...
compiling IC_driver.c...
compiling language.c...
compiling ds18b20.c...
compiling TIMER.C...
compiling PM.c...
compiling cmd_queue.c...
compiling hmi.c...
compiling hmi_driver.c...
compiling usart.c...
compiling AT45DB161.c...
compiling tcp_echoclient.c...
..\User\Src\tcp_echoclient.c(141): warning:  #177-D: function "tcp_echoclient_connected" was declared but never referenced
compiling app_ethernet.c...
compiling ethernetif.c...
compiling ETH.c...
Target not created
Rebuild target 'DCMain'
assembling startup_stm32f207xx.s...
compiling system_stm32f2xx.c...
compiling stm32f2xx_hal.c...
compiling stm32f2xx_hal_cortex.c...
compiling stm32f2xx_hal_crc.c...
compiling stm32f2xx_hal_cryp.c...
compiling stm32f2xx_hal_dcmi.c...
compiling stm32f2xx_hal_gpio.c...
compiling stm32f2xx_hal_hash.c...
compiling stm32f2xx_hal_hcd.c...
compiling stm32f2xx_hal_irda.c...
compiling stm32f2xx_hal_iwdg.c...
compiling stm32f2xx_hal_nor.c...
compiling stm32f2xx_hal_pccard.c...
compiling stm32f2xx_hal_pcd.c...
compiling stm32f2xx_hal_pwr.c...
compiling stm32f2xx_hal_pwr_ex.c...
compiling stm32f2xx_hal_rcc.c...
compiling stm32f2xx_hal_rcc_ex.c...
compiling stm32f2xx_hal_rng.c...
compiling stm32f2xx_hal_smartcard.c...
compiling stm32f2xx_hal_wwdg.c...
compiling stm32f2xx_hal_uart.c...
compiling stm32f2xx_hal_dma.c...
compiling stm32f2xx_hal_dma_ex.c...
compiling stm32f2xx_hal_can.c...
compiling stm32f2xx_hal_eth.c...
compiling stm32f2xx_hal_flash.c...
compiling stm32f2xx_hal_flash_ex.c...
compiling stm32f2xx_hal_i2c.c...
compiling stm32f2xx_hal_rtc.c...
compiling stm32f2xx_hal_rtc_ex.c...
compiling stm32f2xx_hal_tim.c...
compiling stm32f2xx_hal_tim_ex.c...
compiling stm32f2xx_hal_usart.c...
compiling stm32f2xx_ll_usb.c...
compiling stm32f2xx_ll_fsmc.c...
compiling stm32f2xx_ll_sdmmc.c...
compiling api_lib.c...
compiling api_msg.c...
compiling err.c...
compiling netbuf.c...
compiling netdb.c...
compiling netifapi.c...
compiling sockets.c...
compiling tcpip.c...
compiling def.c...
compiling dhcp.c...
compiling dns.c...
compiling init.c...
compiling lwip_timers.c...
compiling mem.c...
compiling memp.c...
compiling netif.c...
compiling pbuf.c...
compiling raw.c...
compiling stats.c...
compiling sys.c...
compiling tcp.c...
compiling tcp_in.c...
compiling tcp_out.c...
compiling udp.c...
compiling autoip.c...
compiling icmp.c...
compiling igmp.c...
compiling inet.c...
compiling inet_chksum.c...
compiling ip.c...
compiling ip_addr.c...
compiling ip_frag.c...
compiling etharp.c...
compiling cpu_core.c...
assembling cpu_a.asm...
compiling cpu_c.c...
compiling lib_ascii.c...
compiling lib_math.c...
compiling lib_mem.c...
..\Micrium\Software\uC-LIB\lib_mem.c(2716): warning: C3017W: p_blks may be used before being set
compiling lib_str.c...
..\Micrium\Software\uC-LIB\lib_str.c(3473): warning: C3017W: nbr_neg_fmtd may be used before being set
..\Micrium\Software\uC-LIB\lib_str.c(3459): warning: C3017W: nbr_fmt may be used before being set
assembling os_cpu_a.asm...
compiling os_cpu_c.c...
compiling os_dbg.c...
compiling os_core.c...
compiling os_flag.c...
compiling os_mbox.c...
compiling os_mem.c...
compiling os_mutex.c...
compiling os_q.c...
compiling os_sem.c...
compiling os_task.c...
compiling os_time.c...
compiling os_tmr.c...
compiling cpu_bsp.c...
compiling main.c...
..\User\Src\main.c(172): error:  #20: identifier "SYSMonitorTask_PRIO" is undefined
..\User\Src\main.c(120): warning:  #177-D: variable "FlagCycle2s" was declared but never referenced
..\User\Src\main.c(576): warning:  #223-D: function "OSSysTickInit" declared implicitly
..\User\Src\main.c(572): warning:  #177-D: variable "err" was declared but never referenced
compiling stm32f2xx_it.c...
compiling stm32f2xx_hal_msp.c...
compiling CAN.c...
compiling DEFINE.c...
compiling AM2321.c...
compiling IC_driver.c...
compiling language.c...
compiling ds18b20.c...
compiling TIMER.C...
compiling PM.c...
compiling cmd_queue.c...
compiling hmi.c...
compiling hmi_driver.c...
compiling usart.c...
compiling AT45DB161.c...
compiling tcp_echoclient.c...
..\User\Src\tcp_echoclient.c(141): warning:  #177-D: function "tcp_echoclient_connected" was declared but never referenced
compiling app_ethernet.c...
compiling ethernetif.c...
compiling ETH.c...
Target not created
Rebuild target 'DCMain'
assembling startup_stm32f207xx.s...
compiling system_stm32f2xx.c...
compiling stm32f2xx_hal.c...
compiling stm32f2xx_hal_cortex.c...
compiling stm32f2xx_hal_crc.c...
compiling stm32f2xx_hal_cryp.c...
compiling stm32f2xx_hal_dcmi.c...
compiling stm32f2xx_hal_gpio.c...
compiling stm32f2xx_hal_hash.c...
compiling stm32f2xx_hal_hcd.c...
compiling stm32f2xx_hal_irda.c...
compiling stm32f2xx_hal_iwdg.c...
compiling stm32f2xx_hal_nor.c...
compiling stm32f2xx_hal_pccard.c...
compiling stm32f2xx_hal_pcd.c...
compiling stm32f2xx_hal_pwr.c...
compiling stm32f2xx_hal_pwr_ex.c...
compiling stm32f2xx_hal_rcc.c...
compiling stm32f2xx_hal_rcc_ex.c...
compiling stm32f2xx_hal_rng.c...
compiling stm32f2xx_hal_smartcard.c...
compiling stm32f2xx_hal_wwdg.c...
compiling stm32f2xx_hal_uart.c...
compiling stm32f2xx_hal_dma.c...
compiling stm32f2xx_hal_dma_ex.c...
compiling stm32f2xx_hal_can.c...
compiling stm32f2xx_hal_eth.c...
compiling stm32f2xx_hal_flash.c...
compiling stm32f2xx_hal_flash_ex.c...
compiling stm32f2xx_hal_i2c.c...
compiling stm32f2xx_hal_rtc.c...
compiling stm32f2xx_hal_rtc_ex.c...
compiling stm32f2xx_hal_tim.c...
compiling stm32f2xx_hal_tim_ex.c...
compiling stm32f2xx_hal_usart.c...
compiling stm32f2xx_ll_usb.c...
compiling stm32f2xx_ll_fsmc.c...
compiling stm32f2xx_ll_sdmmc.c...
compiling api_lib.c...
compiling api_msg.c...
compiling err.c...
compiling netbuf.c...
compiling netdb.c...
compiling netifapi.c...
compiling sockets.c...
compiling tcpip.c...
compiling def.c...
compiling dhcp.c...
compiling dns.c...
compiling init.c...
compiling lwip_timers.c...
compiling mem.c...
compiling memp.c...
compiling netif.c...
compiling pbuf.c...
compiling raw.c...
compiling stats.c...
compiling sys.c...
compiling tcp.c...
compiling tcp_in.c...
compiling tcp_out.c...
compiling udp.c...
compiling autoip.c...
compiling icmp.c...
compiling igmp.c...
compiling inet.c...
compiling inet_chksum.c...
compiling ip.c...
compiling ip_addr.c...
compiling ip_frag.c...
compiling etharp.c...
compiling cpu_core.c...
assembling cpu_a.asm...
compiling cpu_c.c...
compiling lib_ascii.c...
compiling lib_math.c...
compiling lib_mem.c...
..\Micrium\Software\uC-LIB\lib_mem.c(2716): warning: C3017W: p_blks may be used before being set
compiling lib_str.c...
..\Micrium\Software\uC-LIB\lib_str.c(3473): warning: C3017W: nbr_neg_fmtd may be used before being set
..\Micrium\Software\uC-LIB\lib_str.c(3459): warning: C3017W: nbr_fmt may be used before being set
assembling os_cpu_a.asm...
compiling os_cpu_c.c...
compiling os_dbg.c...
compiling os_core.c...
compiling os_flag.c...
compiling os_mbox.c...
compiling os_mem.c...
compiling os_mutex.c...
compiling os_q.c...
compiling os_sem.c...
compiling os_task.c...
compiling os_time.c...
compiling os_tmr.c...
compiling cpu_bsp.c...
compiling main.c...
..\User\Src\main.c(120): warning:  #177-D: variable "FlagCycle2s" was declared but never referenced
..\User\Src\main.c(576): warning:  #223-D: function "OSSysTickInit" declared implicitly
..\User\Src\main.c(572): warning:  #177-D: variable "err" was declared but never referenced
compiling stm32f2xx_it.c...
compiling stm32f2xx_hal_msp.c...
compiling CAN.c...
compiling DEFINE.c...
compiling AM2321.c...
compiling IC_driver.c...
compiling language.c...
compiling ds18b20.c...
compiling TIMER.C...
compiling PM.c...
compiling cmd_queue.c...
compiling hmi.c...
compiling hmi_driver.c...
compiling usart.c...
compiling AT45DB161.c...
compiling tcp_echoclient.c...
..\User\Src\tcp_echoclient.c(141): warning:  #177-D: function "tcp_echoclient_connected" was declared but never referenced
compiling app_ethernet.c...
compiling ethernetif.c...
compiling ETH.c...
linking...
.\Obj\DCchargeMain.axf: Error: L6218E: Undefined symbol OSSysTickInit (referred from main.o).
Target not created
Rebuild target 'DCMain'
assembling startup_stm32f207xx.s...
compiling system_stm32f2xx.c...
compiling stm32f2xx_hal.c...
compiling stm32f2xx_hal_cortex.c...
compiling stm32f2xx_hal_crc.c...
compiling stm32f2xx_hal_cryp.c...
compiling stm32f2xx_hal_dcmi.c...
compiling stm32f2xx_hal_gpio.c...
compiling stm32f2xx_hal_hash.c...
compiling stm32f2xx_hal_hcd.c...
compiling stm32f2xx_hal_irda.c...
compiling stm32f2xx_hal_iwdg.c...
compiling stm32f2xx_hal_nor.c...
compiling stm32f2xx_hal_pccard.c...
compiling stm32f2xx_hal_pcd.c...
compiling stm32f2xx_hal_pwr.c...
compiling stm32f2xx_hal_pwr_ex.c...
compiling stm32f2xx_hal_rcc.c...
compiling stm32f2xx_hal_rcc_ex.c...
compiling stm32f2xx_hal_rng.c...
compiling stm32f2xx_hal_smartcard.c...
compiling stm32f2xx_hal_wwdg.c...
compiling stm32f2xx_hal_uart.c...
compiling stm32f2xx_hal_dma.c...
compiling stm32f2xx_hal_dma_ex.c...
compiling stm32f2xx_hal_can.c...
compiling stm32f2xx_hal_eth.c...
compiling stm32f2xx_hal_flash.c...
compiling stm32f2xx_hal_flash_ex.c...
compiling stm32f2xx_hal_i2c.c...
compiling stm32f2xx_hal_rtc.c...
compiling stm32f2xx_hal_rtc_ex.c...
compiling stm32f2xx_hal_tim.c...
compiling stm32f2xx_hal_tim_ex.c...
compiling stm32f2xx_hal_usart.c...
compiling stm32f2xx_ll_usb.c...
compiling stm32f2xx_ll_fsmc.c...
compiling stm32f2xx_ll_sdmmc.c...
compiling api_lib.c...
compiling api_msg.c...
compiling err.c...
compiling netbuf.c...
compiling netdb.c...
compiling netifapi.c...
compiling sockets.c...
compiling tcpip.c...
compiling def.c...
compiling dhcp.c...
compiling dns.c...
compiling init.c...
compiling lwip_timers.c...
compiling mem.c...
compiling memp.c...
compiling netif.c...
compiling pbuf.c...
compiling raw.c...
compiling stats.c...
compiling sys.c...
compiling tcp.c...
compiling tcp_in.c...
compiling tcp_out.c...
compiling udp.c...
compiling autoip.c...
compiling icmp.c...
compiling igmp.c...
compiling inet.c...
compiling inet_chksum.c...
compiling ip.c...
compiling ip_addr.c...
compiling ip_frag.c...
compiling etharp.c...
compiling cpu_core.c...
assembling cpu_a.asm...
compiling cpu_c.c...
compiling lib_ascii.c...
compiling lib_math.c...
compiling lib_mem.c...
..\Micrium\Software\uC-LIB\lib_mem.c(2716): warning: C3017W: p_blks may be used before being set
compiling lib_str.c...
..\Micrium\Software\uC-LIB\lib_str.c(3473): warning: C3017W: nbr_neg_fmtd may be used before being set
..\Micrium\Software\uC-LIB\lib_str.c(3459): warning: C3017W: nbr_fmt may be used before being set
assembling os_cpu_a.asm...
compiling os_cpu_c.c...
compiling os_dbg.c...
compiling os_core.c...
compiling os_flag.c...
compiling os_mbox.c...
compiling os_mem.c...
compiling os_mutex.c...
compiling os_q.c...
compiling os_sem.c...
compiling os_task.c...
compiling os_time.c...
compiling os_tmr.c...
compiling cpu_bsp.c...
compiling main.c...
..\User\Src\main.c(120): warning:  #177-D: variable "FlagCycle2s" was declared but never referenced
..\User\Src\main.c(572): warning:  #177-D: variable "err" was declared but never referenced
compiling stm32f2xx_it.c...
compiling stm32f2xx_hal_msp.c...
compiling CAN.c...
compiling DEFINE.c...
compiling AM2321.c...
compiling IC_driver.c...
compiling language.c...
compiling ds18b20.c...
compiling TIMER.C...
compiling PM.c...
compiling cmd_queue.c...
compiling hmi.c...
compiling hmi_driver.c...
compiling usart.c...
compiling AT45DB161.c...
compiling tcp_echoclient.c...
..\User\Src\tcp_echoclient.c(141): warning:  #177-D: function "tcp_echoclient_connected" was declared but never referenced
compiling app_ethernet.c...
compiling ethernetif.c...
compiling ETH.c...
linking...
Program Size: Code=39078 RO-data=954 RW-data=676 ZI-data=49676  
FromELF: creating hex file...
".\Obj\DCchargeMain.axf" - 0 Error(s), 6 Warning(s).
Rebuild target 'DCMain'
assembling startup_stm32f207xx.s...
compiling system_stm32f2xx.c...
compiling stm32f2xx_hal.c...
compiling stm32f2xx_hal_cortex.c...
compiling stm32f2xx_hal_crc.c...
compiling stm32f2xx_hal_cryp.c...
compiling stm32f2xx_hal_dcmi.c...
compiling stm32f2xx_hal_gpio.c...
compiling stm32f2xx_hal_hash.c...
compiling stm32f2xx_hal_hcd.c...
compiling stm32f2xx_hal_irda.c...
compiling stm32f2xx_hal_iwdg.c...
compiling stm32f2xx_hal_nor.c...
compiling stm32f2xx_hal_pccard.c...
compiling stm32f2xx_hal_pcd.c...
compiling stm32f2xx_hal_pwr.c...
compiling stm32f2xx_hal_pwr_ex.c...
compiling stm32f2xx_hal_rcc.c...
compiling stm32f2xx_hal_rcc_ex.c...
compiling stm32f2xx_hal_rng.c...
compiling stm32f2xx_hal_smartcard.c...
compiling stm32f2xx_hal_wwdg.c...
compiling stm32f2xx_hal_uart.c...
compiling stm32f2xx_hal_dma.c...
compiling stm32f2xx_hal_dma_ex.c...
compiling stm32f2xx_hal_can.c...
compiling stm32f2xx_hal_eth.c...
compiling stm32f2xx_hal_flash.c...
compiling stm32f2xx_hal_flash_ex.c...
compiling stm32f2xx_hal_i2c.c...
compiling stm32f2xx_hal_rtc.c...
compiling stm32f2xx_hal_rtc_ex.c...
compiling stm32f2xx_hal_tim.c...
compiling stm32f2xx_hal_tim_ex.c...
compiling stm32f2xx_hal_usart.c...
compiling stm32f2xx_ll_usb.c...
compiling stm32f2xx_ll_fsmc.c...
compiling stm32f2xx_ll_sdmmc.c...
compiling api_lib.c...
compiling api_msg.c...
compiling err.c...
compiling netbuf.c...
compiling netdb.c...
compiling netifapi.c...
compiling sockets.c...
compiling tcpip.c...
compiling def.c...
compiling dhcp.c...
compiling dns.c...
compiling init.c...
compiling lwip_timers.c...
compiling mem.c...
compiling memp.c...
compiling netif.c...
compiling pbuf.c...
compiling raw.c...
compiling stats.c...
compiling sys.c...
compiling tcp.c...
compiling tcp_in.c...
compiling tcp_out.c...
compiling udp.c...
compiling autoip.c...
compiling icmp.c...
compiling igmp.c...
compiling inet.c...
compiling inet_chksum.c...
compiling ip.c...
compiling ip_addr.c...
compiling ip_frag.c...
compiling etharp.c...
compiling cpu_core.c...
assembling cpu_a.asm...
compiling cpu_c.c...
compiling lib_ascii.c...
compiling lib_math.c...
compiling lib_mem.c...
..\Micrium\Software\uC-LIB\lib_mem.c(2716): warning: C3017W: p_blks may be used before being set
compiling lib_str.c...
..\Micrium\Software\uC-LIB\lib_str.c(3473): warning: C3017W: nbr_neg_fmtd may be used before being set
..\Micrium\Software\uC-LIB\lib_str.c(3459): warning: C3017W: nbr_fmt may be used before being set
assembling os_cpu_a.asm...
compiling os_cpu_c.c...
compiling os_dbg.c...
compiling os_core.c...
compiling os_flag.c...
compiling os_mbox.c...
compiling os_mem.c...
compiling os_mutex.c...
compiling os_q.c...
compiling os_sem.c...
compiling os_task.c...
compiling os_time.c...
compiling os_tmr.c...
compiling cpu_bsp.c...
compiling main.c...
..\User\Src\main.c(120): warning:  #177-D: variable "FlagCycle2s" was declared but never referenced
..\User\Src\main.c(572): warning:  #177-D: variable "err" was declared but never referenced
compiling stm32f2xx_it.c...
compiling stm32f2xx_hal_msp.c...
compiling CAN.c...
compiling DEFINE.c...
compiling AM2321.c...
compiling IC_driver.c...
compiling language.c...
compiling ds18b20.c...
compiling TIMER.C...
compiling PM.c...
compiling cmd_queue.c...
compiling hmi.c...
compiling hmi_driver.c...
compiling usart.c...
compiling AT45DB161.c...
compiling tcp_echoclient.c...
..\User\Src\tcp_echoclient.c(141): warning:  #177-D: function "tcp_echoclient_connected" was declared but never referenced
compiling app_ethernet.c...
compiling ethernetif.c...
compiling ETH.c...
linking...
Program Size: Code=39114 RO-data=954 RW-data=676 ZI-data=49676  
FromELF: creating hex file...
".\Obj\DCchargeMain.axf" - 0 Error(s), 6 Warning(s).
Load "C:\\Users\\Administrator\\Desktop\\DC_charge_STM32_UCOS IIV2.92   20150804\\Project\\Obj\\DCchargeMain.AXF" 
Load "C:\\Users\\Administrator\\Desktop\\DC_charge_STM32_UCOS IIV2.92   20150804\\Project\\Obj\\DCchargeMain.AXF" 
Load "C:\\Users\\Administrator\\Desktop\\DC_charge_STM32_UCOS IIV2.92   20150804\\Project\\Obj\\DCchargeMain.AXF" 
* JLink Info: Device "STM32F207ZG" selected (1024 KB flash, 64 KB RAM).
Set JLink Project File to "C:\Users\Administrator\Desktop\DC_charge_STM32_UCOS IIV2.92   20150804\Project\JLinkSettings.ini"
 
JLink info:
------------
DLL: V4.50l, compiled Jul  9 2012 15:02:49
Firmware: J-Link ARM V8 compiled Jun 19 2012 11:29:30
Hardware: V8.00
S/N : 89898989 
Feature(s) : RDI,FlashDL,FlashBP,JFlash,GDBFULL 
 
* JLink Info: Found SWD-DP with ID 0x2BA01477
* JLink Info: Found SWD-DP with ID 0x2BA01477
* JLink Info: TPIU fitted.
* JLink Info: ETM fitted.
* JLink Info: FPUnit: 6 code (BP) slots and 2 literal slots
* JLink Info: Found Cortex-M3 r2p0, Little endian.
ROMTableAddr = 0xE00FF003
 
Target info:
------------
Device: STM32F207ZG
VTarget = 3.235V
State of Pins: 
TCK: 0, TDI: 1, TDO: 1, TMS: 1, TRES: 1, TRST: 1
Hardware-Breakpoints: 6
Software-Breakpoints: 8192
Watchpoints:          4
JTAG speed: 2000 kHz
 
Erase Done.
Programming Done.
Verify OK.
Build target 'DCMain'
compiling stm32f2xx_it.c...
..\User\Src\stm32f2xx_it.c(165): error:  #20: identifier "OS_CPU_SR" is undefined
..\User\Src\stm32f2xx_it.c(168): warning:  #223-D: function "OS_ENTER_CRITICAL" declared implicitly
..\User\Src\stm32f2xx_it.c(169): error:  #20: identifier "OSIntNesting" is undefined
..\User\Src\stm32f2xx_it.c(170): warning:  #223-D: function "OS_EXIT_CRITICAL" declared implicitly
..\User\Src\stm32f2xx_it.c(172): warning:  #223-D: function "OSTimeTick" declared implicitly
..\User\Src\stm32f2xx_it.c(174): warning:  #223-D: function "OSIntExit" declared implicitly
Target not created
Build target 'DCMain'
compiling stm32f2xx_it.c...
linking...
Program Size: Code=39638 RO-data=954 RW-data=676 ZI-data=49676  
FromELF: creating hex file...
".\Obj\DCchargeMain.axf" - 0 Error(s), 0 Warning(s).
Rebuild target 'DCMain'
assembling startup_stm32f207xx.s...
compiling system_stm32f2xx.c...
compiling stm32f2xx_hal.c...
compiling stm32f2xx_hal_cortex.c...
compiling stm32f2xx_hal_crc.c...
compiling stm32f2xx_hal_cryp.c...
compiling stm32f2xx_hal_dcmi.c...
compiling stm32f2xx_hal_gpio.c...
compiling stm32f2xx_hal_hash.c...
compiling stm32f2xx_hal_hcd.c...
compiling stm32f2xx_hal_irda.c...
compiling stm32f2xx_hal_iwdg.c...
compiling stm32f2xx_hal_nor.c...
compiling stm32f2xx_hal_pccard.c...
compiling stm32f2xx_hal_pcd.c...
compiling stm32f2xx_hal_pwr.c...
compiling stm32f2xx_hal_pwr_ex.c...
compiling stm32f2xx_hal_rcc.c...
compiling stm32f2xx_hal_rcc_ex.c...
compiling stm32f2xx_hal_rng.c...
compiling stm32f2xx_hal_smartcard.c...
compiling stm32f2xx_hal_wwdg.c...
compiling stm32f2xx_hal_uart.c...
compiling stm32f2xx_hal_dma.c...
compiling stm32f2xx_hal_dma_ex.c...
compiling stm32f2xx_hal_can.c...
compiling stm32f2xx_hal_eth.c...
compiling stm32f2xx_hal_flash.c...
compiling stm32f2xx_hal_flash_ex.c...
compiling stm32f2xx_hal_i2c.c...
compiling stm32f2xx_hal_rtc.c...
compiling stm32f2xx_hal_rtc_ex.c...
compiling stm32f2xx_hal_tim.c...
compiling stm32f2xx_hal_tim_ex.c...
compiling stm32f2xx_hal_usart.c...
compiling stm32f2xx_ll_usb.c...
compiling stm32f2xx_ll_fsmc.c...
compiling stm32f2xx_ll_sdmmc.c...
compiling api_lib.c...
compiling api_msg.c...
compiling err.c...
compiling netbuf.c...
compiling netdb.c...
compiling netifapi.c...
compiling sockets.c...
compiling tcpip.c...
compiling def.c...
compiling dhcp.c...
compiling dns.c...
compiling init.c...
compiling lwip_timers.c...
compiling mem.c...
compiling memp.c...
compiling netif.c...
compiling pbuf.c...
compiling raw.c...
compiling stats.c...
compiling sys.c...
compiling tcp.c...
compiling tcp_in.c...
compiling tcp_out.c...
compiling udp.c...
compiling autoip.c...
compiling icmp.c...
compiling igmp.c...
compiling inet.c...
compiling inet_chksum.c...
compiling ip.c...
compiling ip_addr.c...
compiling ip_frag.c...
compiling etharp.c...
compiling cpu_core.c...
assembling cpu_a.asm...
compiling cpu_c.c...
compiling lib_ascii.c...
compiling lib_math.c...
compiling lib_mem.c...
..\Micrium\Software\uC-LIB\lib_mem.c(2716): warning: C3017W: p_blks may be used before being set
compiling lib_str.c...
..\Micrium\Software\uC-LIB\lib_str.c(3473): warning: C3017W: nbr_neg_fmtd may be used before being set
..\Micrium\Software\uC-LIB\lib_str.c(3459): warning: C3017W: nbr_fmt may be used before being set
assembling os_cpu_a.asm...
compiling os_cpu_c.c...
compiling os_dbg.c...
compiling os_core.c...
compiling os_flag.c...
compiling os_mbox.c...
compiling os_mem.c...
compiling os_mutex.c...
compiling os_q.c...
compiling os_sem.c...
compiling os_task.c...
compiling os_time.c...
compiling os_tmr.c...
compiling cpu_bsp.c...
compiling main.c...
..\User\Src\main.c(120): warning:  #177-D: variable "FlagCycle2s" was declared but never referenced
..\User\Src\main.c(572): warning:  #177-D: variable "err" was declared but never referenced
compiling stm32f2xx_it.c...
compiling stm32f2xx_hal_msp.c...
compiling CAN.c...
compiling DEFINE.c...
compiling AM2321.c...
compiling IC_driver.c...
compiling language.c...
compiling ds18b20.c...
compiling TIMER.C...
compiling PM.c...
compiling cmd_queue.c...
compiling hmi.c...
compiling hmi_driver.c...
compiling usart.c...
compiling AT45DB161.c...
compiling tcp_echoclient.c...
..\User\Src\tcp_echoclient.c(141): warning:  #177-D: function "tcp_echoclient_connected" was declared but never referenced
compiling app_ethernet.c...
compiling ethernetif.c...
compiling ETH.c...
linking...
Program Size: Code=39638 RO-data=954 RW-data=676 ZI-data=49676  
FromELF: creating hex file...
".\Obj\DCchargeMain.axf" - 0 Error(s), 6 Warning(s).
Rebuild target 'DCMain'
assembling startup_stm32f207xx.s...
compiling system_stm32f2xx.c...
compiling stm32f2xx_hal.c...
compiling stm32f2xx_hal_cortex.c...
compiling stm32f2xx_hal_crc.c...
compiling stm32f2xx_hal_cryp.c...
compiling stm32f2xx_hal_dcmi.c...
compiling stm32f2xx_hal_gpio.c...
compiling stm32f2xx_hal_hash.c...
compiling stm32f2xx_hal_hcd.c...
compiling stm32f2xx_hal_irda.c...
compiling stm32f2xx_hal_iwdg.c...
compiling stm32f2xx_hal_nor.c...
compiling stm32f2xx_hal_pccard.c...
compiling stm32f2xx_hal_pcd.c...
compiling stm32f2xx_hal_pwr.c...
compiling stm32f2xx_hal_pwr_ex.c...
compiling stm32f2xx_hal_rcc.c...
compiling stm32f2xx_hal_rcc_ex.c...
compiling stm32f2xx_hal_rng.c...
compiling stm32f2xx_hal_smartcard.c...
compiling stm32f2xx_hal_wwdg.c...
compiling stm32f2xx_hal_uart.c...
compiling stm32f2xx_hal_dma.c...
compiling stm32f2xx_hal_dma_ex.c...
compiling stm32f2xx_hal_can.c...
compiling stm32f2xx_hal_eth.c...
compiling stm32f2xx_hal_flash.c...
compiling stm32f2xx_hal_flash_ex.c...
compiling stm32f2xx_hal_i2c.c...
compiling stm32f2xx_hal_rtc.c...
compiling stm32f2xx_hal_rtc_ex.c...
compiling stm32f2xx_hal_tim.c...
compiling stm32f2xx_hal_tim_ex.c...
compiling stm32f2xx_hal_usart.c...
compiling stm32f2xx_ll_usb.c...
compiling stm32f2xx_ll_fsmc.c...
compiling stm32f2xx_ll_sdmmc.c...
compiling api_lib.c...
compiling api_msg.c...
compiling err.c...
compiling netbuf.c...
compiling netdb.c...
compiling netifapi.c...
compiling sockets.c...
compiling tcpip.c...
compiling def.c...
compiling dhcp.c...
compiling dns.c...
compiling init.c...
compiling lwip_timers.c...
compiling mem.c...
compiling memp.c...
compiling netif.c...
compiling pbuf.c...
compiling raw.c...
compiling stats.c...
compiling sys.c...
compiling tcp.c...
compiling tcp_in.c...
compiling tcp_out.c...
compiling udp.c...
compiling autoip.c...
compiling icmp.c...
compiling igmp.c...
compiling inet.c...
compiling inet_chksum.c...
compiling ip.c...
compiling ip_addr.c...
compiling ip_frag.c...
compiling etharp.c...
compiling cpu_core.c...
assembling cpu_a.asm...
compiling cpu_c.c...
compiling lib_ascii.c...
compiling lib_math.c...
compiling lib_mem.c...
..\Micrium\Software\uC-LIB\lib_mem.c(2716): warning: C3017W: p_blks may be used before being set
compiling lib_str.c...
..\Micrium\Software\uC-LIB\lib_str.c(3473): warning: C3017W: nbr_neg_fmtd may be used before being set
..\Micrium\Software\uC-LIB\lib_str.c(3459): warning: C3017W: nbr_fmt may be used before being set
assembling os_cpu_a.asm...
compiling os_cpu_c.c...
compiling os_dbg.c...
compiling os_core.c...
compiling os_flag.c...
compiling os_mbox.c...
compiling os_mem.c...
compiling os_mutex.c...
compiling os_q.c...
compiling os_sem.c...
compiling os_task.c...
compiling os_time.c...
compiling os_tmr.c...
compiling cpu_bsp.c...
compiling main.c...
..\User\Src\main.c(120): warning:  #177-D: variable "FlagCycle2s" was declared but never referenced
..\User\Src\main.c(572): warning:  #177-D: variable "err" was declared but never referenced
compiling stm32f2xx_it.c...
compiling stm32f2xx_hal_msp.c...
compiling CAN.c...
compiling DEFINE.c...
compiling AM2321.c...
compiling IC_driver.c...
compiling language.c...
compiling ds18b20.c...
compiling TIMER.C...
compiling PM.c...
compiling cmd_queue.c...
compiling hmi.c...
compiling hmi_driver.c...
compiling usart.c...
compiling AT45DB161.c...
compiling tcp_echoclient.c...
..\User\Src\tcp_echoclient.c(141): warning:  #177-D: function "tcp_echoclient_connected" was declared but never referenced
compiling app_ethernet.c...
compiling ethernetif.c...
compiling ETH.c...
linking...
Program Size: Code=39658 RO-data=954 RW-data=676 ZI-data=49676  
FromELF: creating hex file...
".\Obj\DCchargeMain.axf" - 0 Error(s), 6 Warning(s).
Load "C:\\Users\\Administrator\\Desktop\\DC_charge_STM32_UCOS IIV2.92   20150804\\Project\\Obj\\DCchargeMain.AXF" 
* JLink Info: Device "STM32F207ZG" selected (1024 KB flash, 64 KB RAM).
Set JLink Project File to "C:\Users\Administrator\Desktop\DC_charge_STM32_UCOS IIV2.92   20150804\Project\JLinkSettings.ini"
 
JLink info:
------------
DLL: V4.50l, compiled Jul  9 2012 15:02:49
Firmware: J-Link ARM V8 compiled Jun 19 2012 11:29:30
Hardware: V8.00
S/N : 89898989 
Feature(s) : RDI,FlashDL,FlashBP,JFlash,GDBFULL 
 
* JLink Info: Found SWD-DP with ID 0x2BA01477
* JLink Info: Found SWD-DP with ID 0x2BA01477
* JLink Info: TPIU fitted.
* JLink Info: ETM fitted.
* JLink Info: FPUnit: 6 code (BP) slots and 2 literal slots
* JLink Info: Found Cortex-M3 r2p0, Little endian.
ROMTableAddr = 0xE00FF003
 
Target info:
------------
Device: STM32F207ZG
VTarget = 3.241V
State of Pins: 
TCK: 0, TDI: 1, TDO: 1, TMS: 1, TRES: 1, TRST: 1
Hardware-Breakpoints: 6
Software-Breakpoints: 8192
Watchpoints:          4
JTAG speed: 2000 kHz
 
Erase Done.
Programming Done.
Verify OK.
Build target 'DCMain'
compiling main.c...
..\User\Src\main.c(120): warning:  #177-D: variable "FlagCycle2s" was declared but never referenced
..\User\Src\main.c(572): warning:  #177-D: variable "err" was declared but never referenced
compiling stm32f2xx_it.c...
linking...
Program Size: Code=36498 RO-data=946 RW-data=672 ZI-data=49008  
FromELF: creating hex file...
".\Obj\DCchargeMain.axf" - 0 Error(s), 2 Warning(s).
Load "C:\\Users\\Administrator\\Desktop\\DC_charge_STM32_UCOS IIV2.92   20150804\\Project\\Obj\\DCchargeMain.AXF" 
* JLink Info: Device "STM32F207ZG" selected (1024 KB flash, 64 KB RAM).
Set JLink Project File to "C:\Users\Administrator\Desktop\DC_charge_STM32_UCOS IIV2.92   20150804\Project\JLinkSettings.ini"
 
JLink info:
------------
DLL: V4.50l, compiled Jul  9 2012 15:02:49
Firmware: J-Link ARM V8 compiled Jun 19 2012 11:29:30
Hardware: V8.00
S/N : 89898989 
Feature(s) : RDI,FlashDL,FlashBP,JFlash,GDBFULL 
 
* JLink Info: Found SWD-DP with ID 0x2BA01477
* JLink Info: Found SWD-DP with ID 0x2BA01477
* JLink Info: TPIU fitted.
* JLink Info: ETM fitted.
* JLink Info: FPUnit: 6 code (BP) slots and 2 literal slots
* JLink Info: Found Cortex-M3 r2p0, Little endian.
ROMTableAddr = 0xE00FF003
 
Target info:
------------
Device: STM32F207ZG
VTarget = 3.241V
State of Pins: 
TCK: 0, TDI: 1, TDO: 1, TMS: 1, TRES: 1, TRST: 1
Hardware-Breakpoints: 6
Software-Breakpoints: 8192
Watchpoints:          4
JTAG speed: 2000 kHz
 
Erase Done.
Programming Done.
Verify OK.
Build target 'DCMain'
compiling main.c...
..\User\Src\main.c(120): warning:  #177-D: variable "FlagCycle2s" was declared but never referenced
..\User\Src\main.c(572): warning:  #177-D: variable "err" was declared but never referenced
linking...
Program Size: Code=35778 RO-data=946 RW-data=672 ZI-data=49008  
FromELF: creating hex file...
".\Obj\DCchargeMain.axf" - 0 Error(s), 2 Warning(s).
Load "C:\\Users\\Administrator\\Desktop\\DC_charge_STM32_UCOS IIV2.92   20150804\\Project\\Obj\\DCchargeMain.AXF" 
* JLink Info: Device "STM32F207ZG" selected (1024 KB flash, 64 KB RAM).
Set JLink Project File to "C:\Users\Administrator\Desktop\DC_charge_STM32_UCOS IIV2.92   20150804\Project\JLinkSettings.ini"
 
JLink info:
------------
DLL: V4.50l, compiled Jul  9 2012 15:02:49
Firmware: J-Link ARM V8 compiled Jun 19 2012 11:29:30
Hardware: V8.00
S/N : 89898989 
Feature(s) : RDI,FlashDL,FlashBP,JFlash,GDBFULL 
 
* JLink Info: Found SWD-DP with ID 0x2BA01477
* JLink Info: Found SWD-DP with ID 0x2BA01477
* JLink Info: TPIU fitted.
* JLink Info: ETM fitted.
* JLink Info: FPUnit: 6 code (BP) slots and 2 literal slots
* JLink Info: Found Cortex-M3 r2p0, Little endian.
ROMTableAddr = 0xE00FF003
 
Target info:
------------
Device: STM32F207ZG
VTarget = 3.241V
State of Pins: 
TCK: 0, TDI: 1, TDO: 1, TMS: 1, TRES: 1, TRST: 1
Hardware-Breakpoints: 6
Software-Breakpoints: 8192
Watchpoints:          4
JTAG speed: 2000 kHz
 
Erase Done.
Programming Done.
Verify OK.
Build target 'DCMain'
compiling main.c...
..\User\Src\main.c(120): warning:  #177-D: variable "FlagCycle2s" was declared but never referenced
..\User\Src\main.c(573): warning:  #177-D: variable "err" was declared but never referenced
..\User\Src\main.c(245): warning:  #177-D: function "SystemResource_Config" was declared but never referenced
..\User\Src\main.c(315): warning:  #177-D: function "BSP_Config" was declared but never referenced
..\User\Src\main.c(344): warning:  #177-D: function "Netif_Config" was declared but never referenced
..\User\Src\main.c(256): warning:  #177-D: function "ModulesInit" was declared but never referenced
linking...
Program Size: Code=14890 RO-data=714 RW-data=512 ZI-data=37984  
FromELF: creating hex file...
".\Obj\DCchargeMain.axf" - 0 Error(s), 6 Warning(s).
Load "C:\\Users\\Administrator\\Desktop\\DC_charge_STM32_UCOS IIV2.92   20150804\\Project\\Obj\\DCchargeMain.AXF" 
* JLink Info: Device "STM32F207ZG" selected (1024 KB flash, 64 KB RAM).
Set JLink Project File to "C:\Users\Administrator\Desktop\DC_charge_STM32_UCOS IIV2.92   20150804\Project\JLinkSettings.ini"
 
JLink info:
------------
DLL: V4.50l, compiled Jul  9 2012 15:02:49
Firmware: J-Link ARM V8 compiled Jun 19 2012 11:29:30
Hardware: V8.00
S/N : 89898989 
Feature(s) : RDI,FlashDL,FlashBP,JFlash,GDBFULL 
 
* JLink Info: Found SWD-DP with ID 0x2BA01477
* JLink Info: Found SWD-DP with ID 0x2BA01477
* JLink Info: TPIU fitted.
* JLink Info: ETM fitted.
* JLink Info: FPUnit: 6 code (BP) slots and 2 literal slots
* JLink Info: Found Cortex-M3 r2p0, Little endian.
ROMTableAddr = 0xE00FF003
 
Target info:
------------
Device: STM32F207ZG
VTarget = 3.241V
State of Pins: 
TCK: 0, TDI: 1, TDO: 1, TMS: 1, TRES: 1, TRST: 1
Hardware-Breakpoints: 6
Software-Breakpoints: 8192
Watchpoints:          4
JTAG speed: 2000 kHz
 
Erase Done.
Programming Done.
Verify OK.
Build target 'DCMain'
compiling main.c...
..\User\Src\main.c(120): warning:  #177-D: variable "FlagCycle2s" was declared but never referenced
..\User\Src\main.c(122): warning:  #177-D: variable "crc" was declared but never referenced
..\User\Src\main.c(574): warning:  #177-D: variable "err" was declared but never referenced
..\User\Src\main.c(246): warning:  #177-D: function "SystemResource_Config" was declared but never referenced
..\User\Src\main.c(316): warning:  #177-D: function "BSP_Config" was declared but never referenced
..\User\Src\main.c(345): warning:  #177-D: function "Netif_Config" was declared but never referenced
..\User\Src\main.c(257): warning:  #177-D: function "ModulesInit" was declared but never referenced
linking...
Program Size: Code=14846 RO-data=714 RW-data=512 ZI-data=37976  
FromELF: creating hex file...
".\Obj\DCchargeMain.axf" - 0 Error(s), 7 Warning(s).
Build target 'DCMain'
compiling main.c...
..\User\Src\main.c(120): warning:  #177-D: variable "FlagCycle2s" was declared but never referenced
..\User\Src\main.c(122): warning:  #177-D: variable "crc" was declared but never referenced
..\User\Src\main.c(574): warning:  #177-D: variable "err" was declared but never referenced
..\User\Src\main.c(246): warning:  #177-D: function "SystemResource_Config" was declared but never referenced
..\User\Src\main.c(316): warning:  #177-D: function "BSP_Config" was declared but never referenced
..\User\Src\main.c(345): warning:  #177-D: function "Netif_Config" was declared but never referenced
..\User\Src\main.c(257): warning:  #177-D: function "ModulesInit" was declared but never referenced
linking...
Program Size: Code=14702 RO-data=714 RW-data=512 ZI-data=37976  
FromELF: creating hex file...
".\Obj\DCchargeMain.axf" - 0 Error(s), 7 Warning(s).
Load "C:\\Users\\Administrator\\Desktop\\DC_charge_STM32_UCOS IIV2.92   20150804\\Project\\Obj\\DCchargeMain.AXF" 
* JLink Info: Device "STM32F207ZG" selected (1024 KB flash, 64 KB RAM).
Set JLink Project File to "C:\Users\Administrator\Desktop\DC_charge_STM32_UCOS IIV2.92   20150804\Project\JLinkSettings.ini"
 
JLink info:
------------
DLL: V4.50l, compiled Jul  9 2012 15:02:49
Firmware: J-Link ARM V8 compiled Jun 19 2012 11:29:30
Hardware: V8.00
S/N : 89898989 
Feature(s) : RDI,FlashDL,FlashBP,JFlash,GDBFULL 
 
* JLink Info: Found SWD-DP with ID 0x2BA01477
* JLink Info: Found SWD-DP with ID 0x2BA01477
* JLink Info: TPIU fitted.
* JLink Info: ETM fitted.
* JLink Info: FPUnit: 6 code (BP) slots and 2 literal slots
* JLink Info: Found Cortex-M3 r2p0, Little endian.
ROMTableAddr = 0xE00FF003
 
Target info:
------------
Device: STM32F207ZG
VTarget = 3.241V
State of Pins: 
TCK: 0, TDI: 1, TDO: 1, TMS: 1, TRES: 1, TRST: 1
Hardware-Breakpoints: 6
Software-Breakpoints: 8192
Watchpoints:          4
JTAG speed: 2000 kHz
 
Erase Done.
Programming Done.
Verify OK.
Build target 'DCMain'
compiling os_cpu_c.c...
compiling os_dbg.c...
compiling os_core.c...
compiling os_flag.c...
compiling os_mbox.c...
compiling os_mem.c...
compiling os_mutex.c...
compiling os_q.c...
compiling os_sem.c...
compiling os_task.c...
compiling os_time.c...
compiling os_tmr.c...
compiling main.c...
..\User\Src\main.c(120): warning:  #177-D: variable "FlagCycle2s" was declared but never referenced
..\User\Src\main.c(122): warning:  #177-D: variable "crc" was declared but never referenced
..\User\Src\main.c(574): warning:  #177-D: variable "err" was declared but never referenced
..\User\Src\main.c(246): warning:  #177-D: function "SystemResource_Config" was declared but never referenced
..\User\Src\main.c(316): warning:  #177-D: function "BSP_Config" was declared but never referenced
..\User\Src\main.c(345): warning:  #177-D: function "Netif_Config" was declared but never referenced
..\User\Src\main.c(257): warning:  #177-D: function "ModulesInit" was declared but never referenced
compiling stm32f2xx_it.c...
linking...
Program Size: Code=14702 RO-data=714 RW-data=512 ZI-data=37976  
FromELF: creating hex file...
".\Obj\DCchargeMain.axf" - 0 Error(s), 7 Warning(s).
Load "C:\\Users\\Administrator\\Desktop\\DC_charge_STM32_UCOS IIV2.92   20150804\\Project\\Obj\\DCchargeMain.AXF" 
* JLink Info: Device "STM32F207ZG" selected (1024 KB flash, 64 KB RAM).
Set JLink Project File to "C:\Users\Administrator\Desktop\DC_charge_STM32_UCOS IIV2.92   20150804\Project\JLinkSettings.ini"
 
JLink info:
------------
DLL: V4.50l, compiled Jul  9 2012 15:02:49
Firmware: J-Link ARM V8 compiled Jun 19 2012 11:29:30
Hardware: V8.00
S/N : 89898989 
Feature(s) : RDI,FlashDL,FlashBP,JFlash,GDBFULL 
 
* JLink Info: Found SWD-DP with ID 0x2BA01477
* JLink Info: Found SWD-DP with ID 0x2BA01477
* JLink Info: TPIU fitted.
* JLink Info: ETM fitted.
* JLink Info: FPUnit: 6 code (BP) slots and 2 literal slots
* JLink Info: Found Cortex-M3 r2p0, Little endian.
ROMTableAddr = 0xE00FF003
 
Target info:
------------
Device: STM32F207ZG
VTarget = 3.241V
State of Pins: 
TCK: 0, TDI: 1, TDO: 1, TMS: 1, TRES: 1, TRST: 1
Hardware-Breakpoints: 6
Software-Breakpoints: 8192
Watchpoints:          4
JTAG speed: 2000 kHz
 
Erase Done.
Programming Done.
Verify OK.
Rebuild target 'DCMain'
assembling startup_stm32f207xx.s...
compiling system_stm32f2xx.c...
compiling stm32f2xx_hal.c...
compiling stm32f2xx_hal_cortex.c...
compiling stm32f2xx_hal_crc.c...
compiling stm32f2xx_hal_cryp.c...
compiling stm32f2xx_hal_dcmi.c...
compiling stm32f2xx_hal_gpio.c...
compiling stm32f2xx_hal_hash.c...
compiling stm32f2xx_hal_hcd.c...
compiling stm32f2xx_hal_irda.c...
compiling stm32f2xx_hal_iwdg.c...
compiling stm32f2xx_hal_nor.c...
compiling stm32f2xx_hal_pccard.c...
compiling stm32f2xx_hal_pcd.c...
compiling stm32f2xx_hal_pwr.c...
compiling stm32f2xx_hal_pwr_ex.c...
compiling stm32f2xx_hal_rcc.c...
compiling stm32f2xx_hal_rcc_ex.c...
compiling stm32f2xx_hal_rng.c...
compiling stm32f2xx_hal_smartcard.c...
compiling stm32f2xx_hal_wwdg.c...
compiling stm32f2xx_hal_uart.c...
compiling stm32f2xx_hal_dma.c...
compiling stm32f2xx_hal_dma_ex.c...
compiling stm32f2xx_hal_can.c...
compiling stm32f2xx_hal_eth.c...
compiling stm32f2xx_hal_flash.c...
compiling stm32f2xx_hal_flash_ex.c...
compiling stm32f2xx_hal_i2c.c...
compiling stm32f2xx_hal_rtc.c...
compiling stm32f2xx_hal_rtc_ex.c...
compiling stm32f2xx_hal_tim.c...
compiling stm32f2xx_hal_tim_ex.c...
compiling stm32f2xx_hal_usart.c...
compiling stm32f2xx_ll_usb.c...
compiling stm32f2xx_ll_fsmc.c...
compiling stm32f2xx_ll_sdmmc.c...
compiling api_lib.c...
compiling api_msg.c...
compiling err.c...
compiling netbuf.c...
compiling netdb.c...
compiling netifapi.c...
compiling sockets.c...
compiling tcpip.c...
compiling def.c...
compiling dhcp.c...
compiling dns.c...
compiling init.c...
compiling lwip_timers.c...
compiling mem.c...
compiling memp.c...
compiling netif.c...
compiling pbuf.c...
compiling raw.c...
compiling stats.c...
compiling sys.c...
compiling tcp.c...
compiling tcp_in.c...
compiling tcp_out.c...
compiling udp.c...
compiling autoip.c...
compiling icmp.c...
compiling igmp.c...
compiling inet.c...
compiling inet_chksum.c...
compiling ip.c...
compiling ip_addr.c...
compiling ip_frag.c...
compiling etharp.c...
compiling cpu_core.c...
assembling cpu_a.asm...
compiling cpu_c.c...
compiling lib_ascii.c...
compiling lib_math.c...
compiling lib_mem.c...
..\Micrium\Software\uC-LIB\lib_mem.c(2716): warning: C3017W: p_blks may be used before being set
compiling lib_str.c...
..\Micrium\Software\uC-LIB\lib_str.c(3473): warning: C3017W: nbr_neg_fmtd may be used before being set
..\Micrium\Software\uC-LIB\lib_str.c(3459): warning: C3017W: nbr_fmt may be used before being set
assembling os_cpu_a.asm...
..\Micrium\Software\uCOS-II\Ports\ARM-Cortex-M3\Generic\RealView\os_cpu_a.asm(42): error: A1137E: Unexpected characters at end of line
..\Micrium\Software\uCOS-II\Ports\ARM-Cortex-M3\Generic\RealView\os_cpu_a.asm(210): error: A1167E: Invalid line start 
compiling os_cpu_c.c...
compiling os_dbg.c...
compiling os_core.c...
compiling os_flag.c...
compiling os_mbox.c...
compiling os_mem.c...
compiling os_mutex.c...
compiling os_q.c...
compiling os_sem.c...
compiling os_task.c...
compiling os_time.c...
compiling os_tmr.c...
compiling cpu_bsp.c...
compiling main.c...
..\User\Src\main.c(120): warning:  #177-D: variable "FlagCycle2s" was declared but never referenced
..\User\Src\main.c(122): warning:  #177-D: variable "crc" was declared but never referenced
..\User\Src\main.c(574): warning:  #177-D: variable "err" was declared but never referenced
..\User\Src\main.c(246): warning:  #177-D: function "SystemResource_Config" was declared but never referenced
..\User\Src\main.c(316): warning:  #177-D: function "BSP_Config" was declared but never referenced
..\User\Src\main.c(345): warning:  #177-D: function "Netif_Config" was declared but never referenced
..\User\Src\main.c(257): warning:  #177-D: function "ModulesInit" was declared but never referenced
compiling stm32f2xx_it.c...
compiling stm32f2xx_hal_msp.c...
compiling CAN.c...
compiling DEFINE.c...
compiling AM2321.c...
compiling IC_driver.c...
compiling language.c...
compiling ds18b20.c...
compiling TIMER.C...
compiling PM.c...
compiling cmd_queue.c...
compiling hmi.c...
compiling hmi_driver.c...
compiling usart.c...
compiling AT45DB161.c...
compiling tcp_echoclient.c...
..\User\Src\tcp_echoclient.c(141): warning:  #177-D: function "tcp_echoclient_connected" was declared but never referenced
compiling app_ethernet.c...
compiling ethernetif.c...
compiling ETH.c...
Target not created
Rebuild target 'DCMain'
assembling startup_stm32f207xx.s...
compiling system_stm32f2xx.c...
compiling stm32f2xx_hal.c...
compiling stm32f2xx_hal_cortex.c...
compiling stm32f2xx_hal_crc.c...
compiling stm32f2xx_hal_cryp.c...
compiling stm32f2xx_hal_dcmi.c...
compiling stm32f2xx_hal_gpio.c...
compiling stm32f2xx_hal_hash.c...
compiling stm32f2xx_hal_hcd.c...
compiling stm32f2xx_hal_irda.c...
compiling stm32f2xx_hal_iwdg.c...
compiling stm32f2xx_hal_nor.c...
compiling stm32f2xx_hal_pccard.c...
compiling stm32f2xx_hal_pcd.c...
compiling stm32f2xx_hal_pwr.c...
compiling stm32f2xx_hal_pwr_ex.c...
compiling stm32f2xx_hal_rcc.c...
compiling stm32f2xx_hal_rcc_ex.c...
compiling stm32f2xx_hal_rng.c...
compiling stm32f2xx_hal_smartcard.c...
compiling stm32f2xx_hal_wwdg.c...
compiling stm32f2xx_hal_uart.c...
compiling stm32f2xx_hal_dma.c...
compiling stm32f2xx_hal_dma_ex.c...
compiling stm32f2xx_hal_can.c...
compiling stm32f2xx_hal_eth.c...
compiling stm32f2xx_hal_flash.c...
compiling stm32f2xx_hal_flash_ex.c...
compiling stm32f2xx_hal_i2c.c...
compiling stm32f2xx_hal_rtc.c...
compiling stm32f2xx_hal_rtc_ex.c...
compiling stm32f2xx_hal_tim.c...
compiling stm32f2xx_hal_tim_ex.c...
compiling stm32f2xx_hal_usart.c...
compiling stm32f2xx_ll_usb.c...
compiling stm32f2xx_ll_fsmc.c...
compiling stm32f2xx_ll_sdmmc.c...
compiling api_lib.c...
compiling api_msg.c...
compiling err.c...
compiling netbuf.c...
compiling netdb.c...
compiling netifapi.c...
compiling sockets.c...
compiling tcpip.c...
compiling def.c...
compiling dhcp.c...
compiling dns.c...
compiling init.c...
compiling lwip_timers.c...
compiling mem.c...
compiling memp.c...
compiling netif.c...
compiling pbuf.c...
compiling raw.c...
compiling stats.c...
compiling sys.c...
compiling tcp.c...
compiling tcp_in.c...
compiling tcp_out.c...
compiling udp.c...
compiling autoip.c...
compiling icmp.c...
compiling igmp.c...
compiling inet.c...
compiling inet_chksum.c...
compiling ip.c...
compiling ip_addr.c...
compiling ip_frag.c...
compiling etharp.c...
compiling cpu_core.c...
assembling cpu_a.asm...
compiling cpu_c.c...
compiling lib_ascii.c...
compiling lib_math.c...
compiling lib_mem.c...
..\Micrium\Software\uC-LIB\lib_mem.c(2716): warning: C3017W: p_blks may be used before being set
compiling lib_str.c...
..\Micrium\Software\uC-LIB\lib_str.c(3473): warning: C3017W: nbr_neg_fmtd may be used before being set
..\Micrium\Software\uC-LIB\lib_str.c(3459): warning: C3017W: nbr_fmt may be used before being set
assembling os_cpu_a.asm...
compiling os_cpu_c.c...
compiling os_dbg.c...
compiling os_core.c...
compiling os_flag.c...
compiling os_mbox.c...
compiling os_mem.c...
compiling os_mutex.c...
compiling os_q.c...
compiling os_sem.c...
compiling os_task.c...
compiling os_time.c...
compiling os_tmr.c...
compiling cpu_bsp.c...
compiling main.c...
..\User\Src\main.c(120): warning:  #177-D: variable "FlagCycle2s" was declared but never referenced
..\User\Src\main.c(122): warning:  #177-D: variable "crc" was declared but never referenced
..\User\Src\main.c(574): warning:  #177-D: variable "err" was declared but never referenced
..\User\Src\main.c(246): warning:  #177-D: function "SystemResource_Config" was declared but never referenced
..\User\Src\main.c(316): warning:  #177-D: function "BSP_Config" was declared but never referenced
..\User\Src\main.c(345): warning:  #177-D: function "Netif_Config" was declared but never referenced
..\User\Src\main.c(257): warning:  #177-D: function "ModulesInit" was declared but never referenced
compiling stm32f2xx_it.c...
compiling stm32f2xx_hal_msp.c...
compiling CAN.c...
compiling DEFINE.c...
compiling AM2321.c...
compiling IC_driver.c...
compiling language.c...
compiling ds18b20.c...
compiling TIMER.C...
compiling PM.c...
compiling cmd_queue.c...
compiling hmi.c...
compiling hmi_driver.c...
compiling usart.c...
compiling AT45DB161.c...
compiling tcp_echoclient.c...
..\User\Src\tcp_echoclient.c(141): warning:  #177-D: function "tcp_echoclient_connected" was declared but never referenced
compiling app_ethernet.c...
compiling ethernetif.c...
compiling ETH.c...
linking...
Program Size: Code=14158 RO-data=714 RW-data=512 ZI-data=37976  
FromELF: creating hex file...
".\Obj\DCchargeMain.axf" - 0 Error(s), 11 Warning(s).
Load "C:\\Users\\Administrator\\Desktop\\DC_charge_STM32_UCOS IIV2.92   20150804\\Project\\Obj\\DCchargeMain.AXF" 
* JLink Info: Device "STM32F207ZG" selected (1024 KB flash, 64 KB RAM).
Set JLink Project File to "C:\Users\Administrator\Desktop\DC_charge_STM32_UCOS IIV2.92   20150804\Project\JLinkSettings.ini"
 
JLink info:
------------
DLL: V4.50l, compiled Jul  9 2012 15:02:49
Firmware: J-Link ARM V8 compiled Jun 19 2012 11:29:30
Hardware: V8.00
S/N : 89898989 
Feature(s) : RDI,FlashDL,FlashBP,JFlash,GDBFULL 
 
* JLink Info: Found SWD-DP with ID 0x2BA01477
* JLink Info: Found SWD-DP with ID 0x2BA01477
* JLink Info: TPIU fitted.
* JLink Info: ETM fitted.
* JLink Info: FPUnit: 6 code (BP) slots and 2 literal slots
* JLink Info: Found Cortex-M3 r2p0, Little endian.
ROMTableAddr = 0xE00FF003
 
Target info:
------------
Device: STM32F207ZG
VTarget = 3.241V
State of Pins: 
TCK: 0, TDI: 1, TDO: 1, TMS: 1, TRES: 1, TRST: 1
Hardware-Breakpoints: 6
Software-Breakpoints: 8192
Watchpoints:          4
JTAG speed: 2000 kHz
 
Erase Done.
Programming Done.
Verify OK.
Rebuild target 'DCMain'
assembling startup_stm32f207xx.s...
compiling system_stm32f2xx.c...
compiling stm32f2xx_hal.c...
compiling stm32f2xx_hal_cortex.c...
compiling stm32f2xx_hal_crc.c...
compiling stm32f2xx_hal_cryp.c...
compiling stm32f2xx_hal_dcmi.c...
compiling stm32f2xx_hal_gpio.c...
compiling stm32f2xx_hal_hash.c...
compiling stm32f2xx_hal_hcd.c...
compiling stm32f2xx_hal_irda.c...
compiling stm32f2xx_hal_iwdg.c...
compiling stm32f2xx_hal_nor.c...
compiling stm32f2xx_hal_pccard.c...
compiling stm32f2xx_hal_pcd.c...
compiling stm32f2xx_hal_pwr.c...
compiling stm32f2xx_hal_pwr_ex.c...
compiling stm32f2xx_hal_rcc.c...
compiling stm32f2xx_hal_rcc_ex.c...
compiling stm32f2xx_hal_rng.c...
compiling stm32f2xx_hal_smartcard.c...
compiling stm32f2xx_hal_wwdg.c...
compiling stm32f2xx_hal_uart.c...
compiling stm32f2xx_hal_dma.c...
compiling stm32f2xx_hal_dma_ex.c...
compiling stm32f2xx_hal_can.c...
compiling stm32f2xx_hal_eth.c...
compiling stm32f2xx_hal_flash.c...
compiling stm32f2xx_hal_flash_ex.c...
compiling stm32f2xx_hal_i2c.c...
compiling stm32f2xx_hal_rtc.c...
compiling stm32f2xx_hal_rtc_ex.c...
compiling stm32f2xx_hal_tim.c...
compiling stm32f2xx_hal_tim_ex.c...
compiling stm32f2xx_hal_usart.c...
compiling stm32f2xx_ll_usb.c...
compiling stm32f2xx_ll_fsmc.c...
compiling stm32f2xx_ll_sdmmc.c...
compiling api_lib.c...
compiling api_msg.c...
compiling err.c...
compiling netbuf.c...
compiling netdb.c...
compiling netifapi.c...
compiling sockets.c...
compiling tcpip.c...
compiling def.c...
compiling dhcp.c...
compiling dns.c...
compiling init.c...
compiling lwip_timers.c...
compiling mem.c...
compiling memp.c...
compiling netif.c...
compiling pbuf.c...
compiling raw.c...
compiling stats.c...
compiling sys.c...
compiling tcp.c...
compiling tcp_in.c...
compiling tcp_out.c...
compiling udp.c...
compiling autoip.c...
compiling icmp.c...
compiling igmp.c...
compiling inet.c...
compiling inet_chksum.c...
compiling ip.c...
compiling ip_addr.c...
compiling ip_frag.c...
compiling etharp.c...
compiling cpu_core.c...
assembling cpu_a.asm...
compiling cpu_c.c...
compiling lib_ascii.c...
compiling lib_math.c...
compiling lib_mem.c...
..\Micrium\Software\uC-LIB\lib_mem.c(2716): warning: C3017W: p_blks may be used before being set
compiling lib_str.c...
..\Micrium\Software\uC-LIB\lib_str.c(3473): warning: C3017W: nbr_neg_fmtd may be used before being set
..\Micrium\Software\uC-LIB\lib_str.c(3459): warning: C3017W: nbr_fmt may be used before being set
assembling os_cpu_a.asm...
compiling os_cpu_c.c...
compiling os_dbg.c...
compiling os_core.c...
compiling os_flag.c...
compiling os_mbox.c...
compiling os_mem.c...
compiling os_mutex.c...
compiling os_q.c...
compiling os_sem.c...
compiling os_task.c...
compiling os_time.c...
compiling os_tmr.c...
compiling cpu_bsp.c...
compiling main.c...
..\User\Src\main.c(120): warning:  #177-D: variable "FlagCycle2s" was declared but never referenced
..\User\Src\main.c(122): warning:  #177-D: variable "crc" was declared but never referenced
..\User\Src\main.c(574): warning:  #177-D: variable "err" was declared but never referenced
..\User\Src\main.c(246): warning:  #177-D: function "SystemResource_Config" was declared but never referenced
..\User\Src\main.c(316): warning:  #177-D: function "BSP_Config" was declared but never referenced
..\User\Src\main.c(345): warning:  #177-D: function "Netif_Config" was declared but never referenced
..\User\Src\main.c(257): warning:  #177-D: function "ModulesInit" was declared but never referenced
compiling stm32f2xx_it.c...
compiling stm32f2xx_hal_msp.c...
compiling CAN.c...
compiling DEFINE.c...
compiling AM2321.c...
compiling IC_driver.c...
compiling language.c...
compiling ds18b20.c...
compiling TIMER.C...
compiling PM.c...
compiling cmd_queue.c...
compiling hmi.c...
compiling hmi_driver.c...
compiling usart.c...
compiling AT45DB161.c...
compiling tcp_echoclient.c...
..\User\Src\tcp_echoclient.c(141): warning:  #177-D: function "tcp_echoclient_connected" was declared but never referenced
compiling app_ethernet.c...
compiling ethernetif.c...
compiling ETH.c...
linking...
Program Size: Code=14702 RO-data=714 RW-data=512 ZI-data=37976  
FromELF: creating hex file...
".\Obj\DCchargeMain.axf" - 0 Error(s), 11 Warning(s).
Load "C:\\Users\\Administrator\\Desktop\\DC_charge_STM32_UCOS IIV2.92   20150804\\Project\\Obj\\DCchargeMain.AXF" 
* JLink Info: Device "STM32F207ZG" selected (1024 KB flash, 64 KB RAM).
Set JLink Project File to "C:\Users\Administrator\Desktop\DC_charge_STM32_UCOS IIV2.92   20150804\Project\JLinkSettings.ini"
 
JLink info:
------------
DLL: V4.50l, compiled Jul  9 2012 15:02:49
Firmware: J-Link ARM V8 compiled Jun 19 2012 11:29:30
Hardware: V8.00
S/N : 89898989 
Feature(s) : RDI,FlashDL,FlashBP,JFlash,GDBFULL 
 
* JLink Info: Found SWD-DP with ID 0x2BA01477
* JLink Info: Found SWD-DP with ID 0x2BA01477
* JLink Info: TPIU fitted.
* JLink Info: ETM fitted.
* JLink Info: FPUnit: 6 code (BP) slots and 2 literal slots
* JLink Info: Found Cortex-M3 r2p0, Little endian.
ROMTableAddr = 0xE00FF003
 
Target info:
------------
Device: STM32F207ZG
VTarget = 3.241V
State of Pins: 
TCK: 0, TDI: 1, TDO: 1, TMS: 1, TRES: 1, TRST: 1
Hardware-Breakpoints: 6
Software-Breakpoints: 8192
Watchpoints:          4
JTAG speed: 2000 kHz
 
Erase Done.
Programming Done.
Verify OK.
Build target 'DCMain'
compiling main.c...
..\User\Src\main.c(120): warning:  #177-D: variable "FlagCycle2s" was declared but never referenced
..\User\Src\main.c(122): warning:  #177-D: variable "crc" was declared but never referenced
..\User\Src\main.c(574): warning:  #177-D: variable "err" was declared but never referenced
..\User\Src\main.c(246): warning:  #177-D: function "SystemResource_Config" was declared but never referenced
..\User\Src\main.c(316): warning:  #177-D: function "BSP_Config" was declared but never referenced
..\User\Src\main.c(345): warning:  #177-D: function "Netif_Config" was declared but never referenced
..\User\Src\main.c(257): warning:  #177-D: function "ModulesInit" was declared but never referenced
linking...
Program Size: Code=14846 RO-data=714 RW-data=512 ZI-data=37976  
FromELF: creating hex file...
".\Obj\DCchargeMain.axf" - 0 Error(s), 7 Warning(s).
Load "C:\\Users\\Administrator\\Desktop\\DC_charge_STM32_UCOS IIV2.92   20150804\\Project\\Obj\\DCchargeMain.AXF" 
* JLink Info: Device "STM32F207ZG" selected (1024 KB flash, 64 KB RAM).
Set JLink Project File to "C:\Users\Administrator\Desktop\DC_charge_STM32_UCOS IIV2.92   20150804\Project\JLinkSettings.ini"
 
JLink info:
------------
DLL: V4.50l, compiled Jul  9 2012 15:02:49
Firmware: J-Link ARM V8 compiled Jun 19 2012 11:29:30
Hardware: V8.00
S/N : 89898989 
Feature(s) : RDI,FlashDL,FlashBP,JFlash,GDBFULL 
 
* JLink Info: Found SWD-DP with ID 0x2BA01477
* JLink Info: Found SWD-DP with ID 0x2BA01477
* JLink Info: TPIU fitted.
* JLink Info: ETM fitted.
* JLink Info: FPUnit: 6 code (BP) slots and 2 literal slots
* JLink Info: Found Cortex-M3 r2p0, Little endian.
ROMTableAddr = 0xE00FF003
 
Target info:
------------
Device: STM32F207ZG
VTarget = 3.241V
State of Pins: 
TCK: 0, TDI: 1, TDO: 1, TMS: 1, TRES: 1, TRST: 1
Hardware-Breakpoints: 6
Software-Breakpoints: 8192
Watchpoints:          4
JTAG speed: 2000 kHz
 
Erase Done.
Programming Done.
Verify OK.
Build target 'DCMain'
compiling system_stm32f2xx.c...
compiling stm32f2xx_hal.c...
compiling stm32f2xx_hal_cortex.c...
compiling stm32f2xx_hal_crc.c...
compiling stm32f2xx_hal_cryp.c...
compiling stm32f2xx_hal_dcmi.c...
compiling stm32f2xx_hal_gpio.c...
compiling stm32f2xx_hal_hash.c...
compiling stm32f2xx_hal_hcd.c...
compiling stm32f2xx_hal_irda.c...
compiling stm32f2xx_hal_iwdg.c...
compiling stm32f2xx_hal_nor.c...
compiling stm32f2xx_hal_pccard.c...
Project build/rebuild aborted.
Target not created
Rebuild target 'DCMain'
assembling startup_stm32f207xx.s...
compiling system_stm32f2xx.c...
compiling stm32f2xx_hal.c...
compiling stm32f2xx_hal_cortex.c...
compiling stm32f2xx_hal_crc.c...
compiling stm32f2xx_hal_cryp.c...
compiling stm32f2xx_hal_dcmi.c...
compiling stm32f2xx_hal_gpio.c...
compiling stm32f2xx_hal_hash.c...
compiling stm32f2xx_hal_hcd.c...
compiling stm32f2xx_hal_irda.c...
compiling stm32f2xx_hal_iwdg.c...
compiling stm32f2xx_hal_nor.c...
compiling stm32f2xx_hal_pccard.c...
compiling stm32f2xx_hal_pcd.c...
compiling stm32f2xx_hal_pwr.c...
compiling stm32f2xx_hal_pwr_ex.c...
compiling stm32f2xx_hal_rcc.c...
compiling stm32f2xx_hal_rcc_ex.c...
compiling stm32f2xx_hal_rng.c...
compiling stm32f2xx_hal_smartcard.c...
compiling stm32f2xx_hal_wwdg.c...
compiling stm32f2xx_hal_uart.c...
compiling stm32f2xx_hal_dma.c...
compiling stm32f2xx_hal_dma_ex.c...
compiling stm32f2xx_hal_can.c...
compiling stm32f2xx_hal_eth.c...
compiling stm32f2xx_hal_flash.c...
compiling stm32f2xx_hal_flash_ex.c...
compiling stm32f2xx_hal_i2c.c...
compiling stm32f2xx_hal_rtc.c...
compiling stm32f2xx_hal_rtc_ex.c...
compiling stm32f2xx_hal_tim.c...
compiling stm32f2xx_hal_tim_ex.c...
compiling stm32f2xx_hal_usart.c...
compiling stm32f2xx_ll_usb.c...
compiling stm32f2xx_ll_fsmc.c...
compiling stm32f2xx_ll_sdmmc.c...
compiling api_lib.c...
compiling api_msg.c...
compiling err.c...
compiling netbuf.c...
compiling netdb.c...
compiling netifapi.c...
compiling sockets.c...
compiling tcpip.c...
compiling def.c...
compiling dhcp.c...
compiling dns.c...
compiling init.c...
compiling lwip_timers.c...
compiling mem.c...
compiling memp.c...
compiling netif.c...
compiling pbuf.c...
compiling raw.c...
compiling stats.c...
compiling sys.c...
compiling tcp.c...
compiling tcp_in.c...
compiling tcp_out.c...
compiling udp.c...
compiling autoip.c...
compiling icmp.c...
compiling igmp.c...
compiling inet.c...
compiling inet_chksum.c...
compiling ip.c...
compiling ip_addr.c...
compiling ip_frag.c...
compiling etharp.c...
compiling cpu_core.c...
assembling cpu_a.asm...
compiling cpu_c.c...
compiling lib_ascii.c...
compiling lib_math.c...
compiling lib_mem.c...
..\Micrium\Software\uC-LIB\lib_mem.c(2716): warning: C3017W: p_blks may be used before being set
compiling lib_str.c...
..\Micrium\Software\uC-LIB\lib_str.c(3473): warning: C3017W: nbr_neg_fmtd may be used before being set
..\Micrium\Software\uC-LIB\lib_str.c(3459): warning: C3017W: nbr_fmt may be used before being set
assembling os_cpu_a.asm...
compiling os_cpu_c.c...
compiling os_dbg.c...
compiling os_core.c...
compiling os_flag.c...
compiling os_mbox.c...
compiling os_mem.c...
compiling os_mutex.c...
compiling os_q.c...
compiling os_sem.c...
compiling os_task.c...
compiling os_time.c...
compiling os_tmr.c...
compiling cpu_bsp.c...
compiling main.c...
..\User\Src\main.c(112): error:  #148: variable "SYSMonitorTaskStack" has already been initialized
..\User\Src\main.c(122): warning:  #177-D: variable "FlagCycle2s" was declared but never referenced
..\User\Src\main.c(124): warning:  #177-D: variable "crc" was declared but never referenced
..\User\Src\main.c(576): warning:  #177-D: variable "err" was declared but never referenced
..\User\Src\main.c(248): warning:  #177-D: function "SystemResource_Config" was declared but never referenced
..\User\Src\main.c(318): warning:  #177-D: function "BSP_Config" was declared but never referenced
..\User\Src\main.c(347): warning:  #177-D: function "Netif_Config" was declared but never referenced
..\User\Src\main.c(259): warning:  #177-D: function "ModulesInit" was declared but never referenced
compiling stm32f2xx_it.c...
compiling stm32f2xx_hal_msp.c...
compiling CAN.c...
compiling DEFINE.c...
compiling AM2321.c...
compiling IC_driver.c...
compiling language.c...
compiling ds18b20.c...
compiling TIMER.C...
compiling PM.c...
compiling cmd_queue.c...
compiling hmi.c...
compiling hmi_driver.c...
compiling usart.c...
compiling AT45DB161.c...
compiling tcp_echoclient.c...
..\User\Src\tcp_echoclient.c(141): warning:  #177-D: function "tcp_echoclient_connected" was declared but never referenced
compiling app_ethernet.c...
compiling ethernetif.c...
compiling ETH.c...
Target not created
Build target 'DCMain'
compiling main.c...
..\User\Src\main.c(126): warning:  #177-D: variable "FlagCycle2s" was declared but never referenced
..\User\Src\main.c(128): warning:  #177-D: variable "crc" was declared but never referenced
..\User\Src\main.c(580): warning:  #177-D: variable "err" was declared but never referenced
..\User\Src\main.c(252): warning:  #177-D: function "SystemResource_Config" was declared but never referenced
..\User\Src\main.c(322): warning:  #177-D: function "BSP_Config" was declared but never referenced
..\User\Src\main.c(351): warning:  #177-D: function "Netif_Config" was declared but never referenced
..\User\Src\main.c(263): warning:  #177-D: function "ModulesInit" was declared but never referenced
linking...
Program Size: Code=14846 RO-data=714 RW-data=512 ZI-data=37976  
FromELF: creating hex file...
".\Obj\DCchargeMain.axf" - 0 Error(s), 7 Warning(s).
Build target 'DCMain'
linking...
Program Size: Code=14846 RO-data=714 RW-data=512 ZI-data=37976  
FromELF: creating hex file...
".\Obj\DCchargeMain.axf" - 0 Error(s), 0 Warning(s).
Build target 'DCMain'
compiling main.c...
..\User\Src\main.c(126): warning:  #177-D: variable "FlagCycle2s" was declared but never referenced
..\User\Src\main.c(128): warning:  #177-D: variable "crc" was declared but never referenced
..\User\Src\main.c(580): warning:  #177-D: variable "err" was declared but never referenced
..\User\Src\main.c(610): warning:  #177-D: variable "err" was declared but never referenced
..\User\Src\main.c(624): warning:  #177-D: variable "err" was declared but never referenced
..\User\Src\main.c(638): warning:  #177-D: variable "err" was declared but never referenced
..\User\Src\main.c(252): warning:  #177-D: function "SystemResource_Config" was declared but never referenced
..\User\Src\main.c(322): warning:  #177-D: function "BSP_Config" was declared but never referenced
..\User\Src\main.c(351): warning:  #177-D: function "Netif_Config" was declared but never referenced
..\User\Src\main.c(263): warning:  #177-D: function "ModulesInit" was declared but never referenced
linking...
Program Size: Code=15018 RO-data=714 RW-data=512 ZI-data=39512  
FromELF: creating hex file...
".\Obj\DCchargeMain.axf" - 0 Error(s), 10 Warning(s).
Load "C:\\Users\\Administrator\\Desktop\\DC_charge_STM32_UCOS IIV2.92   20150804\\Project\\Obj\\DCchargeMain.AXF" 
* JLink Info: Device "STM32F207ZG" selected (1024 KB flash, 64 KB RAM).
Set JLink Project File to "C:\Users\Administrator\Desktop\DC_charge_STM32_UCOS IIV2.92   20150804\Project\JLinkSettings.ini"
 
JLink info:
------------
DLL: V4.50l, compiled Jul  9 2012 15:02:49
Firmware: J-Link ARM V8 compiled Jun 19 2012 11:29:30
Hardware: V8.00
S/N : 89898989 
Feature(s) : RDI,FlashDL,FlashBP,JFlash,GDBFULL 
 
* JLink Info: Found SWD-DP with ID 0x2BA01477
* JLink Info: Found SWD-DP with ID 0x2BA01477
* JLink Info: TPIU fitted.
* JLink Info: ETM fitted.
* JLink Info: FPUnit: 6 code (BP) slots and 2 literal slots
* JLink Info: Found Cortex-M3 r2p0, Little endian.
ROMTableAddr = 0xE00FF003
 
Target info:
------------
Device: STM32F207ZG
VTarget = 3.241V
State of Pins: 
TCK: 0, TDI: 1, TDO: 1, TMS: 1, TRES: 1, TRST: 1
Hardware-Breakpoints: 6
Software-Breakpoints: 8192
Watchpoints:          4
JTAG speed: 2000 kHz
 
Erase Done.
Programming Done.
Verify OK.
